#-----------------------------------------------------------
# Vivado v2025.1 (64-bit)
# SW Build 6140274 on Wed May 21 22:58:25 MDT 2025
# IP Build 6138677 on Thu May 22 03:10:11 MDT 2025
# SharedData Build 6139179 on Tue May 20 17:58:58 MDT 2025
# Start of session at: Mon Jul 13 00:28:26 2026
# Process ID         : 26917
# Current directory  : /home/fpl2026/dcp_optimizer_run-20260713_002824
# Command line       : vivado -mode tcl -log /home/fpl2026/dcp_optimizer_run-20260713_002824/vivado.log -journal /home/fpl2026/dcp_optimizer_run-20260713_002824/vivado.jou
# Log file           : /home/fpl2026/dcp_optimizer_run-20260713_002824/vivado.log
# Journal file       : /home/fpl2026/dcp_optimizer_run-20260713_002824/vivado.jou
# Running On         : 35ns7cfvpwajp9e9nht0kyrsvp
# Platform           : Ubuntu
# Operating System   : Ubuntu 24.04.4 LTS
# Processor Detail   : AMD EPYC 9V45 96-Core Processor
# CPU Frequency      : 4529.447 MHz
# CPU Physical cores : 4
# CPU Logical cores  : 8
# Host memory        : 33652 MB
# Swap memory        : 0 MB
# Total Virtual      : 33652 MB
# Available Virtual  : 18417 MB
#-----------------------------------------------------------
open_checkpoint {/home/fpl2026/fpl26_contest_benchmarks/logicnets_jscl_2025.1.dcp}
puts {__timing_summary_48697588__}; report_timing_summary -return_string
set contest_clk [get_clocks -quiet clk_fpl26contest]; if {$contest_clk ne {}} {   puts "CLOCK:clk_fpl26contest";   puts [get_property PERIOD $contest_clk]; } else {   set tp [get_timing_paths -max_paths 1 -setup];   if {$tp ne {}} {     set clk [get_property ENDPOINT_CLOCK $tp];     if {$clk ne {}} {       puts "CLOCK:$clk";       puts [get_property PERIOD [get_clocks $clk]];     }   } }
set clk_obj [get_clocks -quiet {clk_fpl26contest}]; if {$clk_obj ne {}} {   set tp [get_timing_paths -max_paths 1 -setup -to $clk_obj];   if {[llength $tp] > 0} {set wns_value [get_property SLACK $tp]} else {set wns_value 0.0}; } else {   set tp [get_timing_paths -max_paths 1 -slack_lesser_than 999];   if {[llength $tp] > 0} {set wns_value [get_property SLACK $tp]} else {set wns_value 0.0} }; puts {WNS_VALUE_BEGIN}; puts $wns_value; puts {WNS_VALUE_END}
set paths [get_timing_paths -max_paths 20 -setup -slack_lesser_than 0]; if {[llength $paths] == 0} {set paths [get_timing_paths -max_paths 20 -setup]}; foreach p $paths {   set slack [get_property SLACK $p];   set start [get_property STARTPOINT_PIN $p];   set end [get_property ENDPOINT_PIN $p];   if {$start eq {}} {set start [get_property STARTPOINT_CELL $p]};   if {$end eq {}} {set end [get_property ENDPOINT_CELL $p]};   puts "PATH|$slack|$start|$end"; }
report_timing -return_string -max_paths 1 -delay_type max
puts {__fanout_analysis_0e092483__}; report_timing -return_string -max_paths 50 -delay_type max -sort_by slack
get_nets {layer1_inst/layer1_N28_inst/data_out[86]_i_2_0}
get_property PARENT [get_nets {layer1_inst/layer1_N28_inst/data_out[86]_i_2_0}]
get_nets {layer0_inst/layer0_N25_inst/M0w[5]}
get_property PARENT [get_nets {layer0_inst/layer0_N25_inst/M0w[5]}]
get_nets {layer1_inst/layer1_N37_inst/M1w[2]}
get_property PARENT [get_nets {layer1_inst/layer1_N37_inst/M1w[2]}]
get_nets {layer2_reg/M2w[166]}
get_property PARENT [get_nets {layer2_reg/M2w[166]}]
get_nets {layer0_inst/layer0_N3_inst/M0w[3]}
get_property PARENT [get_nets {layer0_inst/layer0_N3_inst/M0w[3]}]
get_nets {layer1_inst/layer1_N42_inst/data_out[127]_i_15_4}
get_property PARENT [get_nets {layer1_inst/layer1_N42_inst/data_out[127]_i_15_4}]
get_nets {layer0_inst/layer0_N29_inst/M0w[4]}
get_property PARENT [get_nets {layer0_inst/layer0_N29_inst/M0w[4]}]
get_nets {layer2_reg/M2w[30]}
get_property PARENT [get_nets {layer2_reg/M2w[30]}]
get_nets {layer1_inst/layer1_N0_inst/data_out[2]_i_12_1}
get_property PARENT [get_nets {layer1_inst/layer1_N0_inst/data_out[2]_i_12_1}]
get_nets {layer2_reg/M2w[108]}
get_property PARENT [get_nets {layer2_reg/M2w[108]}]
get_nets {layer1_inst/layer1_N44_inst/M1w[2]}
get_property PARENT [get_nets {layer1_inst/layer1_N44_inst/M1w[2]}]
get_nets {layer0_inst/layer0_N30_inst/M0w[1]}
get_property PARENT [get_nets {layer0_inst/layer0_N30_inst/M0w[1]}]
get_nets {layer0_inst/layer0_N31_inst/M0w[2]}
get_property PARENT [get_nets {layer0_inst/layer0_N31_inst/M0w[2]}]
get_nets {layer1_inst/layer1_N48_inst/M1w[5]}
get_property PARENT [get_nets {layer1_inst/layer1_N48_inst/M1w[5]}]
get_nets {layer2_inst/layer2_N171_inst/M2w[1]}
get_property PARENT [get_nets {layer2_inst/layer2_N171_inst/M2w[1]}]
get_nets {layer1_inst/layer1_N45_inst/M1w[0]}
get_property PARENT [get_nets {layer1_inst/layer1_N45_inst/M1w[0]}]
get_nets {layer2_reg/M2w[142]}
get_property PARENT [get_nets {layer2_reg/M2w[142]}]
get_nets {layer1_inst/layer1_N22_inst/data_out[67]_i_9_0}
get_property PARENT [get_nets {layer1_inst/layer1_N22_inst/data_out[67]_i_9_0}]
get_nets {layer1_inst/layer1_N9_inst/data_out_reg[28]_i_21_0}
get_property PARENT [get_nets {layer1_inst/layer1_N9_inst/data_out_reg[28]_i_21_0}]
get_nets {layer0_inst/layer0_N19_inst/M0w[8]}
get_property PARENT [get_nets {layer0_inst/layer0_N19_inst/M0w[8]}]
get_nets {layer0_inst/layer0_N20_inst/M0w[0]}
get_property PARENT [get_nets {layer0_inst/layer0_N20_inst/M0w[0]}]
get_nets {layer1_inst/layer1_N44_inst/data_out_reg[133]_i_21_1}
get_property PARENT [get_nets {layer1_inst/layer1_N44_inst/data_out_reg[133]_i_21_1}]
get_nets {layer2_reg/data_out_reg[191]_0[83]}
get_property PARENT [get_nets {layer2_reg/data_out_reg[191]_0[83]}]
get_nets {layer2_reg/data_out_reg[91]_rep_n_0}
get_property PARENT [get_nets {layer2_reg/data_out_reg[91]_rep_n_0}]
get_nets {layer1_inst/layer1_N33_inst/data_out[100]_i_7_0}
get_property PARENT [get_nets {layer1_inst/layer1_N33_inst/data_out[100]_i_7_0}]
report_timing -return_string -max_paths 50 -delay_type max -sort_by slack -nworst 1
set _unplaced [llength [get_cells -quiet -hierarchical -filter {IS_PRIMITIVE && STATUS == UNPLACED}]]; puts "STATE_UNPLACED:$_unplaced"
set_delay_model -interconnect none
set _p [lindex [get_timing_paths -max_paths 1 -setup] 0]; if {$_p ne {}} {puts "LOGIC_FLOOR_WNS:[get_property SLACK $_p]"}
set_delay_model -interconnect actual
report_qor_suggestions -return_string
report_timing -return_string -max_paths 1 -delay_type max
place_design -unplace
place_design -directive Default
