#-----------------------------------------------------------
# Vivado v2025.1 (64-bit)
# SW Build 6140274 on Wed May 21 22:58:25 MDT 2025
# IP Build 6138677 on Thu May 22 03:10:11 MDT 2025
# SharedData Build 6139179 on Tue May 20 17:58:58 MDT 2025
# Start of session at: Thu Jul  9 20:25:26 2026
# Process ID         : 60849
# Current directory  : /home/ubuntu/fpl2026/dcp_optimizer_run-20260709_202524
# Command line       : vivado -mode tcl -log /home/ubuntu/fpl2026/dcp_optimizer_run-20260709_202524/vivado.log -journal /home/ubuntu/fpl2026/dcp_optimizer_run-20260709_202524/vivado.jou
# Log file           : /home/ubuntu/fpl2026/dcp_optimizer_run-20260709_202524/vivado.log
# Journal file       : /home/ubuntu/fpl2026/dcp_optimizer_run-20260709_202524/vivado.jou
# Running On         : ip-172-31-40-236
# Platform           : Ubuntu
# Operating System   : Ubuntu 22.04.5 LTS
# Processor Detail   : AMD EPYC 9R14
# CPU Frequency      : 2599.998 MHz
# CPU Physical cores : 8
# CPU Logical cores  : 8
# Host memory        : 32911 MB
# Swap memory        : 0 MB
# Total Virtual      : 32911 MB
# Available Virtual  : 30989 MB
#-----------------------------------------------------------
open_checkpoint {/home/ubuntu/fpl2026/fpl26_contest_benchmarks/logicnets_jscl_2025.1.dcp}
puts {__timing_summary_3867a27f__}; report_timing_summary -return_string
set contest_clk [get_clocks -quiet clk_fpl26contest]; if {$contest_clk ne {}} {   puts "CLOCK:clk_fpl26contest";   puts [get_property PERIOD $contest_clk]; } else {   set tp [get_timing_paths -max_paths 1 -setup];   if {$tp ne {}} {     set clk [get_property ENDPOINT_CLOCK $tp];     if {$clk ne {}} {       puts "CLOCK:$clk";       puts [get_property PERIOD [get_clocks $clk]];     }   } }
set clk_obj [get_clocks -quiet {clk_fpl26contest}]; if {$clk_obj ne {}} {   set tp [get_timing_paths -max_paths 1 -setup -to $clk_obj];   if {[llength $tp] > 0} {set wns_value [get_property SLACK $tp]} else {set wns_value 0.0}; } else {   set tp [get_timing_paths -max_paths 1 -slack_lesser_than 999];   if {[llength $tp] > 0} {set wns_value [get_property SLACK $tp]} else {set wns_value 0.0} }; puts {WNS_VALUE_BEGIN}; puts $wns_value; puts {WNS_VALUE_END}
set paths [get_timing_paths -max_paths 20 -setup -slack_lesser_than 0]; if {[llength $paths] == 0} {set paths [get_timing_paths -max_paths 20 -setup]}; foreach p $paths {   set slack [get_property SLACK $p];   set start [get_property STARTPOINT_PIN $p];   set end [get_property ENDPOINT_PIN $p];   if {$start eq {}} {set start [get_property STARTPOINT_CELL $p]};   if {$end eq {}} {set end [get_property ENDPOINT_CELL $p]};   puts "PATH|$slack|$start|$end"; }
report_timing -return_string -max_paths 1 -delay_type max
puts {__fanout_analysis_a2ac207a__}; report_timing -return_string -max_paths 50 -delay_type max -sort_by slack
get_nets {layer1_inst/layer1_N28_inst/data_out[86]_i_2_0}
get_property PARENT [get_nets {layer1_inst/layer1_N28_inst/data_out[86]_i_2_0}]
get_nets {layer0_inst/layer0_N25_inst/M0w[5]}
get_property PARENT [get_nets {layer0_inst/layer0_N25_inst/M0w[5]}]
get_nets {layer1_inst/layer1_N37_inst/M1w[2]}
get_property PARENT [get_nets {layer1_inst/layer1_N37_inst/M1w[2]}]
get_nets {layer2_reg/M2w[166]}
get_property PARENT [get_nets {layer2_reg/M2w[166]}]
get_nets {layer0_inst/layer0_N3_inst/M0w[3]}
get_property PARENT [get_nets {layer0_inst/layer0_N3_inst/M0w[3]}]
get_nets {layer1_inst/layer1_N42_inst/data_out[127]_i_15_4}
get_property PARENT [get_nets {layer1_inst/layer1_N42_inst/data_out[127]_i_15_4}]
get_nets {layer0_inst/layer0_N29_inst/M0w[4]}
get_property PARENT [get_nets {layer0_inst/layer0_N29_inst/M0w[4]}]
get_nets {layer2_reg/M2w[30]}
get_property PARENT [get_nets {layer2_reg/M2w[30]}]
get_nets {layer1_inst/layer1_N0_inst/data_out[2]_i_12_1}
get_property PARENT [get_nets {layer1_inst/layer1_N0_inst/data_out[2]_i_12_1}]
get_nets {layer2_reg/M2w[108]}
get_property PARENT [get_nets {layer2_reg/M2w[108]}]
get_nets {layer1_inst/layer1_N44_inst/M1w[2]}
get_property PARENT [get_nets {layer1_inst/layer1_N44_inst/M1w[2]}]
get_nets {layer0_inst/layer0_N30_inst/M0w[1]}
get_property PARENT [get_nets {layer0_inst/layer0_N30_inst/M0w[1]}]
get_nets {layer0_inst/layer0_N31_inst/M0w[2]}
get_property PARENT [get_nets {layer0_inst/layer0_N31_inst/M0w[2]}]
get_nets {layer1_inst/layer1_N48_inst/M1w[5]}
get_property PARENT [get_nets {layer1_inst/layer1_N48_inst/M1w[5]}]
get_nets {layer2_inst/layer2_N171_inst/M2w[1]}
get_property PARENT [get_nets {layer2_inst/layer2_N171_inst/M2w[1]}]
get_nets {layer1_inst/layer1_N45_inst/M1w[0]}
get_property PARENT [get_nets {layer1_inst/layer1_N45_inst/M1w[0]}]
get_nets {layer2_reg/M2w[142]}
get_property PARENT [get_nets {layer2_reg/M2w[142]}]
get_nets {layer1_inst/layer1_N22_inst/data_out[67]_i_9_0}
get_property PARENT [get_nets {layer1_inst/layer1_N22_inst/data_out[67]_i_9_0}]
get_nets {layer1_inst/layer1_N9_inst/data_out_reg[28]_i_21_0}
get_property PARENT [get_nets {layer1_inst/layer1_N9_inst/data_out_reg[28]_i_21_0}]
get_nets {layer0_inst/layer0_N19_inst/M0w[8]}
get_property PARENT [get_nets {layer0_inst/layer0_N19_inst/M0w[8]}]
get_nets {layer0_inst/layer0_N20_inst/M0w[0]}
get_property PARENT [get_nets {layer0_inst/layer0_N20_inst/M0w[0]}]
get_nets {layer1_inst/layer1_N44_inst/data_out_reg[133]_i_21_1}
get_property PARENT [get_nets {layer1_inst/layer1_N44_inst/data_out_reg[133]_i_21_1}]
get_nets {layer2_reg/data_out_reg[191]_0[83]}
get_property PARENT [get_nets {layer2_reg/data_out_reg[191]_0[83]}]
get_nets {layer2_reg/data_out_reg[91]_rep_n_0}
get_property PARENT [get_nets {layer2_reg/data_out_reg[91]_rep_n_0}]
get_nets {layer1_inst/layer1_N33_inst/data_out[100]_i_7_0}
get_property PARENT [get_nets {layer1_inst/layer1_N33_inst/data_out[100]_i_7_0}]
report_timing -return_string -max_paths 50 -delay_type max -sort_by slack -nworst 1
puts {__get_wns_89863b7d__}; set clk_obj [get_clocks -quiet {clk_fpl26contest}]; if {$clk_obj ne {}} {   set wns_path [get_timing_paths -max_paths 1 -setup -to $clk_obj];   if {[llength $wns_path] > 0} {get_property SLACK $wns_path} else {puts 0.0} } else {puts {ERROR: clock not found}}
set paths [get_timing_paths -max_paths 20 -setup -slack_lesser_than 0]; if {[llength $paths] == 0} {set paths [get_timing_paths -max_paths 20 -setup]}; foreach p $paths {   set slack [get_property SLACK $p];   set start [get_property STARTPOINT_PIN $p];   set end [get_property ENDPOINT_PIN $p];   if {$start eq {}} {set start [get_property STARTPOINT_CELL $p]};   if {$end eq {}} {set end [get_property ENDPOINT_CELL $p]};   puts "PATH|$slack|$start|$end"; }
report_timing -return_string -max_paths 1 -delay_type max
report_timing -return_string -max_paths 1 -delay_type max
create_pblock pblock_net_delay_001
resize_pblock pblock_net_delay_001 -add {SLICE_X69Y220:SLICE_X79Y272}
set_property IS_SOFT 0 [get_pblocks pblock_net_delay_001]
add_cells_to_pblock pblock_net_delay_001 [get_cells -hierarchical]
llength [get_cells -of_objects [get_pblocks pblock_net_delay_001]]
report_property [get_pblocks pblock_net_delay_001]
report_drc -checks {UTLZ-1 UTLZ-2} -file {/home/ubuntu/fpl2026/VivadoMCP/drc_check_pblock_net_delay_001.rpt}
file size {/home/ubuntu/fpl2026/VivadoMCP/drc_check_pblock_net_delay_001.rpt}
delete_pblocks [get_pblocks pblock_net_delay_001]
create_pblock pblock_net_delay_001
resize_pblock pblock_net_delay_001 -add {SLICE_X6Y0:SLICE_X142Y599}
set_property IS_SOFT 0 [get_pblocks pblock_net_delay_001]
add_cells_to_pblock pblock_net_delay_001 [get_cells -hierarchical]
llength [get_cells -of_objects [get_pblocks pblock_net_delay_001]]
report_property [get_pblocks pblock_net_delay_001]
report_drc -checks {UTLZ-1 UTLZ-2} -file {/home/ubuntu/fpl2026/VivadoMCP/drc_check_pblock_net_delay_001.rpt}
file size {/home/ubuntu/fpl2026/VivadoMCP/drc_check_pblock_net_delay_001.rpt}
report_property [get_pblocks pblock_net_delay_001]
place_design -directive Explore
route_design -directive Explore
puts {__timing_summary_5ba7b364__}; report_timing_summary -return_string
set clk_obj [get_clocks -quiet {clk_fpl26contest}]; if {$clk_obj ne {}} {   set tp [get_timing_paths -max_paths 1 -setup -to $clk_obj];   if {[llength $tp] > 0} {set wns_value [get_property SLACK $tp]} else {set wns_value 0.0}; } else {   set tp [get_timing_paths -max_paths 1 -slack_lesser_than 999];   if {[llength $tp] > 0} {set wns_value [get_property SLACK $tp]} else {set wns_value 0.0} }; puts {WNS_VALUE_BEGIN}; puts $wns_value; puts {WNS_VALUE_END}
write_checkpoint -force {/home/ubuntu/fpl2026/dcp_optimizer_run-20260709_202524/checkpoints/iter_001.dcp}
puts {__get_wns_c32028eb__}; set clk_obj [get_clocks -quiet {clk_fpl26contest}]; if {$clk_obj ne {}} {   set wns_path [get_timing_paths -max_paths 1 -setup -to $clk_obj];   if {[llength $wns_path] > 0} {get_property SLACK $wns_path} else {puts 0.0} } else {puts {ERROR: clock not found}}
puts {__get_wns_6b7c8edc__}; set clk_obj [get_clocks -quiet {clk_fpl26contest}]; if {$clk_obj ne {}} {   set wns_path [get_timing_paths -max_paths 1 -setup -to $clk_obj];   if {[llength $wns_path] > 0} {get_property SLACK $wns_path} else {puts 0.0} } else {puts {ERROR: clock not found}}
set paths [get_timing_paths -max_paths 20 -setup -slack_lesser_than 0]; if {[llength $paths] == 0} {set paths [get_timing_paths -max_paths 20 -setup]}; foreach p $paths {   set slack [get_property SLACK $p];   set start [get_property STARTPOINT_PIN $p];   set end [get_property ENDPOINT_PIN $p];   if {$start eq {}} {set start [get_property STARTPOINT_CELL $p]};   if {$end eq {}} {set end [get_property ENDPOINT_CELL $p]};   puts "PATH|$slack|$start|$end"; }
report_timing -return_string -max_paths 1 -delay_type max
puts {__get_wns_b599e33c__}; set clk_obj [get_clocks -quiet {clk_fpl26contest}]; if {$clk_obj ne {}} {   set wns_path [get_timing_paths -max_paths 1 -setup -to $clk_obj];   if {[llength $wns_path] > 0} {get_property SLACK $wns_path} else {puts 0.0} } else {puts {ERROR: clock not found}}
set paths [get_timing_paths -max_paths 20 -setup -slack_lesser_than 0]; if {[llength $paths] == 0} {set paths [get_timing_paths -max_paths 20 -setup]}; foreach p $paths {   set slack [get_property SLACK $p];   set start [get_property STARTPOINT_PIN $p];   set end [get_property ENDPOINT_PIN $p];   if {$start eq {}} {set start [get_property STARTPOINT_CELL $p]};   if {$end eq {}} {set end [get_property ENDPOINT_CELL $p]};   puts "PATH|$slack|$start|$end"; }
report_timing -return_string -max_paths 1 -delay_type max
report_timing -return_string -max_paths 20 -delay_type max -sort_by slack -nworst 1
puts {__get_wns_7a70bc2a__}; set clk_obj [get_clocks -quiet {clk_fpl26contest}]; if {$clk_obj ne {}} {   set wns_path [get_timing_paths -max_paths 1 -setup -to $clk_obj];   if {[llength $wns_path] > 0} {get_property SLACK $wns_path} else {puts 0.0} } else {puts {ERROR: clock not found}}
set paths [get_timing_paths -max_paths 20 -setup -slack_lesser_than 0]; if {[llength $paths] == 0} {set paths [get_timing_paths -max_paths 20 -setup]}; foreach p $paths {   set slack [get_property SLACK $p];   set start [get_property STARTPOINT_PIN $p];   set end [get_property ENDPOINT_PIN $p];   if {$start eq {}} {set start [get_property STARTPOINT_CELL $p]};   if {$end eq {}} {set end [get_property ENDPOINT_CELL $p]};   puts "PATH|$slack|$start|$end"; }
report_timing -return_string -max_paths 1 -delay_type max
report_timing -return_string -max_paths 20 -delay_type max -sort_by slack -nworst 1
close_design
open_checkpoint {/home/ubuntu/fpl2026/dcp_optimizer_run-20260709_202524/cell_placement_iter_004.dcp}
set locked_cells [get_cells -filter {IS_LOC_FIXED == 1}]; if {[llength $locked_cells] > 0} {; set_property IS_LOC_FIXED 0 $locked_cells; set_property IS_BEL_FIXED 0 $locked_cells; }; set locked_nets [get_nets -filter {DONT_TOUCH == 1}]; if {[llength $locked_nets] > 0} {; set_property DONT_TOUCH 0 $locked_nets; }
set objs [get_cells {{layer2_reg/data_out_reg[30]} {layer3_reg/data_out_reg[49]} {layer1_reg/data_out_reg[11]} {layer0_reg/data_out_reg[48]} {layer1_reg/data_out_reg[9]_rep__1} {layer1_reg/data_out_reg[3]_rep__0} {layer2_reg/data_out_reg[126]_rep__1} {layer0_reg/data_out_reg[19]} {layer1_reg/data_out_reg[93]_rep__2}}]; set_property IS_LOC_FIXED 1 $objs; set_property IS_BEL_FIXED 1 $objs
puts {__route_status_df2f94c7__}; report_route_status -return_string
route_design -directive {Default} -preserve_fixed_routes
report_route_status -return_string
puts {__timing_summary_c9f5fe6c__}; report_timing_summary -return_string
set clk_obj [get_clocks -quiet {clk_fpl26contest}]; if {$clk_obj ne {}} {   set tp [get_timing_paths -max_paths 1 -setup -to $clk_obj];   if {[llength $tp] > 0} {set wns_value [get_property SLACK $tp]} else {set wns_value 0.0}; } else {   set tp [get_timing_paths -max_paths 1 -slack_lesser_than 999];   if {[llength $tp] > 0} {set wns_value [get_property SLACK $tp]} else {set wns_value 0.0} }; puts {WNS_VALUE_BEGIN}; puts $wns_value; puts {WNS_VALUE_END}
write_checkpoint -force {/home/ubuntu/fpl2026/dcp_optimizer_run-20260709_202524/checkpoints/iter_004.dcp}
close_design
open_checkpoint {/home/ubuntu/fpl2026/dcp_optimizer_run-20260709_202524/checkpoints/iter_001.dcp}
puts {__get_wns_85d08022__}; set clk_obj [get_clocks -quiet {clk_fpl26contest}]; if {$clk_obj ne {}} {   set wns_path [get_timing_paths -max_paths 1 -setup -to $clk_obj];   if {[llength $wns_path] > 0} {get_property SLACK $wns_path} else {puts 0.0} } else {puts {ERROR: clock not found}}
puts {__get_wns_d86b21c1__}; set clk_obj [get_clocks -quiet {clk_fpl26contest}]; if {$clk_obj ne {}} {   set wns_path [get_timing_paths -max_paths 1 -setup -to $clk_obj];   if {[llength $wns_path] > 0} {get_property SLACK $wns_path} else {puts 0.0} } else {puts {ERROR: clock not found}}
set paths [get_timing_paths -max_paths 20 -setup -slack_lesser_than 0]; if {[llength $paths] == 0} {set paths [get_timing_paths -max_paths 20 -setup]}; foreach p $paths {   set slack [get_property SLACK $p];   set start [get_property STARTPOINT_PIN $p];   set end [get_property ENDPOINT_PIN $p];   if {$start eq {}} {set start [get_property STARTPOINT_CELL $p]};   if {$end eq {}} {set end [get_property ENDPOINT_CELL $p]};   puts "PATH|$slack|$start|$end"; }
report_timing -return_string -max_paths 1 -delay_type max
report_timing -return_string -max_paths 20 -delay_type max -sort_by slack -nworst 1
puts {__get_wns_4aa619ee__}; set clk_obj [get_clocks -quiet {clk_fpl26contest}]; if {$clk_obj ne {}} {   set wns_path [get_timing_paths -max_paths 1 -setup -to $clk_obj];   if {[llength $wns_path] > 0} {get_property SLACK $wns_path} else {puts 0.0} } else {puts {ERROR: clock not found}}
set paths [get_timing_paths -max_paths 20 -setup -slack_lesser_than 0]; if {[llength $paths] == 0} {set paths [get_timing_paths -max_paths 20 -setup]}; foreach p $paths {   set slack [get_property SLACK $p];   set start [get_property STARTPOINT_PIN $p];   set end [get_property ENDPOINT_PIN $p];   if {$start eq {}} {set start [get_property STARTPOINT_CELL $p]};   if {$end eq {}} {set end [get_property ENDPOINT_CELL $p]};   puts "PATH|$slack|$start|$end"; }
report_timing -return_string -max_paths 1 -delay_type max
report_timing -return_string -max_paths 20 -delay_type max -sort_by slack -nworst 1
report_timing -return_string -max_paths 20 -delay_type max -sort_by slack -nworst 1
puts {__get_wns_cc65c14d__}; set clk_obj [get_clocks -quiet {clk_fpl26contest}]; if {$clk_obj ne {}} {   set wns_path [get_timing_paths -max_paths 1 -setup -to $clk_obj];   if {[llength $wns_path] > 0} {get_property SLACK $wns_path} else {puts 0.0} } else {puts {ERROR: clock not found}}
set paths [get_timing_paths -max_paths 20 -setup -slack_lesser_than 0]; if {[llength $paths] == 0} {set paths [get_timing_paths -max_paths 20 -setup]}; foreach p $paths {   set slack [get_property SLACK $p];   set start [get_property STARTPOINT_PIN $p];   set end [get_property ENDPOINT_PIN $p];   if {$start eq {}} {set start [get_property STARTPOINT_CELL $p]};   if {$end eq {}} {set end [get_property ENDPOINT_CELL $p]};   puts "PATH|$slack|$start|$end"; }
report_timing -return_string -max_paths 1 -delay_type max
report_timing -return_string -max_paths 20 -delay_type max -sort_by slack -nworst 1
report_timing -return_string -max_paths 20 -delay_type max -sort_by slack -nworst 1
close_design
open_checkpoint {/home/ubuntu/fpl2026/dcp_optimizer_run-20260709_202524/cell_placement_iter_007.dcp}
set locked_cells [get_cells -filter {IS_LOC_FIXED == 1}]; if {[llength $locked_cells] > 0} {; set_property IS_LOC_FIXED 0 $locked_cells; set_property IS_BEL_FIXED 0 $locked_cells; }; set locked_nets [get_nets -filter {DONT_TOUCH == 1}]; if {[llength $locked_nets] > 0} {; set_property DONT_TOUCH 0 $locked_nets; }
set objs [get_cells {{layer0_inst/layer0_N25_inst/data_out[75]_i_40} {layer0_inst/layer0_N25_inst/data_out[75]_i_17} {layer0_inst/layer0_N25_inst/data_out[75]_i_5} {layer0_inst/layer0_N25_inst/data_out[75]_rep_i_1} {layer0_inst/layer0_N3_inst/data_out[11]_i_20} {layer0_inst/layer0_N3_inst/data_out[11]_i_11} {layer0_inst/layer0_N3_inst/data_out_reg[11]_i_5} {layer0_inst/layer0_N3_inst/data_out[11]_i_2} {layer0_inst/layer0_N3_inst/data_out_reg[11]_i_1} {layer0_inst/layer0_N25_inst/data_out[75]_rep_i_1__0}}]; set_property IS_LOC_FIXED 1 $objs; set_property IS_BEL_FIXED 1 $objs
puts {__route_status_f36a0dab__}; report_route_status -return_string
route_design -directive {Default} -preserve_fixed_routes
report_route_status -return_string
puts {__timing_summary_a6539be3__}; report_timing_summary -return_string
set clk_obj [get_clocks -quiet {clk_fpl26contest}]; if {$clk_obj ne {}} {   set tp [get_timing_paths -max_paths 1 -setup -to $clk_obj];   if {[llength $tp] > 0} {set wns_value [get_property SLACK $tp]} else {set wns_value 0.0}; } else {   set tp [get_timing_paths -max_paths 1 -slack_lesser_than 999];   if {[llength $tp] > 0} {set wns_value [get_property SLACK $tp]} else {set wns_value 0.0} }; puts {WNS_VALUE_BEGIN}; puts $wns_value; puts {WNS_VALUE_END}
write_checkpoint -force {/home/ubuntu/fpl2026/dcp_optimizer_run-20260709_202524/checkpoints/iter_007.dcp}
close_design
open_checkpoint {/home/ubuntu/fpl2026/dcp_optimizer_run-20260709_202524/checkpoints/iter_001.dcp}
puts {__get_wns_2f8f4bd5__}; set clk_obj [get_clocks -quiet {clk_fpl26contest}]; if {$clk_obj ne {}} {   set wns_path [get_timing_paths -max_paths 1 -setup -to $clk_obj];   if {[llength $wns_path] > 0} {get_property SLACK $wns_path} else {puts 0.0} } else {puts {ERROR: clock not found}}
puts {__get_wns_22dbdbc5__}; set clk_obj [get_clocks -quiet {clk_fpl26contest}]; if {$clk_obj ne {}} {   set wns_path [get_timing_paths -max_paths 1 -setup -to $clk_obj];   if {[llength $wns_path] > 0} {get_property SLACK $wns_path} else {puts 0.0} } else {puts {ERROR: clock not found}}
set paths [get_timing_paths -max_paths 20 -setup -slack_lesser_than 0]; if {[llength $paths] == 0} {set paths [get_timing_paths -max_paths 20 -setup]}; foreach p $paths {   set slack [get_property SLACK $p];   set start [get_property STARTPOINT_PIN $p];   set end [get_property ENDPOINT_PIN $p];   if {$start eq {}} {set start [get_property STARTPOINT_CELL $p]};   if {$end eq {}} {set end [get_property ENDPOINT_CELL $p]};   puts "PATH|$slack|$start|$end"; }
report_timing -return_string -max_paths 1 -delay_type max
report_timing -return_string -max_paths 20 -delay_type max -sort_by slack -nworst 1
report_timing -return_string -max_paths 20 -delay_type max -sort_by slack -nworst 1
close_design
open_checkpoint {/home/ubuntu/fpl2026/dcp_optimizer_run-20260709_202524/cell_placement_iter_008.dcp}
set locked_cells [get_cells -filter {IS_LOC_FIXED == 1}]; if {[llength $locked_cells] > 0} {; set_property IS_LOC_FIXED 0 $locked_cells; set_property IS_BEL_FIXED 0 $locked_cells; }; set locked_nets [get_nets -filter {DONT_TOUCH == 1}]; if {[llength $locked_nets] > 0} {; set_property DONT_TOUCH 0 $locked_nets; }
set objs [get_cells {{layer2_reg/layer2_N16_inst/data_out[49]_i_19} {layer2_reg/layer2_N16_inst/data_out[49]_i_11} {layer2_reg/layer2_N16_inst/data_out[49]_i_4} {layer2_reg/layer2_N16_inst/data_out[49]_i_1} {layer0_inst/layer0_N3_inst/data_out[9]_i_39} {layer0_inst/layer0_N3_inst/data_out[9]_i_16} {layer0_inst/layer0_N3_inst/data_out_reg[9]_i_7} {layer0_inst/layer0_N3_inst/data_out[9]_i_2} {layer0_inst/layer0_N3_inst/data_out_reg[9]_i_1} {layer1_inst/layer1_N42_inst/data_out[126]_i_63}}]; set_property IS_LOC_FIXED 1 $objs; set_property IS_BEL_FIXED 1 $objs
puts {__route_status_bdcfcaf4__}; report_route_status -return_string
route_design -directive {Default} -preserve_fixed_routes
report_route_status -return_string
puts {__timing_summary_8e3342e3__}; report_timing_summary -return_string
set clk_obj [get_clocks -quiet {clk_fpl26contest}]; if {$clk_obj ne {}} {   set tp [get_timing_paths -max_paths 1 -setup -to $clk_obj];   if {[llength $tp] > 0} {set wns_value [get_property SLACK $tp]} else {set wns_value 0.0}; } else {   set tp [get_timing_paths -max_paths 1 -slack_lesser_than 999];   if {[llength $tp] > 0} {set wns_value [get_property SLACK $tp]} else {set wns_value 0.0} }; puts {WNS_VALUE_BEGIN}; puts $wns_value; puts {WNS_VALUE_END}
write_checkpoint -force {/home/ubuntu/fpl2026/dcp_optimizer_run-20260709_202524/checkpoints/iter_008.dcp}
close_design
open_checkpoint {/home/ubuntu/fpl2026/dcp_optimizer_run-20260709_202524/checkpoints/iter_001.dcp}
puts {__get_wns_4b565d40__}; set clk_obj [get_clocks -quiet {clk_fpl26contest}]; if {$clk_obj ne {}} {   set wns_path [get_timing_paths -max_paths 1 -setup -to $clk_obj];   if {[llength $wns_path] > 0} {get_property SLACK $wns_path} else {puts 0.0} } else {puts {ERROR: clock not found}}
puts {__get_wns_41f00f99__}; set clk_obj [get_clocks -quiet {clk_fpl26contest}]; if {$clk_obj ne {}} {   set wns_path [get_timing_paths -max_paths 1 -setup -to $clk_obj];   if {[llength $wns_path] > 0} {get_property SLACK $wns_path} else {puts 0.0} } else {puts {ERROR: clock not found}}
set paths [get_timing_paths -max_paths 20 -setup -slack_lesser_than 0]; if {[llength $paths] == 0} {set paths [get_timing_paths -max_paths 20 -setup]}; foreach p $paths {   set slack [get_property SLACK $p];   set start [get_property STARTPOINT_PIN $p];   set end [get_property ENDPOINT_PIN $p];   if {$start eq {}} {set start [get_property STARTPOINT_CELL $p]};   if {$end eq {}} {set end [get_property ENDPOINT_CELL $p]};   puts "PATH|$slack|$start|$end"; }
report_timing -return_string -max_paths 1 -delay_type max
report_timing -return_string -max_paths 20 -delay_type max -sort_by slack -nworst 1
report_timing -return_string -max_paths 20 -delay_type max -sort_by slack -nworst 1
close_design
open_checkpoint {/home/ubuntu/fpl2026/dcp_optimizer_run-20260709_202524/cell_placement_iter_009.dcp}
set locked_cells [get_cells -filter {IS_LOC_FIXED == 1}]; if {[llength $locked_cells] > 0} {; set_property IS_LOC_FIXED 0 $locked_cells; set_property IS_BEL_FIXED 0 $locked_cells; }; set locked_nets [get_nets -filter {DONT_TOUCH == 1}]; if {[llength $locked_nets] > 0} {; set_property DONT_TOUCH 0 $locked_nets; }
set objs [get_cells {{layer1_inst/layer1_N42_inst/data_out[126]_i_26} {layer1_inst/layer1_N42_inst/data_out_reg[126]_i_12} {layer1_inst/layer1_N42_inst/data_out_reg[126]_i_5} {layer1_inst/layer1_N42_inst/data_out[126]_rep_i_1__1} {layer0_inst/layer0_N31_inst/data_out[93]_i_27} {layer0_inst/layer0_N31_inst/data_out[93]_i_12} {layer0_inst/layer0_N31_inst/data_out[93]_i_7} {layer0_inst/layer0_N31_inst/data_out_reg[93]_i_3} {layer0_inst/layer0_N31_inst/data_out_reg[93]_i_1} {layer1_reg/data_out_reg[46]}}]; set_property IS_LOC_FIXED 1 $objs; set_property IS_BEL_FIXED 1 $objs
puts {__route_status_53335f24__}; report_route_status -return_string
route_design -directive {Default} -preserve_fixed_routes
report_route_status -return_string
puts {__timing_summary_32ca2d55__}; report_timing_summary -return_string
set clk_obj [get_clocks -quiet {clk_fpl26contest}]; if {$clk_obj ne {}} {   set tp [get_timing_paths -max_paths 1 -setup -to $clk_obj];   if {[llength $tp] > 0} {set wns_value [get_property SLACK $tp]} else {set wns_value 0.0}; } else {   set tp [get_timing_paths -max_paths 1 -slack_lesser_than 999];   if {[llength $tp] > 0} {set wns_value [get_property SLACK $tp]} else {set wns_value 0.0} }; puts {WNS_VALUE_BEGIN}; puts $wns_value; puts {WNS_VALUE_END}
write_checkpoint -force {/home/ubuntu/fpl2026/dcp_optimizer_run-20260709_202524/checkpoints/iter_009.dcp}
close_design
open_checkpoint {/home/ubuntu/fpl2026/dcp_optimizer_run-20260709_202524/checkpoints/iter_001.dcp}
puts {__get_wns_dd9e1277__}; set clk_obj [get_clocks -quiet {clk_fpl26contest}]; if {$clk_obj ne {}} {   set wns_path [get_timing_paths -max_paths 1 -setup -to $clk_obj];   if {[llength $wns_path] > 0} {get_property SLACK $wns_path} else {puts 0.0} } else {puts {ERROR: clock not found}}
puts {__get_wns_6a5b9086__}; set clk_obj [get_clocks -quiet {clk_fpl26contest}]; if {$clk_obj ne {}} {   set wns_path [get_timing_paths -max_paths 1 -setup -to $clk_obj];   if {[llength $wns_path] > 0} {get_property SLACK $wns_path} else {puts 0.0} } else {puts {ERROR: clock not found}}
set paths [get_timing_paths -max_paths 20 -setup -slack_lesser_than 0]; if {[llength $paths] == 0} {set paths [get_timing_paths -max_paths 20 -setup]}; foreach p $paths {   set slack [get_property SLACK $p];   set start [get_property STARTPOINT_PIN $p];   set end [get_property ENDPOINT_PIN $p];   if {$start eq {}} {set start [get_property STARTPOINT_CELL $p]};   if {$end eq {}} {set end [get_property ENDPOINT_CELL $p]};   puts "PATH|$slack|$start|$end"; }
report_timing -return_string -max_paths 1 -delay_type max
report_timing -return_string -max_paths 20 -delay_type max -sort_by slack -nworst 1
report_timing -return_string -max_paths 20 -delay_type max -sort_by slack -nworst 1
puts {__get_wns_56e9a7ad__}; set clk_obj [get_clocks -quiet {clk_fpl26contest}]; if {$clk_obj ne {}} {   set wns_path [get_timing_paths -max_paths 1 -setup -to $clk_obj];   if {[llength $wns_path] > 0} {get_property SLACK $wns_path} else {puts 0.0} } else {puts {ERROR: clock not found}}
set paths [get_timing_paths -max_paths 20 -setup -slack_lesser_than 0]; if {[llength $paths] == 0} {set paths [get_timing_paths -max_paths 20 -setup]}; foreach p $paths {   set slack [get_property SLACK $p];   set start [get_property STARTPOINT_PIN $p];   set end [get_property ENDPOINT_PIN $p];   if {$start eq {}} {set start [get_property STARTPOINT_CELL $p]};   if {$end eq {}} {set end [get_property ENDPOINT_CELL $p]};   puts "PATH|$slack|$start|$end"; }
report_timing -return_string -max_paths 1 -delay_type max
report_timing -return_string -max_paths 20 -delay_type max -sort_by slack -nworst 1
report_timing -return_string -max_paths 20 -delay_type max -sort_by slack -nworst 1
close_design
open_checkpoint {/home/ubuntu/fpl2026/dcp_optimizer_run-20260709_202524/cell_placement_iter_011.dcp}
set locked_cells [get_cells -filter {IS_LOC_FIXED == 1}]; if {[llength $locked_cells] > 0} {; set_property IS_LOC_FIXED 0 $locked_cells; set_property IS_BEL_FIXED 0 $locked_cells; }; set locked_nets [get_nets -filter {DONT_TOUCH == 1}]; if {[llength $locked_nets] > 0} {; set_property DONT_TOUCH 0 $locked_nets; }
set objs [get_cells {{layer2_reg/layer2_N91_inst/data_out[273]_i_1} {layer3_reg/data_out_reg[273]} {layer2_reg/data_out_reg[49]_rep} {layer2_reg/layer2_N191_inst/data_out[574]_i_33} {layer2_reg/layer2_N191_inst/data_out[573]_i_35} {layer2_reg/layer2_N191_inst/data_out_reg[573]_i_13} {layer2_reg/layer2_N191_inst/data_out_reg[573]_i_4} {layer2_reg/layer2_N191_inst/data_out[573]_i_1} {layer3_reg/data_out_reg[573]} {layer2_reg/data_out_reg[49]}}]; set_property IS_LOC_FIXED 1 $objs; set_property IS_BEL_FIXED 1 $objs
puts {__route_status_07ed92bd__}; report_route_status -return_string
route_design -directive {Default} -preserve_fixed_routes
report_route_status -return_string
puts {__timing_summary_78dadac9__}; report_timing_summary -return_string
set clk_obj [get_clocks -quiet {clk_fpl26contest}]; if {$clk_obj ne {}} {   set tp [get_timing_paths -max_paths 1 -setup -to $clk_obj];   if {[llength $tp] > 0} {set wns_value [get_property SLACK $tp]} else {set wns_value 0.0}; } else {   set tp [get_timing_paths -max_paths 1 -slack_lesser_than 999];   if {[llength $tp] > 0} {set wns_value [get_property SLACK $tp]} else {set wns_value 0.0} }; puts {WNS_VALUE_BEGIN}; puts $wns_value; puts {WNS_VALUE_END}
write_checkpoint -force {/home/ubuntu/fpl2026/dcp_optimizer_run-20260709_202524/checkpoints/iter_011.dcp}
close_design
open_checkpoint {/home/ubuntu/fpl2026/dcp_optimizer_run-20260709_202524/checkpoints/iter_001.dcp}
puts {__get_wns_9f25dde6__}; set clk_obj [get_clocks -quiet {clk_fpl26contest}]; if {$clk_obj ne {}} {   set wns_path [get_timing_paths -max_paths 1 -setup -to $clk_obj];   if {[llength $wns_path] > 0} {get_property SLACK $wns_path} else {puts 0.0} } else {puts {ERROR: clock not found}}
puts {__get_wns_45e6d3a7__}; set clk_obj [get_clocks -quiet {clk_fpl26contest}]; if {$clk_obj ne {}} {   set wns_path [get_timing_paths -max_paths 1 -setup -to $clk_obj];   if {[llength $wns_path] > 0} {get_property SLACK $wns_path} else {puts 0.0} } else {puts {ERROR: clock not found}}
set paths [get_timing_paths -max_paths 20 -setup -slack_lesser_than 0]; if {[llength $paths] == 0} {set paths [get_timing_paths -max_paths 20 -setup]}; foreach p $paths {   set slack [get_property SLACK $p];   set start [get_property STARTPOINT_PIN $p];   set end [get_property ENDPOINT_PIN $p];   if {$start eq {}} {set start [get_property STARTPOINT_CELL $p]};   if {$end eq {}} {set end [get_property ENDPOINT_CELL $p]};   puts "PATH|$slack|$start|$end"; }
report_timing -return_string -max_paths 1 -delay_type max
report_timing -return_string -max_paths 20 -delay_type max -sort_by slack -nworst 1
report_timing -return_string -max_paths 20 -delay_type max -sort_by slack -nworst 1
close_design
open_checkpoint {/home/ubuntu/fpl2026/dcp_optimizer_run-20260709_202524/cell_placement_iter_012.dcp}
set locked_cells [get_cells -filter {IS_LOC_FIXED == 1}]; if {[llength $locked_cells] > 0} {; set_property IS_LOC_FIXED 0 $locked_cells; set_property IS_BEL_FIXED 0 $locked_cells; }; set locked_nets [get_nets -filter {DONT_TOUCH == 1}]; if {[llength $locked_nets] > 0} {; set_property DONT_TOUCH 0 $locked_nets; }
set objs [get_cells {{layer2_inst/layer2_N151_inst/data_out[454]_i_22} {layer2_inst/layer2_N151_inst/data_out[454]_i_10} {layer2_inst/layer2_N151_inst/data_out_reg[454]_i_4} {layer2_inst/layer2_N151_inst/data_out[454]_i_2} {layer2_inst/layer2_N151_inst/data_out_reg[454]_i_1} {layer3_reg/data_out_reg[454]} {layer1_reg/data_out_reg[89]_rep} {layer1_inst/layer1_N22_inst/data_out[66]_i_35} {layer1_inst/layer1_N22_inst/data_out[66]_i_12} {layer1_inst/layer1_N22_inst/data_out[66]_i_4}}]; set_property IS_LOC_FIXED 1 $objs; set_property IS_BEL_FIXED 1 $objs
puts {__route_status_c00291c2__}; report_route_status -return_string
route_design -directive {Default} -preserve_fixed_routes
report_route_status -return_string
puts {__timing_summary_ba45a3df__}; report_timing_summary -return_string
set clk_obj [get_clocks -quiet {clk_fpl26contest}]; if {$clk_obj ne {}} {   set tp [get_timing_paths -max_paths 1 -setup -to $clk_obj];   if {[llength $tp] > 0} {set wns_value [get_property SLACK $tp]} else {set wns_value 0.0}; } else {   set tp [get_timing_paths -max_paths 1 -slack_lesser_than 999];   if {[llength $tp] > 0} {set wns_value [get_property SLACK $tp]} else {set wns_value 0.0} }; puts {WNS_VALUE_BEGIN}; puts $wns_value; puts {WNS_VALUE_END}
write_checkpoint -force {/home/ubuntu/fpl2026/dcp_optimizer_run-20260709_202524/checkpoints/iter_012.dcp}
close_design
open_checkpoint {/home/ubuntu/fpl2026/dcp_optimizer_run-20260709_202524/checkpoints/iter_001.dcp}
puts {__get_wns_6d8d1f4a__}; set clk_obj [get_clocks -quiet {clk_fpl26contest}]; if {$clk_obj ne {}} {   set wns_path [get_timing_paths -max_paths 1 -setup -to $clk_obj];   if {[llength $wns_path] > 0} {get_property SLACK $wns_path} else {puts 0.0} } else {puts {ERROR: clock not found}}
puts {__get_wns_73632671__}; set clk_obj [get_clocks -quiet {clk_fpl26contest}]; if {$clk_obj ne {}} {   set wns_path [get_timing_paths -max_paths 1 -setup -to $clk_obj];   if {[llength $wns_path] > 0} {get_property SLACK $wns_path} else {puts 0.0} } else {puts {ERROR: clock not found}}
set paths [get_timing_paths -max_paths 20 -setup -slack_lesser_than 0]; if {[llength $paths] == 0} {set paths [get_timing_paths -max_paths 20 -setup]}; foreach p $paths {   set slack [get_property SLACK $p];   set start [get_property STARTPOINT_PIN $p];   set end [get_property ENDPOINT_PIN $p];   if {$start eq {}} {set start [get_property STARTPOINT_CELL $p]};   if {$end eq {}} {set end [get_property ENDPOINT_CELL $p]};   puts "PATH|$slack|$start|$end"; }
report_timing -return_string -max_paths 1 -delay_type max
report_timing -return_string -max_paths 20 -delay_type max -sort_by slack -nworst 1
report_timing -return_string -max_paths 20 -delay_type max -sort_by slack -nworst 1
close_design
open_checkpoint {/home/ubuntu/fpl2026/dcp_optimizer_run-20260709_202524/cell_placement_iter_013.dcp}
set locked_cells [get_cells -filter {IS_LOC_FIXED == 1}]; if {[llength $locked_cells] > 0} {; set_property IS_LOC_FIXED 0 $locked_cells; set_property IS_BEL_FIXED 0 $locked_cells; }; set locked_nets [get_nets -filter {DONT_TOUCH == 1}]; if {[llength $locked_nets] > 0} {; set_property DONT_TOUCH 0 $locked_nets; }
set objs [get_cells {{layer1_inst/layer1_N22_inst/data_out[66]_i_1} {layer2_reg/data_out_reg[66]} {layer1_inst/layer1_N9_inst/data_out[28]_i_15} {layer1_inst/layer1_N9_inst/data_out[28]_i_5} {layer1_inst/layer1_N9_inst/data_out[28]_i_2} {layer1_inst/layer1_N9_inst/data_out[28]_i_1} {layer2_reg/data_out_reg[28]} {layer0_inst/layer0_N19_inst/data_out[57]_i_17} {layer0_inst/layer0_N19_inst/data_out_reg[57]_i_9} {layer0_inst/layer0_N19_inst/data_out[57]_i_3}}]; set_property IS_LOC_FIXED 1 $objs; set_property IS_BEL_FIXED 1 $objs
puts {__route_status_6c33bbd9__}; report_route_status -return_string
route_design -directive {Default} -preserve_fixed_routes
report_route_status -return_string
puts {__timing_summary_31600948__}; report_timing_summary -return_string
set clk_obj [get_clocks -quiet {clk_fpl26contest}]; if {$clk_obj ne {}} {   set tp [get_timing_paths -max_paths 1 -setup -to $clk_obj];   if {[llength $tp] > 0} {set wns_value [get_property SLACK $tp]} else {set wns_value 0.0}; } else {   set tp [get_timing_paths -max_paths 1 -slack_lesser_than 999];   if {[llength $tp] > 0} {set wns_value [get_property SLACK $tp]} else {set wns_value 0.0} }; puts {WNS_VALUE_BEGIN}; puts $wns_value; puts {WNS_VALUE_END}
write_checkpoint -force {/home/ubuntu/fpl2026/dcp_optimizer_run-20260709_202524/checkpoints/iter_013.dcp}
close_design
open_checkpoint {/home/ubuntu/fpl2026/dcp_optimizer_run-20260709_202524/checkpoints/iter_001.dcp}
puts {__get_wns_1f77d480__}; set clk_obj [get_clocks -quiet {clk_fpl26contest}]; if {$clk_obj ne {}} {   set wns_path [get_timing_paths -max_paths 1 -setup -to $clk_obj];   if {[llength $wns_path] > 0} {get_property SLACK $wns_path} else {puts 0.0} } else {puts {ERROR: clock not found}}
puts {__get_wns_6c443956__}; set clk_obj [get_clocks -quiet {clk_fpl26contest}]; if {$clk_obj ne {}} {   set wns_path [get_timing_paths -max_paths 1 -setup -to $clk_obj];   if {[llength $wns_path] > 0} {get_property SLACK $wns_path} else {puts 0.0} } else {puts {ERROR: clock not found}}
set paths [get_timing_paths -max_paths 20 -setup -slack_lesser_than 0]; if {[llength $paths] == 0} {set paths [get_timing_paths -max_paths 20 -setup]}; foreach p $paths {   set slack [get_property SLACK $p];   set start [get_property STARTPOINT_PIN $p];   set end [get_property ENDPOINT_PIN $p];   if {$start eq {}} {set start [get_property STARTPOINT_CELL $p]};   if {$end eq {}} {set end [get_property ENDPOINT_CELL $p]};   puts "PATH|$slack|$start|$end"; }
report_timing -return_string -max_paths 1 -delay_type max
report_timing -return_string -max_paths 20 -delay_type max -sort_by slack -nworst 1
report_timing -return_string -max_paths 20 -delay_type max -sort_by slack -nworst 1
puts {__get_wns_2ebcbdb3__}; set clk_obj [get_clocks -quiet {clk_fpl26contest}]; if {$clk_obj ne {}} {   set wns_path [get_timing_paths -max_paths 1 -setup -to $clk_obj];   if {[llength $wns_path] > 0} {get_property SLACK $wns_path} else {puts 0.0} } else {puts {ERROR: clock not found}}
set paths [get_timing_paths -max_paths 20 -setup -slack_lesser_than 0]; if {[llength $paths] == 0} {set paths [get_timing_paths -max_paths 20 -setup]}; foreach p $paths {   set slack [get_property SLACK $p];   set start [get_property STARTPOINT_PIN $p];   set end [get_property ENDPOINT_PIN $p];   if {$start eq {}} {set start [get_property STARTPOINT_CELL $p]};   if {$end eq {}} {set end [get_property ENDPOINT_CELL $p]};   puts "PATH|$slack|$start|$end"; }
report_timing -return_string -max_paths 1 -delay_type max
report_timing -return_string -max_paths 20 -delay_type max -sort_by slack -nworst 1
report_timing -return_string -max_paths 20 -delay_type max -sort_by slack -nworst 1
puts {__get_wns_ec4cba0f__}; set clk_obj [get_clocks -quiet {clk_fpl26contest}]; if {$clk_obj ne {}} {   set wns_path [get_timing_paths -max_paths 1 -setup -to $clk_obj];   if {[llength $wns_path] > 0} {get_property SLACK $wns_path} else {puts 0.0} } else {puts {ERROR: clock not found}}
set paths [get_timing_paths -max_paths 20 -setup -slack_lesser_than 0]; if {[llength $paths] == 0} {set paths [get_timing_paths -max_paths 20 -setup]}; foreach p $paths {   set slack [get_property SLACK $p];   set start [get_property STARTPOINT_PIN $p];   set end [get_property ENDPOINT_PIN $p];   if {$start eq {}} {set start [get_property STARTPOINT_CELL $p]};   if {$end eq {}} {set end [get_property ENDPOINT_CELL $p]};   puts "PATH|$slack|$start|$end"; }
report_timing -return_string -max_paths 1 -delay_type max
report_timing -return_string -max_paths 20 -delay_type max -sort_by slack -nworst 1
report_timing -return_string -max_paths 20 -delay_type max -sort_by slack -nworst 1
puts {__get_wns_a47f198e__}; set clk_obj [get_clocks -quiet {clk_fpl26contest}]; if {$clk_obj ne {}} {   set wns_path [get_timing_paths -max_paths 1 -setup -to $clk_obj];   if {[llength $wns_path] > 0} {get_property SLACK $wns_path} else {puts 0.0} } else {puts {ERROR: clock not found}}
set paths [get_timing_paths -max_paths 20 -setup -slack_lesser_than 0]; if {[llength $paths] == 0} {set paths [get_timing_paths -max_paths 20 -setup]}; foreach p $paths {   set slack [get_property SLACK $p];   set start [get_property STARTPOINT_PIN $p];   set end [get_property ENDPOINT_PIN $p];   if {$start eq {}} {set start [get_property STARTPOINT_CELL $p]};   if {$end eq {}} {set end [get_property ENDPOINT_CELL $p]};   puts "PATH|$slack|$start|$end"; }
report_timing -return_string -max_paths 1 -delay_type max
report_timing -return_string -max_paths 20 -delay_type max -sort_by slack -nworst 1
report_timing -return_string -max_paths 20 -delay_type max -sort_by slack -nworst 1
puts {__get_wns_19f343ec__}; set clk_obj [get_clocks -quiet {clk_fpl26contest}]; if {$clk_obj ne {}} {   set wns_path [get_timing_paths -max_paths 1 -setup -to $clk_obj];   if {[llength $wns_path] > 0} {get_property SLACK $wns_path} else {puts 0.0} } else {puts {ERROR: clock not found}}
set paths [get_timing_paths -max_paths 20 -setup -slack_lesser_than 0]; if {[llength $paths] == 0} {set paths [get_timing_paths -max_paths 20 -setup]}; foreach p $paths {   set slack [get_property SLACK $p];   set start [get_property STARTPOINT_PIN $p];   set end [get_property ENDPOINT_PIN $p];   if {$start eq {}} {set start [get_property STARTPOINT_CELL $p]};   if {$end eq {}} {set end [get_property ENDPOINT_CELL $p]};   puts "PATH|$slack|$start|$end"; }
report_timing -return_string -max_paths 1 -delay_type max
puts {__get_wns_42a32bed__}; set clk_obj [get_clocks -quiet {clk_fpl26contest}]; if {$clk_obj ne {}} {   set wns_path [get_timing_paths -max_paths 1 -setup -to $clk_obj];   if {[llength $wns_path] > 0} {get_property SLACK $wns_path} else {puts 0.0} } else {puts {ERROR: clock not found}}
set paths [get_timing_paths -max_paths 20 -setup -slack_lesser_than 0]; if {[llength $paths] == 0} {set paths [get_timing_paths -max_paths 20 -setup]}; foreach p $paths {   set slack [get_property SLACK $p];   set start [get_property STARTPOINT_PIN $p];   set end [get_property ENDPOINT_PIN $p];   if {$start eq {}} {set start [get_property STARTPOINT_CELL $p]};   if {$end eq {}} {set end [get_property ENDPOINT_CELL $p]};   puts "PATH|$slack|$start|$end"; }
report_timing -return_string -max_paths 1 -delay_type max
puts {__get_wns_95a6eebb__}; set clk_obj [get_clocks -quiet {clk_fpl26contest}]; if {$clk_obj ne {}} {   set wns_path [get_timing_paths -max_paths 1 -setup -to $clk_obj];   if {[llength $wns_path] > 0} {get_property SLACK $wns_path} else {puts 0.0} } else {puts {ERROR: clock not found}}
set paths [get_timing_paths -max_paths 20 -setup -slack_lesser_than 0]; if {[llength $paths] == 0} {set paths [get_timing_paths -max_paths 20 -setup]}; foreach p $paths {   set slack [get_property SLACK $p];   set start [get_property STARTPOINT_PIN $p];   set end [get_property ENDPOINT_PIN $p];   if {$start eq {}} {set start [get_property STARTPOINT_CELL $p]};   if {$end eq {}} {set end [get_property ENDPOINT_CELL $p]};   puts "PATH|$slack|$start|$end"; }
report_timing -return_string -max_paths 1 -delay_type max
puts {__get_wns_ebd80757__}; set clk_obj [get_clocks -quiet {clk_fpl26contest}]; if {$clk_obj ne {}} {   set wns_path [get_timing_paths -max_paths 1 -setup -to $clk_obj];   if {[llength $wns_path] > 0} {get_property SLACK $wns_path} else {puts 0.0} } else {puts {ERROR: clock not found}}
set paths [get_timing_paths -max_paths 20 -setup -slack_lesser_than 0]; if {[llength $paths] == 0} {set paths [get_timing_paths -max_paths 20 -setup]}; foreach p $paths {   set slack [get_property SLACK $p];   set start [get_property STARTPOINT_PIN $p];   set end [get_property ENDPOINT_PIN $p];   if {$start eq {}} {set start [get_property STARTPOINT_CELL $p]};   if {$end eq {}} {set end [get_property ENDPOINT_CELL $p]};   puts "PATH|$slack|$start|$end"; }
report_timing -return_string -max_paths 1 -delay_type max
puts {__get_wns_8728dcf2__}; set clk_obj [get_clocks -quiet {clk_fpl26contest}]; if {$clk_obj ne {}} {   set wns_path [get_timing_paths -max_paths 1 -setup -to $clk_obj];   if {[llength $wns_path] > 0} {get_property SLACK $wns_path} else {puts 0.0} } else {puts {ERROR: clock not found}}
set paths [get_timing_paths -max_paths 20 -setup -slack_lesser_than 0]; if {[llength $paths] == 0} {set paths [get_timing_paths -max_paths 20 -setup]}; foreach p $paths {   set slack [get_property SLACK $p];   set start [get_property STARTPOINT_PIN $p];   set end [get_property ENDPOINT_PIN $p];   if {$start eq {}} {set start [get_property STARTPOINT_CELL $p]};   if {$end eq {}} {set end [get_property ENDPOINT_CELL $p]};   puts "PATH|$slack|$start|$end"; }
report_timing -return_string -max_paths 1 -delay_type max
report_timing -return_string -max_paths 20 -delay_type max -sort_by slack -nworst 1
puts {__get_wns_64959784__}; set clk_obj [get_clocks -quiet {clk_fpl26contest}]; if {$clk_obj ne {}} {   set wns_path [get_timing_paths -max_paths 1 -setup -to $clk_obj];   if {[llength $wns_path] > 0} {get_property SLACK $wns_path} else {puts 0.0} } else {puts {ERROR: clock not found}}
set paths [get_timing_paths -max_paths 20 -setup -slack_lesser_than 0]; if {[llength $paths] == 0} {set paths [get_timing_paths -max_paths 20 -setup]}; foreach p $paths {   set slack [get_property SLACK $p];   set start [get_property STARTPOINT_PIN $p];   set end [get_property ENDPOINT_PIN $p];   if {$start eq {}} {set start [get_property STARTPOINT_CELL $p]};   if {$end eq {}} {set end [get_property ENDPOINT_CELL $p]};   puts "PATH|$slack|$start|$end"; }
report_timing -return_string -max_paths 1 -delay_type max
report_timing -return_string -max_paths 20 -delay_type max -sort_by slack -nworst 1
puts {__get_wns_31da85b9__}; set clk_obj [get_clocks -quiet {clk_fpl26contest}]; if {$clk_obj ne {}} {   set wns_path [get_timing_paths -max_paths 1 -setup -to $clk_obj];   if {[llength $wns_path] > 0} {get_property SLACK $wns_path} else {puts 0.0} } else {puts {ERROR: clock not found}}
set paths [get_timing_paths -max_paths 20 -setup -slack_lesser_than 0]; if {[llength $paths] == 0} {set paths [get_timing_paths -max_paths 20 -setup]}; foreach p $paths {   set slack [get_property SLACK $p];   set start [get_property STARTPOINT_PIN $p];   set end [get_property ENDPOINT_PIN $p];   if {$start eq {}} {set start [get_property STARTPOINT_CELL $p]};   if {$end eq {}} {set end [get_property ENDPOINT_CELL $p]};   puts "PATH|$slack|$start|$end"; }
report_timing -return_string -max_paths 1 -delay_type max
report_timing -return_string -max_paths 20 -delay_type max -sort_by slack -nworst 1
report_timing -return_string -max_paths 20 -delay_type max -sort_by slack -nworst 1
puts {__get_wns_e0dd331a__}; set clk_obj [get_clocks -quiet {clk_fpl26contest}]; if {$clk_obj ne {}} {   set wns_path [get_timing_paths -max_paths 1 -setup -to $clk_obj];   if {[llength $wns_path] > 0} {get_property SLACK $wns_path} else {puts 0.0} } else {puts {ERROR: clock not found}}
set paths [get_timing_paths -max_paths 20 -setup -slack_lesser_than 0]; if {[llength $paths] == 0} {set paths [get_timing_paths -max_paths 20 -setup]}; foreach p $paths {   set slack [get_property SLACK $p];   set start [get_property STARTPOINT_PIN $p];   set end [get_property ENDPOINT_PIN $p];   if {$start eq {}} {set start [get_property STARTPOINT_CELL $p]};   if {$end eq {}} {set end [get_property ENDPOINT_CELL $p]};   puts "PATH|$slack|$start|$end"; }
report_timing -return_string -max_paths 1 -delay_type max
report_timing -return_string -max_paths 20 -delay_type max -sort_by slack -nworst 1
report_timing -return_string -max_paths 20 -delay_type max -sort_by slack -nworst 1
puts {__get_wns_06878d98__}; set clk_obj [get_clocks -quiet {clk_fpl26contest}]; if {$clk_obj ne {}} {   set wns_path [get_timing_paths -max_paths 1 -setup -to $clk_obj];   if {[llength $wns_path] > 0} {get_property SLACK $wns_path} else {puts 0.0} } else {puts {ERROR: clock not found}}
set paths [get_timing_paths -max_paths 20 -setup -slack_lesser_than 0]; if {[llength $paths] == 0} {set paths [get_timing_paths -max_paths 20 -setup]}; foreach p $paths {   set slack [get_property SLACK $p];   set start [get_property STARTPOINT_PIN $p];   set end [get_property ENDPOINT_PIN $p];   if {$start eq {}} {set start [get_property STARTPOINT_CELL $p]};   if {$end eq {}} {set end [get_property ENDPOINT_CELL $p]};   puts "PATH|$slack|$start|$end"; }
report_timing -return_string -max_paths 1 -delay_type max
report_timing -return_string -max_paths 20 -delay_type max -sort_by slack -nworst 1
report_timing -return_string -max_paths 20 -delay_type max -sort_by slack -nworst 1
puts {__get_wns_2eef3438__}; set clk_obj [get_clocks -quiet {clk_fpl26contest}]; if {$clk_obj ne {}} {   set wns_path [get_timing_paths -max_paths 1 -setup -to $clk_obj];   if {[llength $wns_path] > 0} {get_property SLACK $wns_path} else {puts 0.0} } else {puts {ERROR: clock not found}}
set paths [get_timing_paths -max_paths 20 -setup -slack_lesser_than 0]; if {[llength $paths] == 0} {set paths [get_timing_paths -max_paths 20 -setup]}; foreach p $paths {   set slack [get_property SLACK $p];   set start [get_property STARTPOINT_PIN $p];   set end [get_property ENDPOINT_PIN $p];   if {$start eq {}} {set start [get_property STARTPOINT_CELL $p]};   if {$end eq {}} {set end [get_property ENDPOINT_CELL $p]};   puts "PATH|$slack|$start|$end"; }
report_timing -return_string -max_paths 1 -delay_type max
report_timing -return_string -max_paths 20 -delay_type max -sort_by slack -nworst 1
report_timing -return_string -max_paths 20 -delay_type max -sort_by slack -nworst 1
puts {__get_wns_85771c56__}; set clk_obj [get_clocks -quiet {clk_fpl26contest}]; if {$clk_obj ne {}} {   set wns_path [get_timing_paths -max_paths 1 -setup -to $clk_obj];   if {[llength $wns_path] > 0} {get_property SLACK $wns_path} else {puts 0.0} } else {puts {ERROR: clock not found}}
set paths [get_timing_paths -max_paths 20 -setup -slack_lesser_than 0]; if {[llength $paths] == 0} {set paths [get_timing_paths -max_paths 20 -setup]}; foreach p $paths {   set slack [get_property SLACK $p];   set start [get_property STARTPOINT_PIN $p];   set end [get_property ENDPOINT_PIN $p];   if {$start eq {}} {set start [get_property STARTPOINT_CELL $p]};   if {$end eq {}} {set end [get_property ENDPOINT_CELL $p]};   puts "PATH|$slack|$start|$end"; }
report_timing -return_string -max_paths 1 -delay_type max
puts {__get_wns_e978801d__}; set clk_obj [get_clocks -quiet {clk_fpl26contest}]; if {$clk_obj ne {}} {   set wns_path [get_timing_paths -max_paths 1 -setup -to $clk_obj];   if {[llength $wns_path] > 0} {get_property SLACK $wns_path} else {puts 0.0} } else {puts {ERROR: clock not found}}
set paths [get_timing_paths -max_paths 20 -setup -slack_lesser_than 0]; if {[llength $paths] == 0} {set paths [get_timing_paths -max_paths 20 -setup]}; foreach p $paths {   set slack [get_property SLACK $p];   set start [get_property STARTPOINT_PIN $p];   set end [get_property ENDPOINT_PIN $p];   if {$start eq {}} {set start [get_property STARTPOINT_CELL $p]};   if {$end eq {}} {set end [get_property ENDPOINT_CELL $p]};   puts "PATH|$slack|$start|$end"; }
report_timing -return_string -max_paths 1 -delay_type max
report_timing -return_string -max_paths 20 -delay_type max -sort_by slack -nworst 1
report_timing -return_string -max_paths 20 -delay_type max -sort_by slack -nworst 1
close_design
open_checkpoint {/home/ubuntu/fpl2026/dcp_optimizer_run-20260709_202524/cell_placement_iter_029.dcp}
set locked_cells [get_cells -filter {IS_LOC_FIXED == 1}]; if {[llength $locked_cells] > 0} {; set_property IS_LOC_FIXED 0 $locked_cells; set_property IS_BEL_FIXED 0 $locked_cells; }; set locked_nets [get_nets -filter {DONT_TOUCH == 1}]; if {[llength $locked_nets] > 0} {; set_property DONT_TOUCH 0 $locked_nets; }
set objs [get_cells {{layer0_inst/layer0_N19_inst/data_out[57]_rep_i_1} {layer1_reg/data_out_reg[57]_rep} {layer1_inst/layer1_N45_inst/data_out[135]_i_40} {layer1_inst/layer1_N45_inst/data_out[135]_i_21} {layer1_inst/layer1_N45_inst/data_out_reg[135]_i_9} {layer1_inst/layer1_N45_inst/data_out[135]_i_3} {layer1_inst/layer1_N45_inst/data_out_reg[135]_i_1} {layer2_reg/data_out_reg[135]} {layer1_reg/data_out_reg[19]_rep__2} {layer1_inst/layer1_N44_inst/data_out[134]_i_11}}]; set_property IS_LOC_FIXED 1 $objs; set_property IS_BEL_FIXED 1 $objs
puts {__route_status_9015d846__}; report_route_status -return_string
route_design -directive {Default} -preserve_fixed_routes
report_route_status -return_string
puts {__timing_summary_baaf5225__}; report_timing_summary -return_string
set clk_obj [get_clocks -quiet {clk_fpl26contest}]; if {$clk_obj ne {}} {   set tp [get_timing_paths -max_paths 1 -setup -to $clk_obj];   if {[llength $tp] > 0} {set wns_value [get_property SLACK $tp]} else {set wns_value 0.0}; } else {   set tp [get_timing_paths -max_paths 1 -slack_lesser_than 999];   if {[llength $tp] > 0} {set wns_value [get_property SLACK $tp]} else {set wns_value 0.0} }; puts {WNS_VALUE_BEGIN}; puts $wns_value; puts {WNS_VALUE_END}
write_checkpoint -force {/home/ubuntu/fpl2026/dcp_optimizer_run-20260709_202524/checkpoints/iter_029.dcp}
close_design
open_checkpoint {/home/ubuntu/fpl2026/dcp_optimizer_run-20260709_202524/checkpoints/iter_001.dcp}
puts {__get_wns_a12fa66e__}; set clk_obj [get_clocks -quiet {clk_fpl26contest}]; if {$clk_obj ne {}} {   set wns_path [get_timing_paths -max_paths 1 -setup -to $clk_obj];   if {[llength $wns_path] > 0} {get_property SLACK $wns_path} else {puts 0.0} } else {puts {ERROR: clock not found}}
puts {__get_wns_0f47eee7__}; set clk_obj [get_clocks -quiet {clk_fpl26contest}]; if {$clk_obj ne {}} {   set wns_path [get_timing_paths -max_paths 1 -setup -to $clk_obj];   if {[llength $wns_path] > 0} {get_property SLACK $wns_path} else {puts 0.0} } else {puts {ERROR: clock not found}}
set paths [get_timing_paths -max_paths 20 -setup -slack_lesser_than 0]; if {[llength $paths] == 0} {set paths [get_timing_paths -max_paths 20 -setup]}; foreach p $paths {   set slack [get_property SLACK $p];   set start [get_property STARTPOINT_PIN $p];   set end [get_property ENDPOINT_PIN $p];   if {$start eq {}} {set start [get_property STARTPOINT_CELL $p]};   if {$end eq {}} {set end [get_property ENDPOINT_CELL $p]};   puts "PATH|$slack|$start|$end"; }
report_timing -return_string -max_paths 1 -delay_type max
report_timing -return_string -max_paths 20 -delay_type max -sort_by slack -nworst 1
report_timing -return_string -max_paths 20 -delay_type max -sort_by slack -nworst 1
puts {__get_wns_d1a1ee4c__}; set clk_obj [get_clocks -quiet {clk_fpl26contest}]; if {$clk_obj ne {}} {   set wns_path [get_timing_paths -max_paths 1 -setup -to $clk_obj];   if {[llength $wns_path] > 0} {get_property SLACK $wns_path} else {puts 0.0} } else {puts {ERROR: clock not found}}
set paths [get_timing_paths -max_paths 20 -setup -slack_lesser_than 0]; if {[llength $paths] == 0} {set paths [get_timing_paths -max_paths 20 -setup]}; foreach p $paths {   set slack [get_property SLACK $p];   set start [get_property STARTPOINT_PIN $p];   set end [get_property ENDPOINT_PIN $p];   if {$start eq {}} {set start [get_property STARTPOINT_CELL $p]};   if {$end eq {}} {set end [get_property ENDPOINT_CELL $p]};   puts "PATH|$slack|$start|$end"; }
report_timing -return_string -max_paths 1 -delay_type max
report_timing -return_string -max_paths 20 -delay_type max -sort_by slack -nworst 1
report_timing -return_string -max_paths 20 -delay_type max -sort_by slack -nworst 1
puts {__get_wns_2103ca43__}; set clk_obj [get_clocks -quiet {clk_fpl26contest}]; if {$clk_obj ne {}} {   set wns_path [get_timing_paths -max_paths 1 -setup -to $clk_obj];   if {[llength $wns_path] > 0} {get_property SLACK $wns_path} else {puts 0.0} } else {puts {ERROR: clock not found}}
set paths [get_timing_paths -max_paths 20 -setup -slack_lesser_than 0]; if {[llength $paths] == 0} {set paths [get_timing_paths -max_paths 20 -setup]}; foreach p $paths {   set slack [get_property SLACK $p];   set start [get_property STARTPOINT_PIN $p];   set end [get_property ENDPOINT_PIN $p];   if {$start eq {}} {set start [get_property STARTPOINT_CELL $p]};   if {$end eq {}} {set end [get_property ENDPOINT_CELL $p]};   puts "PATH|$slack|$start|$end"; }
report_timing -return_string -max_paths 1 -delay_type max
report_timing -return_string -max_paths 20 -delay_type max -sort_by slack -nworst 1
report_timing -return_string -max_paths 20 -delay_type max -sort_by slack -nworst 1
puts {__get_wns_52f53046__}; set clk_obj [get_clocks -quiet {clk_fpl26contest}]; if {$clk_obj ne {}} {   set wns_path [get_timing_paths -max_paths 1 -setup -to $clk_obj];   if {[llength $wns_path] > 0} {get_property SLACK $wns_path} else {puts 0.0} } else {puts {ERROR: clock not found}}
set paths [get_timing_paths -max_paths 20 -setup -slack_lesser_than 0]; if {[llength $paths] == 0} {set paths [get_timing_paths -max_paths 20 -setup]}; foreach p $paths {   set slack [get_property SLACK $p];   set start [get_property STARTPOINT_PIN $p];   set end [get_property ENDPOINT_PIN $p];   if {$start eq {}} {set start [get_property STARTPOINT_CELL $p]};   if {$end eq {}} {set end [get_property ENDPOINT_CELL $p]};   puts "PATH|$slack|$start|$end"; }
report_timing -return_string -max_paths 1 -delay_type max
report_timing -return_string -max_paths 20 -delay_type max -sort_by slack -nworst 1
report_timing -return_string -max_paths 20 -delay_type max -sort_by slack -nworst 1
puts {__get_wns_f2b7f542__}; set clk_obj [get_clocks -quiet {clk_fpl26contest}]; if {$clk_obj ne {}} {   set wns_path [get_timing_paths -max_paths 1 -setup -to $clk_obj];   if {[llength $wns_path] > 0} {get_property SLACK $wns_path} else {puts 0.0} } else {puts {ERROR: clock not found}}
set paths [get_timing_paths -max_paths 20 -setup -slack_lesser_than 0]; if {[llength $paths] == 0} {set paths [get_timing_paths -max_paths 20 -setup]}; foreach p $paths {   set slack [get_property SLACK $p];   set start [get_property STARTPOINT_PIN $p];   set end [get_property ENDPOINT_PIN $p];   if {$start eq {}} {set start [get_property STARTPOINT_CELL $p]};   if {$end eq {}} {set end [get_property ENDPOINT_CELL $p]};   puts "PATH|$slack|$start|$end"; }
report_timing -return_string -max_paths 1 -delay_type max
report_timing -return_string -max_paths 20 -delay_type max -sort_by slack -nworst 1
report_timing -return_string -max_paths 20 -delay_type max -sort_by slack -nworst 1
puts {__get_wns_cfdea2e4__}; set clk_obj [get_clocks -quiet {clk_fpl26contest}]; if {$clk_obj ne {}} {   set wns_path [get_timing_paths -max_paths 1 -setup -to $clk_obj];   if {[llength $wns_path] > 0} {get_property SLACK $wns_path} else {puts 0.0} } else {puts {ERROR: clock not found}}
set paths [get_timing_paths -max_paths 20 -setup -slack_lesser_than 0]; if {[llength $paths] == 0} {set paths [get_timing_paths -max_paths 20 -setup]}; foreach p $paths {   set slack [get_property SLACK $p];   set start [get_property STARTPOINT_PIN $p];   set end [get_property ENDPOINT_PIN $p];   if {$start eq {}} {set start [get_property STARTPOINT_CELL $p]};   if {$end eq {}} {set end [get_property ENDPOINT_CELL $p]};   puts "PATH|$slack|$start|$end"; }
report_timing -return_string -max_paths 1 -delay_type max
report_timing -return_string -max_paths 20 -delay_type max -sort_by slack -nworst 1
report_timing -return_string -max_paths 20 -delay_type max -sort_by slack -nworst 1
puts {__get_wns_6af903a5__}; set clk_obj [get_clocks -quiet {clk_fpl26contest}]; if {$clk_obj ne {}} {   set wns_path [get_timing_paths -max_paths 1 -setup -to $clk_obj];   if {[llength $wns_path] > 0} {get_property SLACK $wns_path} else {puts 0.0} } else {puts {ERROR: clock not found}}
set paths [get_timing_paths -max_paths 20 -setup -slack_lesser_than 0]; if {[llength $paths] == 0} {set paths [get_timing_paths -max_paths 20 -setup]}; foreach p $paths {   set slack [get_property SLACK $p];   set start [get_property STARTPOINT_PIN $p];   set end [get_property ENDPOINT_PIN $p];   if {$start eq {}} {set start [get_property STARTPOINT_CELL $p]};   if {$end eq {}} {set end [get_property ENDPOINT_CELL $p]};   puts "PATH|$slack|$start|$end"; }
report_timing -return_string -max_paths 1 -delay_type max
report_timing -return_string -max_paths 20 -delay_type max -sort_by slack -nworst 1
report_timing -return_string -max_paths 20 -delay_type max -sort_by slack -nworst 1
puts {__get_wns_05d64a93__}; set clk_obj [get_clocks -quiet {clk_fpl26contest}]; if {$clk_obj ne {}} {   set wns_path [get_timing_paths -max_paths 1 -setup -to $clk_obj];   if {[llength $wns_path] > 0} {get_property SLACK $wns_path} else {puts 0.0} } else {puts {ERROR: clock not found}}
set paths [get_timing_paths -max_paths 20 -setup -slack_lesser_than 0]; if {[llength $paths] == 0} {set paths [get_timing_paths -max_paths 20 -setup]}; foreach p $paths {   set slack [get_property SLACK $p];   set start [get_property STARTPOINT_PIN $p];   set end [get_property ENDPOINT_PIN $p];   if {$start eq {}} {set start [get_property STARTPOINT_CELL $p]};   if {$end eq {}} {set end [get_property ENDPOINT_CELL $p]};   puts "PATH|$slack|$start|$end"; }
report_timing -return_string -max_paths 1 -delay_type max
report_timing -return_string -max_paths 20 -delay_type max -sort_by slack -nworst 1
puts {__get_wns_c6381f5f__}; set clk_obj [get_clocks -quiet {clk_fpl26contest}]; if {$clk_obj ne {}} {   set wns_path [get_timing_paths -max_paths 1 -setup -to $clk_obj];   if {[llength $wns_path] > 0} {get_property SLACK $wns_path} else {puts 0.0} } else {puts {ERROR: clock not found}}
set paths [get_timing_paths -max_paths 20 -setup -slack_lesser_than 0]; if {[llength $paths] == 0} {set paths [get_timing_paths -max_paths 20 -setup]}; foreach p $paths {   set slack [get_property SLACK $p];   set start [get_property STARTPOINT_PIN $p];   set end [get_property ENDPOINT_PIN $p];   if {$start eq {}} {set start [get_property STARTPOINT_CELL $p]};   if {$end eq {}} {set end [get_property ENDPOINT_CELL $p]};   puts "PATH|$slack|$start|$end"; }
report_timing -return_string -max_paths 1 -delay_type max
report_timing -return_string -max_paths 20 -delay_type max -sort_by slack -nworst 1
puts {__get_wns_9367625c__}; set clk_obj [get_clocks -quiet {clk_fpl26contest}]; if {$clk_obj ne {}} {   set wns_path [get_timing_paths -max_paths 1 -setup -to $clk_obj];   if {[llength $wns_path] > 0} {get_property SLACK $wns_path} else {puts 0.0} } else {puts {ERROR: clock not found}}
set paths [get_timing_paths -max_paths 20 -setup -slack_lesser_than 0]; if {[llength $paths] == 0} {set paths [get_timing_paths -max_paths 20 -setup]}; foreach p $paths {   set slack [get_property SLACK $p];   set start [get_property STARTPOINT_PIN $p];   set end [get_property ENDPOINT_PIN $p];   if {$start eq {}} {set start [get_property STARTPOINT_CELL $p]};   if {$end eq {}} {set end [get_property ENDPOINT_CELL $p]};   puts "PATH|$slack|$start|$end"; }
report_timing -return_string -max_paths 1 -delay_type max
report_timing -return_string -max_paths 20 -delay_type max -sort_by slack -nworst 1
report_timing -return_string -max_paths 20 -delay_type max -sort_by slack -nworst 1
puts {__get_wns_26cb1cbd__}; set clk_obj [get_clocks -quiet {clk_fpl26contest}]; if {$clk_obj ne {}} {   set wns_path [get_timing_paths -max_paths 1 -setup -to $clk_obj];   if {[llength $wns_path] > 0} {get_property SLACK $wns_path} else {puts 0.0} } else {puts {ERROR: clock not found}}
set paths [get_timing_paths -max_paths 20 -setup -slack_lesser_than 0]; if {[llength $paths] == 0} {set paths [get_timing_paths -max_paths 20 -setup]}; foreach p $paths {   set slack [get_property SLACK $p];   set start [get_property STARTPOINT_PIN $p];   set end [get_property ENDPOINT_PIN $p];   if {$start eq {}} {set start [get_property STARTPOINT_CELL $p]};   if {$end eq {}} {set end [get_property ENDPOINT_CELL $p]};   puts "PATH|$slack|$start|$end"; }
report_timing -return_string -max_paths 1 -delay_type max
report_timing -return_string -max_paths 20 -delay_type max -sort_by slack -nworst 1
report_timing -return_string -max_paths 20 -delay_type max -sort_by slack -nworst 1
puts {__get_wns_c8a484c8__}; set clk_obj [get_clocks -quiet {clk_fpl26contest}]; if {$clk_obj ne {}} {   set wns_path [get_timing_paths -max_paths 1 -setup -to $clk_obj];   if {[llength $wns_path] > 0} {get_property SLACK $wns_path} else {puts 0.0} } else {puts {ERROR: clock not found}}
set paths [get_timing_paths -max_paths 20 -setup -slack_lesser_than 0]; if {[llength $paths] == 0} {set paths [get_timing_paths -max_paths 20 -setup]}; foreach p $paths {   set slack [get_property SLACK $p];   set start [get_property STARTPOINT_PIN $p];   set end [get_property ENDPOINT_PIN $p];   if {$start eq {}} {set start [get_property STARTPOINT_CELL $p]};   if {$end eq {}} {set end [get_property ENDPOINT_CELL $p]};   puts "PATH|$slack|$start|$end"; }
report_timing -return_string -max_paths 1 -delay_type max
report_timing -return_string -max_paths 20 -delay_type max -sort_by slack -nworst 1
report_timing -return_string -max_paths 20 -delay_type max -sort_by slack -nworst 1
puts {__get_wns_b3df143c__}; set clk_obj [get_clocks -quiet {clk_fpl26contest}]; if {$clk_obj ne {}} {   set wns_path [get_timing_paths -max_paths 1 -setup -to $clk_obj];   if {[llength $wns_path] > 0} {get_property SLACK $wns_path} else {puts 0.0} } else {puts {ERROR: clock not found}}
set paths [get_timing_paths -max_paths 20 -setup -slack_lesser_than 0]; if {[llength $paths] == 0} {set paths [get_timing_paths -max_paths 20 -setup]}; foreach p $paths {   set slack [get_property SLACK $p];   set start [get_property STARTPOINT_PIN $p];   set end [get_property ENDPOINT_PIN $p];   if {$start eq {}} {set start [get_property STARTPOINT_CELL $p]};   if {$end eq {}} {set end [get_property ENDPOINT_CELL $p]};   puts "PATH|$slack|$start|$end"; }
report_timing -return_string -max_paths 1 -delay_type max
report_timing -return_string -max_paths 20 -delay_type max -sort_by slack -nworst 1
report_timing -return_string -max_paths 20 -delay_type max -sort_by slack -nworst 1
puts {__get_wns_f2603804__}; set clk_obj [get_clocks -quiet {clk_fpl26contest}]; if {$clk_obj ne {}} {   set wns_path [get_timing_paths -max_paths 1 -setup -to $clk_obj];   if {[llength $wns_path] > 0} {get_property SLACK $wns_path} else {puts 0.0} } else {puts {ERROR: clock not found}}
set paths [get_timing_paths -max_paths 20 -setup -slack_lesser_than 0]; if {[llength $paths] == 0} {set paths [get_timing_paths -max_paths 20 -setup]}; foreach p $paths {   set slack [get_property SLACK $p];   set start [get_property STARTPOINT_PIN $p];   set end [get_property ENDPOINT_PIN $p];   if {$start eq {}} {set start [get_property STARTPOINT_CELL $p]};   if {$end eq {}} {set end [get_property ENDPOINT_CELL $p]};   puts "PATH|$slack|$start|$end"; }
report_timing -return_string -max_paths 1 -delay_type max
report_timing -return_string -max_paths 20 -delay_type max -sort_by slack -nworst 1
report_timing -return_string -max_paths 20 -delay_type max -sort_by slack -nworst 1
puts {__get_wns_70fd96f3__}; set clk_obj [get_clocks -quiet {clk_fpl26contest}]; if {$clk_obj ne {}} {   set wns_path [get_timing_paths -max_paths 1 -setup -to $clk_obj];   if {[llength $wns_path] > 0} {get_property SLACK $wns_path} else {puts 0.0} } else {puts {ERROR: clock not found}}
set paths [get_timing_paths -max_paths 20 -setup -slack_lesser_than 0]; if {[llength $paths] == 0} {set paths [get_timing_paths -max_paths 20 -setup]}; foreach p $paths {   set slack [get_property SLACK $p];   set start [get_property STARTPOINT_PIN $p];   set end [get_property ENDPOINT_PIN $p];   if {$start eq {}} {set start [get_property STARTPOINT_CELL $p]};   if {$end eq {}} {set end [get_property ENDPOINT_CELL $p]};   puts "PATH|$slack|$start|$end"; }
report_timing -return_string -max_paths 1 -delay_type max
report_timing -return_string -max_paths 20 -delay_type max -sort_by slack -nworst 1
report_timing -return_string -max_paths 20 -delay_type max -sort_by slack -nworst 1
puts {__get_wns_c1221a4d__}; set clk_obj [get_clocks -quiet {clk_fpl26contest}]; if {$clk_obj ne {}} {   set wns_path [get_timing_paths -max_paths 1 -setup -to $clk_obj];   if {[llength $wns_path] > 0} {get_property SLACK $wns_path} else {puts 0.0} } else {puts {ERROR: clock not found}}
set paths [get_timing_paths -max_paths 20 -setup -slack_lesser_than 0]; if {[llength $paths] == 0} {set paths [get_timing_paths -max_paths 20 -setup]}; foreach p $paths {   set slack [get_property SLACK $p];   set start [get_property STARTPOINT_PIN $p];   set end [get_property ENDPOINT_PIN $p];   if {$start eq {}} {set start [get_property STARTPOINT_CELL $p]};   if {$end eq {}} {set end [get_property ENDPOINT_CELL $p]};   puts "PATH|$slack|$start|$end"; }
report_timing -return_string -max_paths 1 -delay_type max
report_timing -return_string -max_paths 20 -delay_type max -sort_by slack -nworst 1
report_timing -return_string -max_paths 20 -delay_type max -sort_by slack -nworst 1
close_design
open_checkpoint {/home/ubuntu/fpl2026/dcp_optimizer_run-20260709_202524/cell_placement_iter_045.dcp}
set locked_cells [get_cells -filter {IS_LOC_FIXED == 1}]; if {[llength $locked_cells] > 0} {; set_property IS_LOC_FIXED 0 $locked_cells; set_property IS_BEL_FIXED 0 $locked_cells; }; set locked_nets [get_nets -filter {DONT_TOUCH == 1}]; if {[llength $locked_nets] > 0} {; set_property DONT_TOUCH 0 $locked_nets; }
set objs [get_cells {{layer1_inst/layer1_N44_inst/data_out[134]_i_5} {layer1_inst/layer1_N44_inst/data_out[134]_i_2} {layer1_inst/layer1_N44_inst/data_out[134]_rep_i_1__0} {layer2_reg/data_out_reg[134]_rep__0}}]; set_property IS_LOC_FIXED 1 $objs; set_property IS_BEL_FIXED 1 $objs
puts {__route_status_3162dec5__}; report_route_status -return_string
route_design -directive {Default} -preserve_fixed_routes
report_route_status -return_string
puts {__timing_summary_60e8aec3__}; report_timing_summary -return_string
set clk_obj [get_clocks -quiet {clk_fpl26contest}]; if {$clk_obj ne {}} {   set tp [get_timing_paths -max_paths 1 -setup -to $clk_obj];   if {[llength $tp] > 0} {set wns_value [get_property SLACK $tp]} else {set wns_value 0.0}; } else {   set tp [get_timing_paths -max_paths 1 -slack_lesser_than 999];   if {[llength $tp] > 0} {set wns_value [get_property SLACK $tp]} else {set wns_value 0.0} }; puts {WNS_VALUE_BEGIN}; puts $wns_value; puts {WNS_VALUE_END}
write_checkpoint -force {/home/ubuntu/fpl2026/dcp_optimizer_run-20260709_202524/checkpoints/iter_045.dcp}
close_design
open_checkpoint {/home/ubuntu/fpl2026/dcp_optimizer_run-20260709_202524/checkpoints/iter_001.dcp}
puts {__get_wns_780abdf6__}; set clk_obj [get_clocks -quiet {clk_fpl26contest}]; if {$clk_obj ne {}} {   set wns_path [get_timing_paths -max_paths 1 -setup -to $clk_obj];   if {[llength $wns_path] > 0} {get_property SLACK $wns_path} else {puts 0.0} } else {puts {ERROR: clock not found}}
puts {__get_wns_41db650d__}; set clk_obj [get_clocks -quiet {clk_fpl26contest}]; if {$clk_obj ne {}} {   set wns_path [get_timing_paths -max_paths 1 -setup -to $clk_obj];   if {[llength $wns_path] > 0} {get_property SLACK $wns_path} else {puts 0.0} } else {puts {ERROR: clock not found}}
set paths [get_timing_paths -max_paths 20 -setup -slack_lesser_than 0]; if {[llength $paths] == 0} {set paths [get_timing_paths -max_paths 20 -setup]}; foreach p $paths {   set slack [get_property SLACK $p];   set start [get_property STARTPOINT_PIN $p];   set end [get_property ENDPOINT_PIN $p];   if {$start eq {}} {set start [get_property STARTPOINT_CELL $p]};   if {$end eq {}} {set end [get_property ENDPOINT_CELL $p]};   puts "PATH|$slack|$start|$end"; }
report_timing -return_string -max_paths 1 -delay_type max
report_timing -return_string -max_paths 20 -delay_type max -sort_by slack -nworst 1
report_timing -return_string -max_paths 20 -delay_type max -sort_by slack -nworst 1
puts {__get_wns_d3f17584__}; set clk_obj [get_clocks -quiet {clk_fpl26contest}]; if {$clk_obj ne {}} {   set wns_path [get_timing_paths -max_paths 1 -setup -to $clk_obj];   if {[llength $wns_path] > 0} {get_property SLACK $wns_path} else {puts 0.0} } else {puts {ERROR: clock not found}}
set paths [get_timing_paths -max_paths 20 -setup -slack_lesser_than 0]; if {[llength $paths] == 0} {set paths [get_timing_paths -max_paths 20 -setup]}; foreach p $paths {   set slack [get_property SLACK $p];   set start [get_property STARTPOINT_PIN $p];   set end [get_property ENDPOINT_PIN $p];   if {$start eq {}} {set start [get_property STARTPOINT_CELL $p]};   if {$end eq {}} {set end [get_property ENDPOINT_CELL $p]};   puts "PATH|$slack|$start|$end"; }
report_timing -return_string -max_paths 1 -delay_type max
report_timing -return_string -max_paths 20 -delay_type max -sort_by slack -nworst 1
report_timing -return_string -max_paths 20 -delay_type max -sort_by slack -nworst 1
puts {__get_wns_199d9dc3__}; set clk_obj [get_clocks -quiet {clk_fpl26contest}]; if {$clk_obj ne {}} {   set wns_path [get_timing_paths -max_paths 1 -setup -to $clk_obj];   if {[llength $wns_path] > 0} {get_property SLACK $wns_path} else {puts 0.0} } else {puts {ERROR: clock not found}}
set paths [get_timing_paths -max_paths 20 -setup -slack_lesser_than 0]; if {[llength $paths] == 0} {set paths [get_timing_paths -max_paths 20 -setup]}; foreach p $paths {   set slack [get_property SLACK $p];   set start [get_property STARTPOINT_PIN $p];   set end [get_property ENDPOINT_PIN $p];   if {$start eq {}} {set start [get_property STARTPOINT_CELL $p]};   if {$end eq {}} {set end [get_property ENDPOINT_CELL $p]};   puts "PATH|$slack|$start|$end"; }
report_timing -return_string -max_paths 1 -delay_type max
puts {__get_wns_57c43861__}; set clk_obj [get_clocks -quiet {clk_fpl26contest}]; if {$clk_obj ne {}} {   set wns_path [get_timing_paths -max_paths 1 -setup -to $clk_obj];   if {[llength $wns_path] > 0} {get_property SLACK $wns_path} else {puts 0.0} } else {puts {ERROR: clock not found}}
set paths [get_timing_paths -max_paths 20 -setup -slack_lesser_than 0]; if {[llength $paths] == 0} {set paths [get_timing_paths -max_paths 20 -setup]}; foreach p $paths {   set slack [get_property SLACK $p];   set start [get_property STARTPOINT_PIN $p];   set end [get_property ENDPOINT_PIN $p];   if {$start eq {}} {set start [get_property STARTPOINT_CELL $p]};   if {$end eq {}} {set end [get_property ENDPOINT_CELL $p]};   puts "PATH|$slack|$start|$end"; }
report_timing -return_string -max_paths 1 -delay_type max
report_timing -return_string -max_paths 20 -delay_type max -sort_by slack -nworst 1
report_timing -return_string -max_paths 20 -delay_type max -sort_by slack -nworst 1
puts {__get_wns_c811e472__}; set clk_obj [get_clocks -quiet {clk_fpl26contest}]; if {$clk_obj ne {}} {   set wns_path [get_timing_paths -max_paths 1 -setup -to $clk_obj];   if {[llength $wns_path] > 0} {get_property SLACK $wns_path} else {puts 0.0} } else {puts {ERROR: clock not found}}
set paths [get_timing_paths -max_paths 20 -setup -slack_lesser_than 0]; if {[llength $paths] == 0} {set paths [get_timing_paths -max_paths 20 -setup]}; foreach p $paths {   set slack [get_property SLACK $p];   set start [get_property STARTPOINT_PIN $p];   set end [get_property ENDPOINT_PIN $p];   if {$start eq {}} {set start [get_property STARTPOINT_CELL $p]};   if {$end eq {}} {set end [get_property ENDPOINT_CELL $p]};   puts "PATH|$slack|$start|$end"; }
report_timing -return_string -max_paths 1 -delay_type max
report_timing -return_string -max_paths 20 -delay_type max -sort_by slack -nworst 1
report_timing -return_string -max_paths 20 -delay_type max -sort_by slack -nworst 1
