#-----------------------------------------------------------
# Vivado v2025.1 (64-bit)
# SW Build 6140274 on Wed May 21 22:58:25 MDT 2025
# IP Build 6138677 on Thu May 22 03:10:11 MDT 2025
# SharedData Build 6139179 on Tue May 20 17:58:58 MDT 2025
# Start of session at: Mon Jul 13 00:30:15 2026
# Process ID         : 38212
# Current directory  : /home/fpl2026/dcp_optimizer_run-20260713_003013
# Command line       : vivado -mode tcl -log /home/fpl2026/dcp_optimizer_run-20260713_003013/vivado.log -journal /home/fpl2026/dcp_optimizer_run-20260713_003013/vivado.jou
# Log file           : /home/fpl2026/dcp_optimizer_run-20260713_003013/vivado.log
# Journal file       : /home/fpl2026/dcp_optimizer_run-20260713_003013/vivado.jou
# Running On         : 35ns7cfvpwajp9e9nht0kyrsvp
# Platform           : Ubuntu
# Operating System   : Ubuntu 24.04.4 LTS
# Processor Detail   : AMD EPYC 9V45 96-Core Processor
# CPU Frequency      : 4516.313 MHz
# CPU Physical cores : 4
# CPU Logical cores  : 8
# Host memory        : 33652 MB
# Swap memory        : 0 MB
# Total Virtual      : 33652 MB
# Available Virtual  : 12765 MB
#-----------------------------------------------------------
open_checkpoint {/home/fpl2026/fpl26_contest_benchmarks/rosetta_3d-rendering_2025.1.dcp}
puts {__timing_summary_a4317c54__}; report_timing_summary -return_string
set contest_clk [get_clocks -quiet clk_fpl26contest]; if {$contest_clk ne {}} {   puts "CLOCK:clk_fpl26contest";   puts [get_property PERIOD $contest_clk]; } else {   set tp [get_timing_paths -max_paths 1 -setup];   if {$tp ne {}} {     set clk [get_property ENDPOINT_CLOCK $tp];     if {$clk ne {}} {       puts "CLOCK:$clk";       puts [get_property PERIOD [get_clocks $clk]];     }   } }
set clk_obj [get_clocks -quiet {clk_fpl26contest}]; if {$clk_obj ne {}} {   set tp [get_timing_paths -max_paths 1 -setup -to $clk_obj];   if {[llength $tp] > 0} {set wns_value [get_property SLACK $tp]} else {set wns_value 0.0}; } else {   set tp [get_timing_paths -max_paths 1 -slack_lesser_than 999];   if {[llength $tp] > 0} {set wns_value [get_property SLACK $tp]} else {set wns_value 0.0} }; puts {WNS_VALUE_BEGIN}; puts $wns_value; puts {WNS_VALUE_END}
set paths [get_timing_paths -max_paths 50 -setup]; foreach p $paths {   set start [get_property STARTPOINT_PIN $p];   set end [get_property ENDPOINT_PIN $p];   puts "AUDIT|$start|$end"; }
set paths [get_timing_paths -max_paths 20 -setup -slack_lesser_than 0]; if {[llength $paths] == 0} {set paths [get_timing_paths -max_paths 20 -setup]}; foreach p $paths {   set slack [get_property SLACK $p];   set start [get_property STARTPOINT_PIN $p];   set end [get_property ENDPOINT_PIN $p];   if {$start eq {}} {set start [get_property STARTPOINT_CELL $p]};   if {$end eq {}} {set end [get_property ENDPOINT_CELL $p]};   puts "PATH|$slack|$start|$end"; }
report_timing -return_string -max_paths 1 -delay_type max
puts {__fanout_analysis_7247be37__}; report_timing -return_string -max_paths 50 -delay_type max -sort_by slack
get_nets {grp_zculling_fu_2040/grp_zculling_Pipeline_ZCULLING_fu_1074/fragments_x_load_reg_6451_reg[1]_rep__1_n_6}
get_property PARENT [get_nets {grp_zculling_fu_2040/grp_zculling_Pipeline_ZCULLING_fu_1074/fragments_x_load_reg_6451_reg[1]_rep__1_n_6}]
report_timing -return_string -max_paths 50 -delay_type max -sort_by slack -nworst 1
set _unplaced [llength [get_cells -quiet -hierarchical -filter {IS_PRIMITIVE && STATUS == UNPLACED}]]; puts "STATE_UNPLACED:$_unplaced"
set_delay_model -interconnect none
set _p [lindex [get_timing_paths -max_paths 1 -setup] 0]; if {$_p ne {}} {puts "LOGIC_FLOOR_WNS:[get_property SLACK $_p]"}
set_delay_model -interconnect actual
report_qor_suggestions -return_string
report_timing -return_string -max_paths 1 -delay_type max
place_design -unplace
place_design -directive Default
