#-----------------------------------------------------------
# Vivado v2025.1 (64-bit)
# SW Build 6140274 on Wed May 21 22:58:25 MDT 2025
# IP Build 6138677 on Thu May 22 03:10:11 MDT 2025
# SharedData Build 6139179 on Tue May 20 17:58:58 MDT 2025
# Start of session at: Wed Jul  8 19:34:36 2026
# Process ID         : 4594
# Current directory  : /home/ubuntu/fpl2026/dcp_optimizer_run-20260708_193434
# Command line       : vivado -mode tcl -log /home/ubuntu/fpl2026/dcp_optimizer_run-20260708_193434/vivado.log -journal /home/ubuntu/fpl2026/dcp_optimizer_run-20260708_193434/vivado.jou
# Log file           : /home/ubuntu/fpl2026/dcp_optimizer_run-20260708_193434/vivado.log
# Journal file       : /home/ubuntu/fpl2026/dcp_optimizer_run-20260708_193434/vivado.jou
# Running On         : ip-172-31-35-175
# Platform           : Ubuntu
# Operating System   : Ubuntu 22.04.5 LTS
# Processor Detail   : AMD EPYC 9R14
# CPU Frequency      : 2599.996 MHz
# CPU Physical cores : 8
# CPU Logical cores  : 8
# Host memory        : 32911 MB
# Swap memory        : 0 MB
# Total Virtual      : 32911 MB
# Available Virtual  : 31262 MB
#-----------------------------------------------------------
open_checkpoint {/home/ubuntu/fpl2026/fpl26_contest_benchmarks/logicnets_jscl_2025.1.dcp}
puts {__timing_summary_35dab581__}; report_timing_summary -return_string
set contest_clk [get_clocks -quiet clk_fpl26contest]; if {$contest_clk ne {}} {   puts "CLOCK:clk_fpl26contest";   puts [get_property PERIOD $contest_clk]; } else {   set tp [get_timing_paths -max_paths 1 -setup];   if {$tp ne {}} {     set clk [get_property ENDPOINT_CLOCK $tp];     if {$clk ne {}} {       puts "CLOCK:$clk";       puts [get_property PERIOD [get_clocks $clk]];     }   } }
set clk_obj [get_clocks -quiet {clk_fpl26contest}]; if {$clk_obj ne {}} {   set tp [get_timing_paths -max_paths 1 -setup -to $clk_obj];   if {[llength $tp] > 0} {set wns_value [get_property SLACK $tp]} else {set wns_value 0.0}; } else {   set tp [get_timing_paths -max_paths 1 -slack_lesser_than 999];   if {[llength $tp] > 0} {set wns_value [get_property SLACK $tp]} else {set wns_value 0.0} }; puts {WNS_VALUE_BEGIN}; puts $wns_value; puts {WNS_VALUE_END}
set paths [get_timing_paths -max_paths 20 -setup -slack_lesser_than 0]; if {[llength $paths] == 0} {set paths [get_timing_paths -max_paths 20 -setup]}; foreach p $paths {   set slack [get_property SLACK $p];   set start [get_property STARTPOINT_PIN $p];   set end [get_property ENDPOINT_PIN $p];   if {$start eq {}} {set start [get_property STARTPOINT_CELL $p]};   if {$end eq {}} {set end [get_property ENDPOINT_CELL $p]};   puts "PATH|$slack|$start|$end"; }
report_timing -return_string -max_paths 1 -delay_type max
puts {__fanout_analysis_1cb1dbfb__}; report_timing -return_string -max_paths 50 -delay_type max -sort_by slack
get_nets {layer1_inst/layer1_N28_inst/data_out[86]_i_2_0}
get_property PARENT [get_nets {layer1_inst/layer1_N28_inst/data_out[86]_i_2_0}]
get_nets {layer0_inst/layer0_N25_inst/M0w[5]}
get_property PARENT [get_nets {layer0_inst/layer0_N25_inst/M0w[5]}]
get_nets {layer1_inst/layer1_N37_inst/M1w[2]}
get_property PARENT [get_nets {layer1_inst/layer1_N37_inst/M1w[2]}]
get_nets {layer2_reg/M2w[166]}
get_property PARENT [get_nets {layer2_reg/M2w[166]}]
get_nets {layer0_inst/layer0_N3_inst/M0w[3]}
get_property PARENT [get_nets {layer0_inst/layer0_N3_inst/M0w[3]}]
get_nets {layer1_inst/layer1_N42_inst/data_out[127]_i_15_4}
get_property PARENT [get_nets {layer1_inst/layer1_N42_inst/data_out[127]_i_15_4}]
get_nets {layer0_inst/layer0_N29_inst/M0w[4]}
get_property PARENT [get_nets {layer0_inst/layer0_N29_inst/M0w[4]}]
get_nets {layer2_reg/M2w[30]}
get_property PARENT [get_nets {layer2_reg/M2w[30]}]
get_nets {layer1_inst/layer1_N0_inst/data_out[2]_i_12_1}
get_property PARENT [get_nets {layer1_inst/layer1_N0_inst/data_out[2]_i_12_1}]
get_nets {layer2_reg/M2w[108]}
get_property PARENT [get_nets {layer2_reg/M2w[108]}]
get_nets {layer1_inst/layer1_N44_inst/M1w[2]}
get_property PARENT [get_nets {layer1_inst/layer1_N44_inst/M1w[2]}]
get_nets {layer0_inst/layer0_N30_inst/M0w[1]}
get_property PARENT [get_nets {layer0_inst/layer0_N30_inst/M0w[1]}]
get_nets {layer0_inst/layer0_N31_inst/M0w[2]}
get_property PARENT [get_nets {layer0_inst/layer0_N31_inst/M0w[2]}]
get_nets {layer1_inst/layer1_N48_inst/M1w[5]}
get_property PARENT [get_nets {layer1_inst/layer1_N48_inst/M1w[5]}]
get_nets {layer2_inst/layer2_N171_inst/M2w[1]}
get_property PARENT [get_nets {layer2_inst/layer2_N171_inst/M2w[1]}]
get_nets {layer1_inst/layer1_N45_inst/M1w[0]}
get_property PARENT [get_nets {layer1_inst/layer1_N45_inst/M1w[0]}]
get_nets {layer2_reg/M2w[142]}
get_property PARENT [get_nets {layer2_reg/M2w[142]}]
get_nets {layer1_inst/layer1_N22_inst/data_out[67]_i_9_0}
get_property PARENT [get_nets {layer1_inst/layer1_N22_inst/data_out[67]_i_9_0}]
get_nets {layer1_inst/layer1_N9_inst/data_out_reg[28]_i_21_0}
get_property PARENT [get_nets {layer1_inst/layer1_N9_inst/data_out_reg[28]_i_21_0}]
get_nets {layer0_inst/layer0_N19_inst/M0w[8]}
get_property PARENT [get_nets {layer0_inst/layer0_N19_inst/M0w[8]}]
get_nets {layer0_inst/layer0_N20_inst/M0w[0]}
get_property PARENT [get_nets {layer0_inst/layer0_N20_inst/M0w[0]}]
get_nets {layer1_inst/layer1_N44_inst/data_out_reg[133]_i_21_1}
get_property PARENT [get_nets {layer1_inst/layer1_N44_inst/data_out_reg[133]_i_21_1}]
get_nets {layer2_reg/data_out_reg[191]_0[83]}
get_property PARENT [get_nets {layer2_reg/data_out_reg[191]_0[83]}]
get_nets {layer2_reg/data_out_reg[91]_rep_n_0}
get_property PARENT [get_nets {layer2_reg/data_out_reg[91]_rep_n_0}]
get_nets {layer1_inst/layer1_N33_inst/data_out[100]_i_7_0}
get_property PARENT [get_nets {layer1_inst/layer1_N33_inst/data_out[100]_i_7_0}]
report_timing -return_string -max_paths 50 -delay_type max -sort_by slack -nworst 1
puts {__get_wns_912a496e__}; set clk_obj [get_clocks -quiet {clk_fpl26contest}]; if {$clk_obj ne {}} {   set wns_path [get_timing_paths -max_paths 1 -setup -to $clk_obj];   if {[llength $wns_path] > 0} {get_property SLACK $wns_path} else {puts 0.0} } else {puts {ERROR: clock not found}}
set paths [get_timing_paths -max_paths 20 -setup -slack_lesser_than 0]; if {[llength $paths] == 0} {set paths [get_timing_paths -max_paths 20 -setup]}; foreach p $paths {   set slack [get_property SLACK $p];   set start [get_property STARTPOINT_PIN $p];   set end [get_property ENDPOINT_PIN $p];   if {$start eq {}} {set start [get_property STARTPOINT_CELL $p]};   if {$end eq {}} {set end [get_property ENDPOINT_CELL $p]};   puts "PATH|$slack|$start|$end"; }
report_timing -return_string -max_paths 1 -delay_type max
puts {__get_wns_6e10c14a__}; set clk_obj [get_clocks -quiet {clk_fpl26contest}]; if {$clk_obj ne {}} {   set wns_path [get_timing_paths -max_paths 1 -setup -to $clk_obj];   if {[llength $wns_path] > 0} {get_property SLACK $wns_path} else {puts 0.0} } else {puts {ERROR: clock not found}}
set paths [get_timing_paths -max_paths 20 -setup -slack_lesser_than 0]; if {[llength $paths] == 0} {set paths [get_timing_paths -max_paths 20 -setup]}; foreach p $paths {   set slack [get_property SLACK $p];   set start [get_property STARTPOINT_PIN $p];   set end [get_property ENDPOINT_PIN $p];   if {$start eq {}} {set start [get_property STARTPOINT_CELL $p]};   if {$end eq {}} {set end [get_property ENDPOINT_CELL $p]};   puts "PATH|$slack|$start|$end"; }
report_timing -return_string -max_paths 1 -delay_type max
report_timing -return_string -max_paths 20 -delay_type max -sort_by slack -nworst 1
close_design
open_checkpoint {/home/ubuntu/fpl2026/dcp_optimizer_run-20260708_193434/cell_placement_iter_002.dcp}
set locked_cells [get_cells -filter {IS_LOC_FIXED == 1}]; if {[llength $locked_cells] > 0} {; set_property IS_LOC_FIXED 0 $locked_cells; set_property IS_BEL_FIXED 0 $locked_cells; }; set locked_nets [get_nets -filter {DONT_TOUCH == 1}]; if {[llength $locked_nets] > 0} {; set_property DONT_TOUCH 0 $locked_nets; }
set objs [get_cells {{layer2_reg/layer2_N132_inst/data_out_reg[396]_i_13} {layer2_reg/layer2_N132_inst/data_out[396]_i_7} {layer0_inst/layer0_N25_inst/data_out_reg[76]_i_7} {layer0_inst/layer0_N25_inst/data_out[76]_i_3} {layer1_inst/layer1_N0_inst/data_out_reg[2]_i_1} {layer0_inst/layer0_N3_inst/data_out[11]_i_18} {layer0_inst/layer0_N30_inst/data_out[90]_i_19}}]; set_property IS_LOC_FIXED 1 $objs; set_property IS_BEL_FIXED 1 $objs
puts {__route_status_5ef35302__}; report_route_status -return_string
route_design -directive {Default} -preserve_fixed_routes
report_route_status -return_string
puts {__timing_summary_08c12a85__}; report_timing_summary -return_string
set clk_obj [get_clocks -quiet {clk_fpl26contest}]; if {$clk_obj ne {}} {   set tp [get_timing_paths -max_paths 1 -setup -to $clk_obj];   if {[llength $tp] > 0} {set wns_value [get_property SLACK $tp]} else {set wns_value 0.0}; } else {   set tp [get_timing_paths -max_paths 1 -slack_lesser_than 999];   if {[llength $tp] > 0} {set wns_value [get_property SLACK $tp]} else {set wns_value 0.0} }; puts {WNS_VALUE_BEGIN}; puts $wns_value; puts {WNS_VALUE_END}
write_checkpoint -force {/home/ubuntu/fpl2026/dcp_optimizer_run-20260708_193434/checkpoints/iter_002.dcp}
close_design
open_checkpoint {/home/ubuntu/fpl2026/fpl26_contest_benchmarks/logicnets_jscl_2025.1.dcp}
puts {__get_wns_e4995475__}; set clk_obj [get_clocks -quiet {clk_fpl26contest}]; if {$clk_obj ne {}} {   set wns_path [get_timing_paths -max_paths 1 -setup -to $clk_obj];   if {[llength $wns_path] > 0} {get_property SLACK $wns_path} else {puts 0.0} } else {puts {ERROR: clock not found}}
puts {__get_wns_ec4b030a__}; set clk_obj [get_clocks -quiet {clk_fpl26contest}]; if {$clk_obj ne {}} {   set wns_path [get_timing_paths -max_paths 1 -setup -to $clk_obj];   if {[llength $wns_path] > 0} {get_property SLACK $wns_path} else {puts 0.0} } else {puts {ERROR: clock not found}}
set paths [get_timing_paths -max_paths 20 -setup -slack_lesser_than 0]; if {[llength $paths] == 0} {set paths [get_timing_paths -max_paths 20 -setup]}; foreach p $paths {   set slack [get_property SLACK $p];   set start [get_property STARTPOINT_PIN $p];   set end [get_property ENDPOINT_PIN $p];   if {$start eq {}} {set start [get_property STARTPOINT_CELL $p]};   if {$end eq {}} {set end [get_property ENDPOINT_CELL $p]};   puts "PATH|$slack|$start|$end"; }
report_timing -return_string -max_paths 1 -delay_type max
puts {__get_wns_b2b5ae96__}; set clk_obj [get_clocks -quiet {clk_fpl26contest}]; if {$clk_obj ne {}} {   set wns_path [get_timing_paths -max_paths 1 -setup -to $clk_obj];   if {[llength $wns_path] > 0} {get_property SLACK $wns_path} else {puts 0.0} } else {puts {ERROR: clock not found}}
set paths [get_timing_paths -max_paths 20 -setup -slack_lesser_than 0]; if {[llength $paths] == 0} {set paths [get_timing_paths -max_paths 20 -setup]}; foreach p $paths {   set slack [get_property SLACK $p];   set start [get_property STARTPOINT_PIN $p];   set end [get_property ENDPOINT_PIN $p];   if {$start eq {}} {set start [get_property STARTPOINT_CELL $p]};   if {$end eq {}} {set end [get_property ENDPOINT_CELL $p]};   puts "PATH|$slack|$start|$end"; }
report_timing -return_string -max_paths 1 -delay_type max
report_timing -return_string -max_paths 20 -delay_type max -sort_by slack -nworst 1
puts {__get_wns_5ddb8d32__}; set clk_obj [get_clocks -quiet {clk_fpl26contest}]; if {$clk_obj ne {}} {   set wns_path [get_timing_paths -max_paths 1 -setup -to $clk_obj];   if {[llength $wns_path] > 0} {get_property SLACK $wns_path} else {puts 0.0} } else {puts {ERROR: clock not found}}
set paths [get_timing_paths -max_paths 20 -setup -slack_lesser_than 0]; if {[llength $paths] == 0} {set paths [get_timing_paths -max_paths 20 -setup]}; foreach p $paths {   set slack [get_property SLACK $p];   set start [get_property STARTPOINT_PIN $p];   set end [get_property ENDPOINT_PIN $p];   if {$start eq {}} {set start [get_property STARTPOINT_CELL $p]};   if {$end eq {}} {set end [get_property ENDPOINT_CELL $p]};   puts "PATH|$slack|$start|$end"; }
report_timing -return_string -max_paths 1 -delay_type max
puts {__get_wns_4c8635c7__}; set clk_obj [get_clocks -quiet {clk_fpl26contest}]; if {$clk_obj ne {}} {   set wns_path [get_timing_paths -max_paths 1 -setup -to $clk_obj];   if {[llength $wns_path] > 0} {get_property SLACK $wns_path} else {puts 0.0} } else {puts {ERROR: clock not found}}
set paths [get_timing_paths -max_paths 20 -setup -slack_lesser_than 0]; if {[llength $paths] == 0} {set paths [get_timing_paths -max_paths 20 -setup]}; foreach p $paths {   set slack [get_property SLACK $p];   set start [get_property STARTPOINT_PIN $p];   set end [get_property ENDPOINT_PIN $p];   if {$start eq {}} {set start [get_property STARTPOINT_CELL $p]};   if {$end eq {}} {set end [get_property ENDPOINT_CELL $p]};   puts "PATH|$slack|$start|$end"; }
report_timing -return_string -max_paths 1 -delay_type max
report_timing -return_string -max_paths 20 -delay_type max -sort_by slack -nworst 1
close_design
open_checkpoint {/home/ubuntu/fpl2026/dcp_optimizer_run-20260708_193434/cell_placement_iter_006.dcp}
set locked_cells [get_cells -filter {IS_LOC_FIXED == 1}]; if {[llength $locked_cells] > 0} {; set_property IS_LOC_FIXED 0 $locked_cells; set_property IS_BEL_FIXED 0 $locked_cells; }; set locked_nets [get_nets -filter {DONT_TOUCH == 1}]; if {[llength $locked_nets] > 0} {; set_property DONT_TOUCH 0 $locked_nets; }
set objs [get_cells {{layer1_reg} {layer2_reg/data_out_reg[166]} {layer3_reg/data_out_reg[377]} {layer0_reg/data_out_reg[0]_rep__2} {layer1_reg/data_out_reg[51]_rep} {layer0_reg/data_out_reg[42]} {layer1_reg/data_out_reg[9]_rep__1} {layer1_reg/data_out_reg[75]_rep__0} {layer2_reg/data_out_reg[91]} {layer3_reg/data_out_reg[457]}}]; set_property IS_LOC_FIXED 1 $objs; set_property IS_BEL_FIXED 1 $objs
puts {__route_status_9f7f4c89__}; report_route_status -return_string
route_design -directive {Default} -preserve_fixed_routes
report_route_status -return_string
puts {__timing_summary_ae16f921__}; report_timing_summary -return_string
set clk_obj [get_clocks -quiet {clk_fpl26contest}]; if {$clk_obj ne {}} {   set tp [get_timing_paths -max_paths 1 -setup -to $clk_obj];   if {[llength $tp] > 0} {set wns_value [get_property SLACK $tp]} else {set wns_value 0.0}; } else {   set tp [get_timing_paths -max_paths 1 -slack_lesser_than 999];   if {[llength $tp] > 0} {set wns_value [get_property SLACK $tp]} else {set wns_value 0.0} }; puts {WNS_VALUE_BEGIN}; puts $wns_value; puts {WNS_VALUE_END}
write_checkpoint -force {/home/ubuntu/fpl2026/dcp_optimizer_run-20260708_193434/checkpoints/iter_006.dcp}
close_design
open_checkpoint {/home/ubuntu/fpl2026/fpl26_contest_benchmarks/logicnets_jscl_2025.1.dcp}
puts {__get_wns_cc2be8e7__}; set clk_obj [get_clocks -quiet {clk_fpl26contest}]; if {$clk_obj ne {}} {   set wns_path [get_timing_paths -max_paths 1 -setup -to $clk_obj];   if {[llength $wns_path] > 0} {get_property SLACK $wns_path} else {puts 0.0} } else {puts {ERROR: clock not found}}
puts {__get_wns_d06d26a2__}; set clk_obj [get_clocks -quiet {clk_fpl26contest}]; if {$clk_obj ne {}} {   set wns_path [get_timing_paths -max_paths 1 -setup -to $clk_obj];   if {[llength $wns_path] > 0} {get_property SLACK $wns_path} else {puts 0.0} } else {puts {ERROR: clock not found}}
set paths [get_timing_paths -max_paths 20 -setup -slack_lesser_than 0]; if {[llength $paths] == 0} {set paths [get_timing_paths -max_paths 20 -setup]}; foreach p $paths {   set slack [get_property SLACK $p];   set start [get_property STARTPOINT_PIN $p];   set end [get_property ENDPOINT_PIN $p];   if {$start eq {}} {set start [get_property STARTPOINT_CELL $p]};   if {$end eq {}} {set end [get_property ENDPOINT_CELL $p]};   puts "PATH|$slack|$start|$end"; }
report_timing -return_string -max_paths 1 -delay_type max
report_timing -return_string -max_paths 20 -delay_type max -sort_by slack -nworst 1
report_timing -return_string -max_paths 20 -delay_type max -sort_by slack -nworst 1
puts {__get_wns_3a03ffdc__}; set clk_obj [get_clocks -quiet {clk_fpl26contest}]; if {$clk_obj ne {}} {   set wns_path [get_timing_paths -max_paths 1 -setup -to $clk_obj];   if {[llength $wns_path] > 0} {get_property SLACK $wns_path} else {puts 0.0} } else {puts {ERROR: clock not found}}
set paths [get_timing_paths -max_paths 20 -setup -slack_lesser_than 0]; if {[llength $paths] == 0} {set paths [get_timing_paths -max_paths 20 -setup]}; foreach p $paths {   set slack [get_property SLACK $p];   set start [get_property STARTPOINT_PIN $p];   set end [get_property ENDPOINT_PIN $p];   if {$start eq {}} {set start [get_property STARTPOINT_CELL $p]};   if {$end eq {}} {set end [get_property ENDPOINT_CELL $p]};   puts "PATH|$slack|$start|$end"; }
report_timing -return_string -max_paths 1 -delay_type max
report_timing -return_string -max_paths 20 -delay_type max -sort_by slack -nworst 1
report_timing -return_string -max_paths 20 -delay_type max -sort_by slack -nworst 1
close_design
open_checkpoint {/home/ubuntu/fpl2026/dcp_optimizer_run-20260708_193434/cell_placement_iter_008.dcp}
set locked_cells [get_cells -filter {IS_LOC_FIXED == 1}]; if {[llength $locked_cells] > 0} {; set_property IS_LOC_FIXED 0 $locked_cells; set_property IS_BEL_FIXED 0 $locked_cells; }; set locked_nets [get_nets -filter {DONT_TOUCH == 1}]; if {[llength $locked_nets] > 0} {; set_property DONT_TOUCH 0 $locked_nets; }
set objs [get_cells {{layer0_inst/layer0_N25_inst/data_out[75]_rep_i_1} {layer1_inst/layer1_N37_inst/data_out[111]_i_24} {layer1_inst/layer1_N37_inst/data_out[111]_i_12} {layer1_inst/layer1_N37_inst/data_out[111]_i_6} {layer1_inst/layer1_N37_inst/data_out_reg[111]_i_3} {layer1_inst/layer1_N37_inst/data_out_reg[111]_i_1} {layer2_reg/layer2_N125_inst/data_out[377]_i_27} {layer2_reg/layer2_N125_inst/data_out[377]_i_11} {layer2_reg/layer2_N125_inst/data_out[377]_i_3} {layer2_reg/layer2_N125_inst/data_out[377]_i_1}}]; set_property IS_LOC_FIXED 1 $objs; set_property IS_BEL_FIXED 1 $objs
puts {__route_status_8bf744ab__}; report_route_status -return_string
route_design -directive {Default} -preserve_fixed_routes
report_route_status -return_string
puts {__timing_summary_d8839c32__}; report_timing_summary -return_string
set clk_obj [get_clocks -quiet {clk_fpl26contest}]; if {$clk_obj ne {}} {   set tp [get_timing_paths -max_paths 1 -setup -to $clk_obj];   if {[llength $tp] > 0} {set wns_value [get_property SLACK $tp]} else {set wns_value 0.0}; } else {   set tp [get_timing_paths -max_paths 1 -slack_lesser_than 999];   if {[llength $tp] > 0} {set wns_value [get_property SLACK $tp]} else {set wns_value 0.0} }; puts {WNS_VALUE_BEGIN}; puts $wns_value; puts {WNS_VALUE_END}
write_checkpoint -force {/home/ubuntu/fpl2026/dcp_optimizer_run-20260708_193434/checkpoints/iter_008.dcp}
close_design
open_checkpoint {/home/ubuntu/fpl2026/fpl26_contest_benchmarks/logicnets_jscl_2025.1.dcp}
puts {__get_wns_b79ac070__}; set clk_obj [get_clocks -quiet {clk_fpl26contest}]; if {$clk_obj ne {}} {   set wns_path [get_timing_paths -max_paths 1 -setup -to $clk_obj];   if {[llength $wns_path] > 0} {get_property SLACK $wns_path} else {puts 0.0} } else {puts {ERROR: clock not found}}
puts {__get_wns_2c12f345__}; set clk_obj [get_clocks -quiet {clk_fpl26contest}]; if {$clk_obj ne {}} {   set wns_path [get_timing_paths -max_paths 1 -setup -to $clk_obj];   if {[llength $wns_path] > 0} {get_property SLACK $wns_path} else {puts 0.0} } else {puts {ERROR: clock not found}}
set paths [get_timing_paths -max_paths 20 -setup -slack_lesser_than 0]; if {[llength $paths] == 0} {set paths [get_timing_paths -max_paths 20 -setup]}; foreach p $paths {   set slack [get_property SLACK $p];   set start [get_property STARTPOINT_PIN $p];   set end [get_property ENDPOINT_PIN $p];   if {$start eq {}} {set start [get_property STARTPOINT_CELL $p]};   if {$end eq {}} {set end [get_property ENDPOINT_CELL $p]};   puts "PATH|$slack|$start|$end"; }
report_timing -return_string -max_paths 1 -delay_type max
report_timing -return_string -max_paths 20 -delay_type max -sort_by slack -nworst 1
report_timing -return_string -max_paths 20 -delay_type max -sort_by slack -nworst 1
close_design
open_checkpoint {/home/ubuntu/fpl2026/dcp_optimizer_run-20260708_193434/cell_placement_iter_009.dcp}
set locked_cells [get_cells -filter {IS_LOC_FIXED == 1}]; if {[llength $locked_cells] > 0} {; set_property IS_LOC_FIXED 0 $locked_cells; set_property IS_BEL_FIXED 0 $locked_cells; }; set locked_nets [get_nets -filter {DONT_TOUCH == 1}]; if {[llength $locked_nets] > 0} {; set_property DONT_TOUCH 0 $locked_nets; }
set objs [get_cells {{layer0_inst/layer0_N17_inst/data_out[51]_i_31} {layer0_inst/layer0_N17_inst/data_out_reg[51]_i_19} {layer0_inst/layer0_N17_inst/data_out[51]_i_9} {layer0_inst/layer0_N17_inst/data_out[51]_i_3} {layer0_inst/layer0_N17_inst/data_out_reg[51]_i_1} {layer0_inst/layer0_N3_inst/data_out[9]_i_30} {layer0_inst/layer0_N3_inst/data_out[9]_i_13} {layer0_inst/layer0_N3_inst/data_out_reg[9]_i_5} {layer0_inst/layer0_N3_inst/data_out[9]_i_2} {layer0_inst/layer0_N3_inst/data_out_reg[9]_i_1}}]; set_property IS_LOC_FIXED 1 $objs; set_property IS_BEL_FIXED 1 $objs
puts {__route_status_9dac6d76__}; report_route_status -return_string
route_design -directive {Default} -preserve_fixed_routes
report_route_status -return_string
puts {__timing_summary_75556cd3__}; report_timing_summary -return_string
set clk_obj [get_clocks -quiet {clk_fpl26contest}]; if {$clk_obj ne {}} {   set tp [get_timing_paths -max_paths 1 -setup -to $clk_obj];   if {[llength $tp] > 0} {set wns_value [get_property SLACK $tp]} else {set wns_value 0.0}; } else {   set tp [get_timing_paths -max_paths 1 -slack_lesser_than 999];   if {[llength $tp] > 0} {set wns_value [get_property SLACK $tp]} else {set wns_value 0.0} }; puts {WNS_VALUE_BEGIN}; puts $wns_value; puts {WNS_VALUE_END}
write_checkpoint -force {/home/ubuntu/fpl2026/dcp_optimizer_run-20260708_193434/checkpoints/iter_009.dcp}
close_design
open_checkpoint {/home/ubuntu/fpl2026/fpl26_contest_benchmarks/logicnets_jscl_2025.1.dcp}
puts {__get_wns_fe4a730d__}; set clk_obj [get_clocks -quiet {clk_fpl26contest}]; if {$clk_obj ne {}} {   set wns_path [get_timing_paths -max_paths 1 -setup -to $clk_obj];   if {[llength $wns_path] > 0} {get_property SLACK $wns_path} else {puts 0.0} } else {puts {ERROR: clock not found}}
puts {__get_wns_6149eb14__}; set clk_obj [get_clocks -quiet {clk_fpl26contest}]; if {$clk_obj ne {}} {   set wns_path [get_timing_paths -max_paths 1 -setup -to $clk_obj];   if {[llength $wns_path] > 0} {get_property SLACK $wns_path} else {puts 0.0} } else {puts {ERROR: clock not found}}
set paths [get_timing_paths -max_paths 20 -setup -slack_lesser_than 0]; if {[llength $paths] == 0} {set paths [get_timing_paths -max_paths 20 -setup]}; foreach p $paths {   set slack [get_property SLACK $p];   set start [get_property STARTPOINT_PIN $p];   set end [get_property ENDPOINT_PIN $p];   if {$start eq {}} {set start [get_property STARTPOINT_CELL $p]};   if {$end eq {}} {set end [get_property ENDPOINT_CELL $p]};   puts "PATH|$slack|$start|$end"; }
report_timing -return_string -max_paths 1 -delay_type max
report_timing -return_string -max_paths 20 -delay_type max -sort_by slack -nworst 1
report_timing -return_string -max_paths 20 -delay_type max -sort_by slack -nworst 1
puts {__get_wns_11432477__}; set clk_obj [get_clocks -quiet {clk_fpl26contest}]; if {$clk_obj ne {}} {   set wns_path [get_timing_paths -max_paths 1 -setup -to $clk_obj];   if {[llength $wns_path] > 0} {get_property SLACK $wns_path} else {puts 0.0} } else {puts {ERROR: clock not found}}
set paths [get_timing_paths -max_paths 20 -setup -slack_lesser_than 0]; if {[llength $paths] == 0} {set paths [get_timing_paths -max_paths 20 -setup]}; foreach p $paths {   set slack [get_property SLACK $p];   set start [get_property STARTPOINT_PIN $p];   set end [get_property ENDPOINT_PIN $p];   if {$start eq {}} {set start [get_property STARTPOINT_CELL $p]};   if {$end eq {}} {set end [get_property ENDPOINT_CELL $p]};   puts "PATH|$slack|$start|$end"; }
report_timing -return_string -max_paths 1 -delay_type max
puts {__get_wns_45dbe9e1__}; set clk_obj [get_clocks -quiet {clk_fpl26contest}]; if {$clk_obj ne {}} {   set wns_path [get_timing_paths -max_paths 1 -setup -to $clk_obj];   if {[llength $wns_path] > 0} {get_property SLACK $wns_path} else {puts 0.0} } else {puts {ERROR: clock not found}}
set paths [get_timing_paths -max_paths 20 -setup -slack_lesser_than 0]; if {[llength $paths] == 0} {set paths [get_timing_paths -max_paths 20 -setup]}; foreach p $paths {   set slack [get_property SLACK $p];   set start [get_property STARTPOINT_PIN $p];   set end [get_property ENDPOINT_PIN $p];   if {$start eq {}} {set start [get_property STARTPOINT_CELL $p]};   if {$end eq {}} {set end [get_property ENDPOINT_CELL $p]};   puts "PATH|$slack|$start|$end"; }
report_timing -return_string -max_paths 1 -delay_type max
report_timing -return_string -max_paths 20 -delay_type max -sort_by slack -nworst 1
report_timing -return_string -max_paths 20 -delay_type max -sort_by slack -nworst 1
close_design
open_checkpoint {/home/ubuntu/fpl2026/dcp_optimizer_run-20260708_193434/cell_placement_iter_012.dcp}
set locked_cells [get_cells -filter {IS_LOC_FIXED == 1}]; if {[llength $locked_cells] > 0} {; set_property IS_LOC_FIXED 0 $locked_cells; set_property IS_BEL_FIXED 0 $locked_cells; }; set locked_nets [get_nets -filter {DONT_TOUCH == 1}]; if {[llength $locked_nets] > 0} {; set_property DONT_TOUCH 0 $locked_nets; }
set objs [get_cells {{layer0_reg/data_out_reg[47]} {layer0_inst/layer0_N29_inst/data_out[88]_i_35} {layer0_inst/layer0_N29_inst/data_out[88]_i_12} {layer0_inst/layer0_N29_inst/data_out[88]_i_5} {layer0_inst/layer0_N29_inst/data_out_reg[88]_i_2} {layer0_inst/layer0_N29_inst/data_out_reg[88]_i_1} {layer1_reg/data_out_reg[88]_rep} {layer2_reg/data_out_reg[30]} {layer2_reg/layer2_N16_inst/data_out[49]_i_21} {layer2_reg/layer2_N16_inst/data_out[49]_i_11}}]; set_property IS_LOC_FIXED 1 $objs; set_property IS_BEL_FIXED 1 $objs
puts {__route_status_519fa542__}; report_route_status -return_string
route_design -directive {Default} -preserve_fixed_routes
report_route_status -return_string
puts {__timing_summary_8e5c2da8__}; report_timing_summary -return_string
set clk_obj [get_clocks -quiet {clk_fpl26contest}]; if {$clk_obj ne {}} {   set tp [get_timing_paths -max_paths 1 -setup -to $clk_obj];   if {[llength $tp] > 0} {set wns_value [get_property SLACK $tp]} else {set wns_value 0.0}; } else {   set tp [get_timing_paths -max_paths 1 -slack_lesser_than 999];   if {[llength $tp] > 0} {set wns_value [get_property SLACK $tp]} else {set wns_value 0.0} }; puts {WNS_VALUE_BEGIN}; puts $wns_value; puts {WNS_VALUE_END}
write_checkpoint -force {/home/ubuntu/fpl2026/dcp_optimizer_run-20260708_193434/checkpoints/iter_012.dcp}
close_design
open_checkpoint {/home/ubuntu/fpl2026/fpl26_contest_benchmarks/logicnets_jscl_2025.1.dcp}
puts {__get_wns_2682c81f__}; set clk_obj [get_clocks -quiet {clk_fpl26contest}]; if {$clk_obj ne {}} {   set wns_path [get_timing_paths -max_paths 1 -setup -to $clk_obj];   if {[llength $wns_path] > 0} {get_property SLACK $wns_path} else {puts 0.0} } else {puts {ERROR: clock not found}}
puts {__get_wns_143313ca__}; set clk_obj [get_clocks -quiet {clk_fpl26contest}]; if {$clk_obj ne {}} {   set wns_path [get_timing_paths -max_paths 1 -setup -to $clk_obj];   if {[llength $wns_path] > 0} {get_property SLACK $wns_path} else {puts 0.0} } else {puts {ERROR: clock not found}}
set paths [get_timing_paths -max_paths 20 -setup -slack_lesser_than 0]; if {[llength $paths] == 0} {set paths [get_timing_paths -max_paths 20 -setup]}; foreach p $paths {   set slack [get_property SLACK $p];   set start [get_property STARTPOINT_PIN $p];   set end [get_property ENDPOINT_PIN $p];   if {$start eq {}} {set start [get_property STARTPOINT_CELL $p]};   if {$end eq {}} {set end [get_property ENDPOINT_CELL $p]};   puts "PATH|$slack|$start|$end"; }
report_timing -return_string -max_paths 1 -delay_type max
report_timing -return_string -max_paths 20 -delay_type max -sort_by slack -nworst 1
report_timing -return_string -max_paths 20 -delay_type max -sort_by slack -nworst 1
puts {__get_wns_8e59adb4__}; set clk_obj [get_clocks -quiet {clk_fpl26contest}]; if {$clk_obj ne {}} {   set wns_path [get_timing_paths -max_paths 1 -setup -to $clk_obj];   if {[llength $wns_path] > 0} {get_property SLACK $wns_path} else {puts 0.0} } else {puts {ERROR: clock not found}}
set paths [get_timing_paths -max_paths 20 -setup -slack_lesser_than 0]; if {[llength $paths] == 0} {set paths [get_timing_paths -max_paths 20 -setup]}; foreach p $paths {   set slack [get_property SLACK $p];   set start [get_property STARTPOINT_PIN $p];   set end [get_property ENDPOINT_PIN $p];   if {$start eq {}} {set start [get_property STARTPOINT_CELL $p]};   if {$end eq {}} {set end [get_property ENDPOINT_CELL $p]};   puts "PATH|$slack|$start|$end"; }
report_timing -return_string -max_paths 1 -delay_type max
report_timing -return_string -max_paths 20 -delay_type max -sort_by slack -nworst 1
report_timing -return_string -max_paths 20 -delay_type max -sort_by slack -nworst 1
close_design
open_checkpoint {/home/ubuntu/fpl2026/dcp_optimizer_run-20260708_193434/cell_placement_iter_014.dcp}
set locked_cells [get_cells -filter {IS_LOC_FIXED == 1}]; if {[llength $locked_cells] > 0} {; set_property IS_LOC_FIXED 0 $locked_cells; set_property IS_BEL_FIXED 0 $locked_cells; }; set locked_nets [get_nets -filter {DONT_TOUCH == 1}]; if {[llength $locked_nets] > 0} {; set_property DONT_TOUCH 0 $locked_nets; }
set objs [get_cells {{layer1_inst/layer1_N0_inst/data_out[2]_i_5} {layer2_reg/layer2_N132_inst/data_out[396]_i_24} {layer2_reg/layer2_N132_inst/data_out_reg[396]_i_3} {layer2_reg/layer2_N132_inst/data_out[396]_i_1} {layer3_reg/data_out_reg[396]} {layer1_reg/data_out_reg[51]_rep__1} {layer1_inst/layer1_N37_inst/data_out[113]_i_14} {layer1_inst/layer1_N37_inst/data_out[113]_i_6} {layer1_inst/layer1_N37_inst/data_out[113]_i_2} {layer1_inst/layer1_N37_inst/data_out[113]_rep_i_1__1}}]; set_property IS_LOC_FIXED 1 $objs; set_property IS_BEL_FIXED 1 $objs
puts {__route_status_4496258d__}; report_route_status -return_string
route_design -directive {Default} -preserve_fixed_routes
report_route_status -return_string
puts {__timing_summary_bc374379__}; report_timing_summary -return_string
set clk_obj [get_clocks -quiet {clk_fpl26contest}]; if {$clk_obj ne {}} {   set tp [get_timing_paths -max_paths 1 -setup -to $clk_obj];   if {[llength $tp] > 0} {set wns_value [get_property SLACK $tp]} else {set wns_value 0.0}; } else {   set tp [get_timing_paths -max_paths 1 -slack_lesser_than 999];   if {[llength $tp] > 0} {set wns_value [get_property SLACK $tp]} else {set wns_value 0.0} }; puts {WNS_VALUE_BEGIN}; puts $wns_value; puts {WNS_VALUE_END}
write_checkpoint -force {/home/ubuntu/fpl2026/dcp_optimizer_run-20260708_193434/checkpoints/iter_014.dcp}
close_design
open_checkpoint {/home/ubuntu/fpl2026/fpl26_contest_benchmarks/logicnets_jscl_2025.1.dcp}
puts {__get_wns_eed88038__}; set clk_obj [get_clocks -quiet {clk_fpl26contest}]; if {$clk_obj ne {}} {   set wns_path [get_timing_paths -max_paths 1 -setup -to $clk_obj];   if {[llength $wns_path] > 0} {get_property SLACK $wns_path} else {puts 0.0} } else {puts {ERROR: clock not found}}
puts {__get_wns_e56434c2__}; set clk_obj [get_clocks -quiet {clk_fpl26contest}]; if {$clk_obj ne {}} {   set wns_path [get_timing_paths -max_paths 1 -setup -to $clk_obj];   if {[llength $wns_path] > 0} {get_property SLACK $wns_path} else {puts 0.0} } else {puts {ERROR: clock not found}}
set paths [get_timing_paths -max_paths 20 -setup -slack_lesser_than 0]; if {[llength $paths] == 0} {set paths [get_timing_paths -max_paths 20 -setup]}; foreach p $paths {   set slack [get_property SLACK $p];   set start [get_property STARTPOINT_PIN $p];   set end [get_property ENDPOINT_PIN $p];   if {$start eq {}} {set start [get_property STARTPOINT_CELL $p]};   if {$end eq {}} {set end [get_property ENDPOINT_CELL $p]};   puts "PATH|$slack|$start|$end"; }
report_timing -return_string -max_paths 1 -delay_type max
report_timing -return_string -max_paths 20 -delay_type max -sort_by slack -nworst 1
report_timing -return_string -max_paths 20 -delay_type max -sort_by slack -nworst 1
puts {__get_wns_74c1bc66__}; set clk_obj [get_clocks -quiet {clk_fpl26contest}]; if {$clk_obj ne {}} {   set wns_path [get_timing_paths -max_paths 1 -setup -to $clk_obj];   if {[llength $wns_path] > 0} {get_property SLACK $wns_path} else {puts 0.0} } else {puts {ERROR: clock not found}}
set paths [get_timing_paths -max_paths 20 -setup -slack_lesser_than 0]; if {[llength $paths] == 0} {set paths [get_timing_paths -max_paths 20 -setup]}; foreach p $paths {   set slack [get_property SLACK $p];   set start [get_property STARTPOINT_PIN $p];   set end [get_property ENDPOINT_PIN $p];   if {$start eq {}} {set start [get_property STARTPOINT_CELL $p]};   if {$end eq {}} {set end [get_property ENDPOINT_CELL $p]};   puts "PATH|$slack|$start|$end"; }
report_timing -return_string -max_paths 1 -delay_type max
report_timing -return_string -max_paths 20 -delay_type max -sort_by slack -nworst 1
report_timing -return_string -max_paths 20 -delay_type max -sort_by slack -nworst 1
close_design
open_checkpoint {/home/ubuntu/fpl2026/dcp_optimizer_run-20260708_193434/cell_placement_iter_016.dcp}
set locked_cells [get_cells -filter {IS_LOC_FIXED == 1}]; if {[llength $locked_cells] > 0} {; set_property IS_LOC_FIXED 0 $locked_cells; set_property IS_BEL_FIXED 0 $locked_cells; }; set locked_nets [get_nets -filter {DONT_TOUCH == 1}]; if {[llength $locked_nets] > 0} {; set_property DONT_TOUCH 0 $locked_nets; }
set objs [get_cells {{layer1_inst/layer1_N44_inst/data_out[132]_i_3} {layer0_inst/layer0_N30_inst/data_out[90]_i_4} {layer0_inst/layer0_N30_inst/data_out[90]_i_1} {layer1_reg/data_out_reg[90]} {layer0_reg/data_out_reg[40]_rep} {layer0_inst/layer0_N3_inst/data_out[11]_i_10} {layer0_inst/layer0_N3_inst/data_out_reg[11]_i_5} {layer0_inst/layer0_N3_inst/data_out[11]_i_2} {layer0_inst/layer0_N3_inst/data_out_reg[11]_i_1} {layer1_reg/data_out_reg[11]_rep__2}}]; set_property IS_LOC_FIXED 1 $objs; set_property IS_BEL_FIXED 1 $objs
puts {__route_status_dc9e054b__}; report_route_status -return_string
route_design -directive {Default} -preserve_fixed_routes
report_route_status -return_string
puts {__timing_summary_6c9ca4b6__}; report_timing_summary -return_string
set clk_obj [get_clocks -quiet {clk_fpl26contest}]; if {$clk_obj ne {}} {   set tp [get_timing_paths -max_paths 1 -setup -to $clk_obj];   if {[llength $tp] > 0} {set wns_value [get_property SLACK $tp]} else {set wns_value 0.0}; } else {   set tp [get_timing_paths -max_paths 1 -slack_lesser_than 999];   if {[llength $tp] > 0} {set wns_value [get_property SLACK $tp]} else {set wns_value 0.0} }; puts {WNS_VALUE_BEGIN}; puts $wns_value; puts {WNS_VALUE_END}
write_checkpoint -force {/home/ubuntu/fpl2026/dcp_optimizer_run-20260708_193434/checkpoints/iter_016.dcp}
close_design
open_checkpoint {/home/ubuntu/fpl2026/fpl26_contest_benchmarks/logicnets_jscl_2025.1.dcp}
puts {__get_wns_5e43d693__}; set clk_obj [get_clocks -quiet {clk_fpl26contest}]; if {$clk_obj ne {}} {   set wns_path [get_timing_paths -max_paths 1 -setup -to $clk_obj];   if {[llength $wns_path] > 0} {get_property SLACK $wns_path} else {puts 0.0} } else {puts {ERROR: clock not found}}
puts {__get_wns_9d090c97__}; set clk_obj [get_clocks -quiet {clk_fpl26contest}]; if {$clk_obj ne {}} {   set wns_path [get_timing_paths -max_paths 1 -setup -to $clk_obj];   if {[llength $wns_path] > 0} {get_property SLACK $wns_path} else {puts 0.0} } else {puts {ERROR: clock not found}}
set paths [get_timing_paths -max_paths 20 -setup -slack_lesser_than 0]; if {[llength $paths] == 0} {set paths [get_timing_paths -max_paths 20 -setup]}; foreach p $paths {   set slack [get_property SLACK $p];   set start [get_property STARTPOINT_PIN $p];   set end [get_property ENDPOINT_PIN $p];   if {$start eq {}} {set start [get_property STARTPOINT_CELL $p]};   if {$end eq {}} {set end [get_property ENDPOINT_CELL $p]};   puts "PATH|$slack|$start|$end"; }
report_timing -return_string -max_paths 1 -delay_type max
puts {__get_wns_de5f4c98__}; set clk_obj [get_clocks -quiet {clk_fpl26contest}]; if {$clk_obj ne {}} {   set wns_path [get_timing_paths -max_paths 1 -setup -to $clk_obj];   if {[llength $wns_path] > 0} {get_property SLACK $wns_path} else {puts 0.0} } else {puts {ERROR: clock not found}}
set paths [get_timing_paths -max_paths 20 -setup -slack_lesser_than 0]; if {[llength $paths] == 0} {set paths [get_timing_paths -max_paths 20 -setup]}; foreach p $paths {   set slack [get_property SLACK $p];   set start [get_property STARTPOINT_PIN $p];   set end [get_property ENDPOINT_PIN $p];   if {$start eq {}} {set start [get_property STARTPOINT_CELL $p]};   if {$end eq {}} {set end [get_property ENDPOINT_CELL $p]};   puts "PATH|$slack|$start|$end"; }
report_timing -return_string -max_paths 1 -delay_type max
report_timing -return_string -max_paths 20 -delay_type max -sort_by slack -nworst 1
report_timing -return_string -max_paths 20 -delay_type max -sort_by slack -nworst 1
puts {__get_wns_ef852066__}; set clk_obj [get_clocks -quiet {clk_fpl26contest}]; if {$clk_obj ne {}} {   set wns_path [get_timing_paths -max_paths 1 -setup -to $clk_obj];   if {[llength $wns_path] > 0} {get_property SLACK $wns_path} else {puts 0.0} } else {puts {ERROR: clock not found}}
set paths [get_timing_paths -max_paths 20 -setup -slack_lesser_than 0]; if {[llength $paths] == 0} {set paths [get_timing_paths -max_paths 20 -setup]}; foreach p $paths {   set slack [get_property SLACK $p];   set start [get_property STARTPOINT_PIN $p];   set end [get_property ENDPOINT_PIN $p];   if {$start eq {}} {set start [get_property STARTPOINT_CELL $p]};   if {$end eq {}} {set end [get_property ENDPOINT_CELL $p]};   puts "PATH|$slack|$start|$end"; }
report_timing -return_string -max_paths 1 -delay_type max
report_timing -return_string -max_paths 20 -delay_type max -sort_by slack -nworst 1
report_timing -return_string -max_paths 20 -delay_type max -sort_by slack -nworst 1
puts {__get_wns_202bd381__}; set clk_obj [get_clocks -quiet {clk_fpl26contest}]; if {$clk_obj ne {}} {   set wns_path [get_timing_paths -max_paths 1 -setup -to $clk_obj];   if {[llength $wns_path] > 0} {get_property SLACK $wns_path} else {puts 0.0} } else {puts {ERROR: clock not found}}
set paths [get_timing_paths -max_paths 20 -setup -slack_lesser_than 0]; if {[llength $paths] == 0} {set paths [get_timing_paths -max_paths 20 -setup]}; foreach p $paths {   set slack [get_property SLACK $p];   set start [get_property STARTPOINT_PIN $p];   set end [get_property ENDPOINT_PIN $p];   if {$start eq {}} {set start [get_property STARTPOINT_CELL $p]};   if {$end eq {}} {set end [get_property ENDPOINT_CELL $p]};   puts "PATH|$slack|$start|$end"; }
report_timing -return_string -max_paths 1 -delay_type max
puts {__get_wns_b97a07bc__}; set clk_obj [get_clocks -quiet {clk_fpl26contest}]; if {$clk_obj ne {}} {   set wns_path [get_timing_paths -max_paths 1 -setup -to $clk_obj];   if {[llength $wns_path] > 0} {get_property SLACK $wns_path} else {puts 0.0} } else {puts {ERROR: clock not found}}
set paths [get_timing_paths -max_paths 20 -setup -slack_lesser_than 0]; if {[llength $paths] == 0} {set paths [get_timing_paths -max_paths 20 -setup]}; foreach p $paths {   set slack [get_property SLACK $p];   set start [get_property STARTPOINT_PIN $p];   set end [get_property ENDPOINT_PIN $p];   if {$start eq {}} {set start [get_property STARTPOINT_CELL $p]};   if {$end eq {}} {set end [get_property ENDPOINT_CELL $p]};   puts "PATH|$slack|$start|$end"; }
report_timing -return_string -max_paths 1 -delay_type max
report_timing -return_string -max_paths 20 -delay_type max -sort_by slack -nworst 1
report_timing -return_string -max_paths 20 -delay_type max -sort_by slack -nworst 1
puts {__get_wns_654d82d8__}; set clk_obj [get_clocks -quiet {clk_fpl26contest}]; if {$clk_obj ne {}} {   set wns_path [get_timing_paths -max_paths 1 -setup -to $clk_obj];   if {[llength $wns_path] > 0} {get_property SLACK $wns_path} else {puts 0.0} } else {puts {ERROR: clock not found}}
set paths [get_timing_paths -max_paths 20 -setup -slack_lesser_than 0]; if {[llength $paths] == 0} {set paths [get_timing_paths -max_paths 20 -setup]}; foreach p $paths {   set slack [get_property SLACK $p];   set start [get_property STARTPOINT_PIN $p];   set end [get_property ENDPOINT_PIN $p];   if {$start eq {}} {set start [get_property STARTPOINT_CELL $p]};   if {$end eq {}} {set end [get_property ENDPOINT_CELL $p]};   puts "PATH|$slack|$start|$end"; }
report_timing -return_string -max_paths 1 -delay_type max
report_timing -return_string -max_paths 20 -delay_type max -sort_by slack -nworst 1
report_timing -return_string -max_paths 20 -delay_type max -sort_by slack -nworst 1
puts {__get_wns_ee4f82e7__}; set clk_obj [get_clocks -quiet {clk_fpl26contest}]; if {$clk_obj ne {}} {   set wns_path [get_timing_paths -max_paths 1 -setup -to $clk_obj];   if {[llength $wns_path] > 0} {get_property SLACK $wns_path} else {puts 0.0} } else {puts {ERROR: clock not found}}
set paths [get_timing_paths -max_paths 20 -setup -slack_lesser_than 0]; if {[llength $paths] == 0} {set paths [get_timing_paths -max_paths 20 -setup]}; foreach p $paths {   set slack [get_property SLACK $p];   set start [get_property STARTPOINT_PIN $p];   set end [get_property ENDPOINT_PIN $p];   if {$start eq {}} {set start [get_property STARTPOINT_CELL $p]};   if {$end eq {}} {set end [get_property ENDPOINT_CELL $p]};   puts "PATH|$slack|$start|$end"; }
report_timing -return_string -max_paths 1 -delay_type max
report_timing -return_string -max_paths 20 -delay_type max -sort_by slack -nworst 1
report_timing -return_string -max_paths 20 -delay_type max -sort_by slack -nworst 1
puts {__get_wns_c242a5cb__}; set clk_obj [get_clocks -quiet {clk_fpl26contest}]; if {$clk_obj ne {}} {   set wns_path [get_timing_paths -max_paths 1 -setup -to $clk_obj];   if {[llength $wns_path] > 0} {get_property SLACK $wns_path} else {puts 0.0} } else {puts {ERROR: clock not found}}
set paths [get_timing_paths -max_paths 20 -setup -slack_lesser_than 0]; if {[llength $paths] == 0} {set paths [get_timing_paths -max_paths 20 -setup]}; foreach p $paths {   set slack [get_property SLACK $p];   set start [get_property STARTPOINT_PIN $p];   set end [get_property ENDPOINT_PIN $p];   if {$start eq {}} {set start [get_property STARTPOINT_CELL $p]};   if {$end eq {}} {set end [get_property ENDPOINT_CELL $p]};   puts "PATH|$slack|$start|$end"; }
report_timing -return_string -max_paths 1 -delay_type max
report_timing -return_string -max_paths 20 -delay_type max -sort_by slack -nworst 1
report_timing -return_string -max_paths 20 -delay_type max -sort_by slack -nworst 1
puts {__get_wns_e8067f2a__}; set clk_obj [get_clocks -quiet {clk_fpl26contest}]; if {$clk_obj ne {}} {   set wns_path [get_timing_paths -max_paths 1 -setup -to $clk_obj];   if {[llength $wns_path] > 0} {get_property SLACK $wns_path} else {puts 0.0} } else {puts {ERROR: clock not found}}
set paths [get_timing_paths -max_paths 20 -setup -slack_lesser_than 0]; if {[llength $paths] == 0} {set paths [get_timing_paths -max_paths 20 -setup]}; foreach p $paths {   set slack [get_property SLACK $p];   set start [get_property STARTPOINT_PIN $p];   set end [get_property ENDPOINT_PIN $p];   if {$start eq {}} {set start [get_property STARTPOINT_CELL $p]};   if {$end eq {}} {set end [get_property ENDPOINT_CELL $p]};   puts "PATH|$slack|$start|$end"; }
report_timing -return_string -max_paths 1 -delay_type max
puts {__get_wns_dfcdef55__}; set clk_obj [get_clocks -quiet {clk_fpl26contest}]; if {$clk_obj ne {}} {   set wns_path [get_timing_paths -max_paths 1 -setup -to $clk_obj];   if {[llength $wns_path] > 0} {get_property SLACK $wns_path} else {puts 0.0} } else {puts {ERROR: clock not found}}
set paths [get_timing_paths -max_paths 20 -setup -slack_lesser_than 0]; if {[llength $paths] == 0} {set paths [get_timing_paths -max_paths 20 -setup]}; foreach p $paths {   set slack [get_property SLACK $p];   set start [get_property STARTPOINT_PIN $p];   set end [get_property ENDPOINT_PIN $p];   if {$start eq {}} {set start [get_property STARTPOINT_CELL $p]};   if {$end eq {}} {set end [get_property ENDPOINT_CELL $p]};   puts "PATH|$slack|$start|$end"; }
report_timing -return_string -max_paths 1 -delay_type max
report_timing -return_string -max_paths 20 -delay_type max -sort_by slack -nworst 1
report_timing -return_string -max_paths 20 -delay_type max -sort_by slack -nworst 1
puts {__get_wns_25c8ac70__}; set clk_obj [get_clocks -quiet {clk_fpl26contest}]; if {$clk_obj ne {}} {   set wns_path [get_timing_paths -max_paths 1 -setup -to $clk_obj];   if {[llength $wns_path] > 0} {get_property SLACK $wns_path} else {puts 0.0} } else {puts {ERROR: clock not found}}
set paths [get_timing_paths -max_paths 20 -setup -slack_lesser_than 0]; if {[llength $paths] == 0} {set paths [get_timing_paths -max_paths 20 -setup]}; foreach p $paths {   set slack [get_property SLACK $p];   set start [get_property STARTPOINT_PIN $p];   set end [get_property ENDPOINT_PIN $p];   if {$start eq {}} {set start [get_property STARTPOINT_CELL $p]};   if {$end eq {}} {set end [get_property ENDPOINT_CELL $p]};   puts "PATH|$slack|$start|$end"; }
report_timing -return_string -max_paths 1 -delay_type max
report_timing -return_string -max_paths 20 -delay_type max -sort_by slack -nworst 1
report_timing -return_string -max_paths 20 -delay_type max -sort_by slack -nworst 1
puts {__get_wns_88ce8739__}; set clk_obj [get_clocks -quiet {clk_fpl26contest}]; if {$clk_obj ne {}} {   set wns_path [get_timing_paths -max_paths 1 -setup -to $clk_obj];   if {[llength $wns_path] > 0} {get_property SLACK $wns_path} else {puts 0.0} } else {puts {ERROR: clock not found}}
set paths [get_timing_paths -max_paths 20 -setup -slack_lesser_than 0]; if {[llength $paths] == 0} {set paths [get_timing_paths -max_paths 20 -setup]}; foreach p $paths {   set slack [get_property SLACK $p];   set start [get_property STARTPOINT_PIN $p];   set end [get_property ENDPOINT_PIN $p];   if {$start eq {}} {set start [get_property STARTPOINT_CELL $p]};   if {$end eq {}} {set end [get_property ENDPOINT_CELL $p]};   puts "PATH|$slack|$start|$end"; }
report_timing -return_string -max_paths 1 -delay_type max
report_timing -return_string -max_paths 20 -delay_type max -sort_by slack -nworst 1
report_timing -return_string -max_paths 20 -delay_type max -sort_by slack -nworst 1
puts {__get_wns_db5a4b9e__}; set clk_obj [get_clocks -quiet {clk_fpl26contest}]; if {$clk_obj ne {}} {   set wns_path [get_timing_paths -max_paths 1 -setup -to $clk_obj];   if {[llength $wns_path] > 0} {get_property SLACK $wns_path} else {puts 0.0} } else {puts {ERROR: clock not found}}
set paths [get_timing_paths -max_paths 20 -setup -slack_lesser_than 0]; if {[llength $paths] == 0} {set paths [get_timing_paths -max_paths 20 -setup]}; foreach p $paths {   set slack [get_property SLACK $p];   set start [get_property STARTPOINT_PIN $p];   set end [get_property ENDPOINT_PIN $p];   if {$start eq {}} {set start [get_property STARTPOINT_CELL $p]};   if {$end eq {}} {set end [get_property ENDPOINT_CELL $p]};   puts "PATH|$slack|$start|$end"; }
report_timing -return_string -max_paths 1 -delay_type max
puts {__get_wns_77b0d904__}; set clk_obj [get_clocks -quiet {clk_fpl26contest}]; if {$clk_obj ne {}} {   set wns_path [get_timing_paths -max_paths 1 -setup -to $clk_obj];   if {[llength $wns_path] > 0} {get_property SLACK $wns_path} else {puts 0.0} } else {puts {ERROR: clock not found}}
set paths [get_timing_paths -max_paths 20 -setup -slack_lesser_than 0]; if {[llength $paths] == 0} {set paths [get_timing_paths -max_paths 20 -setup]}; foreach p $paths {   set slack [get_property SLACK $p];   set start [get_property STARTPOINT_PIN $p];   set end [get_property ENDPOINT_PIN $p];   if {$start eq {}} {set start [get_property STARTPOINT_CELL $p]};   if {$end eq {}} {set end [get_property ENDPOINT_CELL $p]};   puts "PATH|$slack|$start|$end"; }
report_timing -return_string -max_paths 1 -delay_type max
report_timing -return_string -max_paths 20 -delay_type max -sort_by slack -nworst 1
report_timing -return_string -max_paths 20 -delay_type max -sort_by slack -nworst 1
puts {__get_wns_82c691ec__}; set clk_obj [get_clocks -quiet {clk_fpl26contest}]; if {$clk_obj ne {}} {   set wns_path [get_timing_paths -max_paths 1 -setup -to $clk_obj];   if {[llength $wns_path] > 0} {get_property SLACK $wns_path} else {puts 0.0} } else {puts {ERROR: clock not found}}
set paths [get_timing_paths -max_paths 20 -setup -slack_lesser_than 0]; if {[llength $paths] == 0} {set paths [get_timing_paths -max_paths 20 -setup]}; foreach p $paths {   set slack [get_property SLACK $p];   set start [get_property STARTPOINT_PIN $p];   set end [get_property ENDPOINT_PIN $p];   if {$start eq {}} {set start [get_property STARTPOINT_CELL $p]};   if {$end eq {}} {set end [get_property ENDPOINT_CELL $p]};   puts "PATH|$slack|$start|$end"; }
report_timing -return_string -max_paths 1 -delay_type max
puts {__get_wns_6c6192e9__}; set clk_obj [get_clocks -quiet {clk_fpl26contest}]; if {$clk_obj ne {}} {   set wns_path [get_timing_paths -max_paths 1 -setup -to $clk_obj];   if {[llength $wns_path] > 0} {get_property SLACK $wns_path} else {puts 0.0} } else {puts {ERROR: clock not found}}
set paths [get_timing_paths -max_paths 20 -setup -slack_lesser_than 0]; if {[llength $paths] == 0} {set paths [get_timing_paths -max_paths 20 -setup]}; foreach p $paths {   set slack [get_property SLACK $p];   set start [get_property STARTPOINT_PIN $p];   set end [get_property ENDPOINT_PIN $p];   if {$start eq {}} {set start [get_property STARTPOINT_CELL $p]};   if {$end eq {}} {set end [get_property ENDPOINT_CELL $p]};   puts "PATH|$slack|$start|$end"; }
report_timing -return_string -max_paths 1 -delay_type max
report_timing -return_string -max_paths 20 -delay_type max -sort_by slack -nworst 1
report_timing -return_string -max_paths 20 -delay_type max -sort_by slack -nworst 1
puts {__get_wns_4d2f80a7__}; set clk_obj [get_clocks -quiet {clk_fpl26contest}]; if {$clk_obj ne {}} {   set wns_path [get_timing_paths -max_paths 1 -setup -to $clk_obj];   if {[llength $wns_path] > 0} {get_property SLACK $wns_path} else {puts 0.0} } else {puts {ERROR: clock not found}}
set paths [get_timing_paths -max_paths 20 -setup -slack_lesser_than 0]; if {[llength $paths] == 0} {set paths [get_timing_paths -max_paths 20 -setup]}; foreach p $paths {   set slack [get_property SLACK $p];   set start [get_property STARTPOINT_PIN $p];   set end [get_property ENDPOINT_PIN $p];   if {$start eq {}} {set start [get_property STARTPOINT_CELL $p]};   if {$end eq {}} {set end [get_property ENDPOINT_CELL $p]};   puts "PATH|$slack|$start|$end"; }
report_timing -return_string -max_paths 1 -delay_type max
report_timing -return_string -max_paths 20 -delay_type max -sort_by slack -nworst 1
report_timing -return_string -max_paths 20 -delay_type max -sort_by slack -nworst 1
puts {__get_wns_30b04f2e__}; set clk_obj [get_clocks -quiet {clk_fpl26contest}]; if {$clk_obj ne {}} {   set wns_path [get_timing_paths -max_paths 1 -setup -to $clk_obj];   if {[llength $wns_path] > 0} {get_property SLACK $wns_path} else {puts 0.0} } else {puts {ERROR: clock not found}}
set paths [get_timing_paths -max_paths 20 -setup -slack_lesser_than 0]; if {[llength $paths] == 0} {set paths [get_timing_paths -max_paths 20 -setup]}; foreach p $paths {   set slack [get_property SLACK $p];   set start [get_property STARTPOINT_PIN $p];   set end [get_property ENDPOINT_PIN $p];   if {$start eq {}} {set start [get_property STARTPOINT_CELL $p]};   if {$end eq {}} {set end [get_property ENDPOINT_CELL $p]};   puts "PATH|$slack|$start|$end"; }
report_timing -return_string -max_paths 1 -delay_type max
puts {__get_wns_bef8174f__}; set clk_obj [get_clocks -quiet {clk_fpl26contest}]; if {$clk_obj ne {}} {   set wns_path [get_timing_paths -max_paths 1 -setup -to $clk_obj];   if {[llength $wns_path] > 0} {get_property SLACK $wns_path} else {puts 0.0} } else {puts {ERROR: clock not found}}
set paths [get_timing_paths -max_paths 20 -setup -slack_lesser_than 0]; if {[llength $paths] == 0} {set paths [get_timing_paths -max_paths 20 -setup]}; foreach p $paths {   set slack [get_property SLACK $p];   set start [get_property STARTPOINT_PIN $p];   set end [get_property ENDPOINT_PIN $p];   if {$start eq {}} {set start [get_property STARTPOINT_CELL $p]};   if {$end eq {}} {set end [get_property ENDPOINT_CELL $p]};   puts "PATH|$slack|$start|$end"; }
report_timing -return_string -max_paths 1 -delay_type max
puts {__get_wns_5af38479__}; set clk_obj [get_clocks -quiet {clk_fpl26contest}]; if {$clk_obj ne {}} {   set wns_path [get_timing_paths -max_paths 1 -setup -to $clk_obj];   if {[llength $wns_path] > 0} {get_property SLACK $wns_path} else {puts 0.0} } else {puts {ERROR: clock not found}}
set paths [get_timing_paths -max_paths 20 -setup -slack_lesser_than 0]; if {[llength $paths] == 0} {set paths [get_timing_paths -max_paths 20 -setup]}; foreach p $paths {   set slack [get_property SLACK $p];   set start [get_property STARTPOINT_PIN $p];   set end [get_property ENDPOINT_PIN $p];   if {$start eq {}} {set start [get_property STARTPOINT_CELL $p]};   if {$end eq {}} {set end [get_property ENDPOINT_CELL $p]};   puts "PATH|$slack|$start|$end"; }
report_timing -return_string -max_paths 1 -delay_type max
report_timing -return_string -max_paths 20 -delay_type max -sort_by slack -nworst 1
report_timing -return_string -max_paths 20 -delay_type max -sort_by slack -nworst 1
puts {__get_wns_65e20286__}; set clk_obj [get_clocks -quiet {clk_fpl26contest}]; if {$clk_obj ne {}} {   set wns_path [get_timing_paths -max_paths 1 -setup -to $clk_obj];   if {[llength $wns_path] > 0} {get_property SLACK $wns_path} else {puts 0.0} } else {puts {ERROR: clock not found}}
set paths [get_timing_paths -max_paths 20 -setup -slack_lesser_than 0]; if {[llength $paths] == 0} {set paths [get_timing_paths -max_paths 20 -setup]}; foreach p $paths {   set slack [get_property SLACK $p];   set start [get_property STARTPOINT_PIN $p];   set end [get_property ENDPOINT_PIN $p];   if {$start eq {}} {set start [get_property STARTPOINT_CELL $p]};   if {$end eq {}} {set end [get_property ENDPOINT_CELL $p]};   puts "PATH|$slack|$start|$end"; }
report_timing -return_string -max_paths 1 -delay_type max
puts {__get_wns_f0cf3351__}; set clk_obj [get_clocks -quiet {clk_fpl26contest}]; if {$clk_obj ne {}} {   set wns_path [get_timing_paths -max_paths 1 -setup -to $clk_obj];   if {[llength $wns_path] > 0} {get_property SLACK $wns_path} else {puts 0.0} } else {puts {ERROR: clock not found}}
set paths [get_timing_paths -max_paths 20 -setup -slack_lesser_than 0]; if {[llength $paths] == 0} {set paths [get_timing_paths -max_paths 20 -setup]}; foreach p $paths {   set slack [get_property SLACK $p];   set start [get_property STARTPOINT_PIN $p];   set end [get_property ENDPOINT_PIN $p];   if {$start eq {}} {set start [get_property STARTPOINT_CELL $p]};   if {$end eq {}} {set end [get_property ENDPOINT_CELL $p]};   puts "PATH|$slack|$start|$end"; }
report_timing -return_string -max_paths 1 -delay_type max
puts {__get_wns_ed75620e__}; set clk_obj [get_clocks -quiet {clk_fpl26contest}]; if {$clk_obj ne {}} {   set wns_path [get_timing_paths -max_paths 1 -setup -to $clk_obj];   if {[llength $wns_path] > 0} {get_property SLACK $wns_path} else {puts 0.0} } else {puts {ERROR: clock not found}}
set paths [get_timing_paths -max_paths 20 -setup -slack_lesser_than 0]; if {[llength $paths] == 0} {set paths [get_timing_paths -max_paths 20 -setup]}; foreach p $paths {   set slack [get_property SLACK $p];   set start [get_property STARTPOINT_PIN $p];   set end [get_property ENDPOINT_PIN $p];   if {$start eq {}} {set start [get_property STARTPOINT_CELL $p]};   if {$end eq {}} {set end [get_property ENDPOINT_CELL $p]};   puts "PATH|$slack|$start|$end"; }
report_timing -return_string -max_paths 1 -delay_type max
report_timing -return_string -max_paths 20 -delay_type max -sort_by slack -nworst 1
report_timing -return_string -max_paths 20 -delay_type max -sort_by slack -nworst 1
puts {__get_wns_3a55dec6__}; set clk_obj [get_clocks -quiet {clk_fpl26contest}]; if {$clk_obj ne {}} {   set wns_path [get_timing_paths -max_paths 1 -setup -to $clk_obj];   if {[llength $wns_path] > 0} {get_property SLACK $wns_path} else {puts 0.0} } else {puts {ERROR: clock not found}}
set paths [get_timing_paths -max_paths 20 -setup -slack_lesser_than 0]; if {[llength $paths] == 0} {set paths [get_timing_paths -max_paths 20 -setup]}; foreach p $paths {   set slack [get_property SLACK $p];   set start [get_property STARTPOINT_PIN $p];   set end [get_property ENDPOINT_PIN $p];   if {$start eq {}} {set start [get_property STARTPOINT_CELL $p]};   if {$end eq {}} {set end [get_property ENDPOINT_CELL $p]};   puts "PATH|$slack|$start|$end"; }
report_timing -return_string -max_paths 1 -delay_type max
puts {__get_wns_95517020__}; set clk_obj [get_clocks -quiet {clk_fpl26contest}]; if {$clk_obj ne {}} {   set wns_path [get_timing_paths -max_paths 1 -setup -to $clk_obj];   if {[llength $wns_path] > 0} {get_property SLACK $wns_path} else {puts 0.0} } else {puts {ERROR: clock not found}}
set paths [get_timing_paths -max_paths 20 -setup -slack_lesser_than 0]; if {[llength $paths] == 0} {set paths [get_timing_paths -max_paths 20 -setup]}; foreach p $paths {   set slack [get_property SLACK $p];   set start [get_property STARTPOINT_PIN $p];   set end [get_property ENDPOINT_PIN $p];   if {$start eq {}} {set start [get_property STARTPOINT_CELL $p]};   if {$end eq {}} {set end [get_property ENDPOINT_CELL $p]};   puts "PATH|$slack|$start|$end"; }
report_timing -return_string -max_paths 1 -delay_type max
report_timing -return_string -max_paths 20 -delay_type max -sort_by slack -nworst 1
report_timing -return_string -max_paths 20 -delay_type max -sort_by slack -nworst 1
puts {__get_wns_dd47e31c__}; set clk_obj [get_clocks -quiet {clk_fpl26contest}]; if {$clk_obj ne {}} {   set wns_path [get_timing_paths -max_paths 1 -setup -to $clk_obj];   if {[llength $wns_path] > 0} {get_property SLACK $wns_path} else {puts 0.0} } else {puts {ERROR: clock not found}}
set paths [get_timing_paths -max_paths 20 -setup -slack_lesser_than 0]; if {[llength $paths] == 0} {set paths [get_timing_paths -max_paths 20 -setup]}; foreach p $paths {   set slack [get_property SLACK $p];   set start [get_property STARTPOINT_PIN $p];   set end [get_property ENDPOINT_PIN $p];   if {$start eq {}} {set start [get_property STARTPOINT_CELL $p]};   if {$end eq {}} {set end [get_property ENDPOINT_CELL $p]};   puts "PATH|$slack|$start|$end"; }
report_timing -return_string -max_paths 1 -delay_type max
puts {__get_wns_ab45aa40__}; set clk_obj [get_clocks -quiet {clk_fpl26contest}]; if {$clk_obj ne {}} {   set wns_path [get_timing_paths -max_paths 1 -setup -to $clk_obj];   if {[llength $wns_path] > 0} {get_property SLACK $wns_path} else {puts 0.0} } else {puts {ERROR: clock not found}}
set paths [get_timing_paths -max_paths 20 -setup -slack_lesser_than 0]; if {[llength $paths] == 0} {set paths [get_timing_paths -max_paths 20 -setup]}; foreach p $paths {   set slack [get_property SLACK $p];   set start [get_property STARTPOINT_PIN $p];   set end [get_property ENDPOINT_PIN $p];   if {$start eq {}} {set start [get_property STARTPOINT_CELL $p]};   if {$end eq {}} {set end [get_property ENDPOINT_CELL $p]};   puts "PATH|$slack|$start|$end"; }
report_timing -return_string -max_paths 1 -delay_type max
puts {__get_wns_4f5ef1ed__}; set clk_obj [get_clocks -quiet {clk_fpl26contest}]; if {$clk_obj ne {}} {   set wns_path [get_timing_paths -max_paths 1 -setup -to $clk_obj];   if {[llength $wns_path] > 0} {get_property SLACK $wns_path} else {puts 0.0} } else {puts {ERROR: clock not found}}
set paths [get_timing_paths -max_paths 20 -setup -slack_lesser_than 0]; if {[llength $paths] == 0} {set paths [get_timing_paths -max_paths 20 -setup]}; foreach p $paths {   set slack [get_property SLACK $p];   set start [get_property STARTPOINT_PIN $p];   set end [get_property ENDPOINT_PIN $p];   if {$start eq {}} {set start [get_property STARTPOINT_CELL $p]};   if {$end eq {}} {set end [get_property ENDPOINT_CELL $p]};   puts "PATH|$slack|$start|$end"; }
report_timing -return_string -max_paths 1 -delay_type max
report_timing -return_string -max_paths 20 -delay_type max -sort_by slack -nworst 1
report_timing -return_string -max_paths 20 -delay_type max -sort_by slack -nworst 1
puts {__get_wns_1d786878__}; set clk_obj [get_clocks -quiet {clk_fpl26contest}]; if {$clk_obj ne {}} {   set wns_path [get_timing_paths -max_paths 1 -setup -to $clk_obj];   if {[llength $wns_path] > 0} {get_property SLACK $wns_path} else {puts 0.0} } else {puts {ERROR: clock not found}}
set paths [get_timing_paths -max_paths 20 -setup -slack_lesser_than 0]; if {[llength $paths] == 0} {set paths [get_timing_paths -max_paths 20 -setup]}; foreach p $paths {   set slack [get_property SLACK $p];   set start [get_property STARTPOINT_PIN $p];   set end [get_property ENDPOINT_PIN $p];   if {$start eq {}} {set start [get_property STARTPOINT_CELL $p]};   if {$end eq {}} {set end [get_property ENDPOINT_CELL $p]};   puts "PATH|$slack|$start|$end"; }
report_timing -return_string -max_paths 1 -delay_type max
puts {__get_wns_e62722e2__}; set clk_obj [get_clocks -quiet {clk_fpl26contest}]; if {$clk_obj ne {}} {   set wns_path [get_timing_paths -max_paths 1 -setup -to $clk_obj];   if {[llength $wns_path] > 0} {get_property SLACK $wns_path} else {puts 0.0} } else {puts {ERROR: clock not found}}
set paths [get_timing_paths -max_paths 20 -setup -slack_lesser_than 0]; if {[llength $paths] == 0} {set paths [get_timing_paths -max_paths 20 -setup]}; foreach p $paths {   set slack [get_property SLACK $p];   set start [get_property STARTPOINT_PIN $p];   set end [get_property ENDPOINT_PIN $p];   if {$start eq {}} {set start [get_property STARTPOINT_CELL $p]};   if {$end eq {}} {set end [get_property ENDPOINT_CELL $p]};   puts "PATH|$slack|$start|$end"; }
report_timing -return_string -max_paths 1 -delay_type max
puts {__get_wns_0ca6caa0__}; set clk_obj [get_clocks -quiet {clk_fpl26contest}]; if {$clk_obj ne {}} {   set wns_path [get_timing_paths -max_paths 1 -setup -to $clk_obj];   if {[llength $wns_path] > 0} {get_property SLACK $wns_path} else {puts 0.0} } else {puts {ERROR: clock not found}}
set paths [get_timing_paths -max_paths 20 -setup -slack_lesser_than 0]; if {[llength $paths] == 0} {set paths [get_timing_paths -max_paths 20 -setup]}; foreach p $paths {   set slack [get_property SLACK $p];   set start [get_property STARTPOINT_PIN $p];   set end [get_property ENDPOINT_PIN $p];   if {$start eq {}} {set start [get_property STARTPOINT_CELL $p]};   if {$end eq {}} {set end [get_property ENDPOINT_CELL $p]};   puts "PATH|$slack|$start|$end"; }
report_timing -return_string -max_paths 1 -delay_type max
puts {__get_wns_1f20f2de__}; set clk_obj [get_clocks -quiet {clk_fpl26contest}]; if {$clk_obj ne {}} {   set wns_path [get_timing_paths -max_paths 1 -setup -to $clk_obj];   if {[llength $wns_path] > 0} {get_property SLACK $wns_path} else {puts 0.0} } else {puts {ERROR: clock not found}}
set paths [get_timing_paths -max_paths 20 -setup -slack_lesser_than 0]; if {[llength $paths] == 0} {set paths [get_timing_paths -max_paths 20 -setup]}; foreach p $paths {   set slack [get_property SLACK $p];   set start [get_property STARTPOINT_PIN $p];   set end [get_property ENDPOINT_PIN $p];   if {$start eq {}} {set start [get_property STARTPOINT_CELL $p]};   if {$end eq {}} {set end [get_property ENDPOINT_CELL $p]};   puts "PATH|$slack|$start|$end"; }
report_timing -return_string -max_paths 1 -delay_type max
report_timing -return_string -max_paths 20 -delay_type max -sort_by slack -nworst 1
report_timing -return_string -max_paths 20 -delay_type max -sort_by slack -nworst 1
puts {__get_wns_d4b89890__}; set clk_obj [get_clocks -quiet {clk_fpl26contest}]; if {$clk_obj ne {}} {   set wns_path [get_timing_paths -max_paths 1 -setup -to $clk_obj];   if {[llength $wns_path] > 0} {get_property SLACK $wns_path} else {puts 0.0} } else {puts {ERROR: clock not found}}
set paths [get_timing_paths -max_paths 20 -setup -slack_lesser_than 0]; if {[llength $paths] == 0} {set paths [get_timing_paths -max_paths 20 -setup]}; foreach p $paths {   set slack [get_property SLACK $p];   set start [get_property STARTPOINT_PIN $p];   set end [get_property ENDPOINT_PIN $p];   if {$start eq {}} {set start [get_property STARTPOINT_CELL $p]};   if {$end eq {}} {set end [get_property ENDPOINT_CELL $p]};   puts "PATH|$slack|$start|$end"; }
report_timing -return_string -max_paths 1 -delay_type max
report_timing -return_string -max_paths 20 -delay_type max -sort_by slack -nworst 1
report_timing -return_string -max_paths 20 -delay_type max -sort_by slack -nworst 1
puts {__get_wns_76c8dd09__}; set clk_obj [get_clocks -quiet {clk_fpl26contest}]; if {$clk_obj ne {}} {   set wns_path [get_timing_paths -max_paths 1 -setup -to $clk_obj];   if {[llength $wns_path] > 0} {get_property SLACK $wns_path} else {puts 0.0} } else {puts {ERROR: clock not found}}
set paths [get_timing_paths -max_paths 20 -setup -slack_lesser_than 0]; if {[llength $paths] == 0} {set paths [get_timing_paths -max_paths 20 -setup]}; foreach p $paths {   set slack [get_property SLACK $p];   set start [get_property STARTPOINT_PIN $p];   set end [get_property ENDPOINT_PIN $p];   if {$start eq {}} {set start [get_property STARTPOINT_CELL $p]};   if {$end eq {}} {set end [get_property ENDPOINT_CELL $p]};   puts "PATH|$slack|$start|$end"; }
report_timing -return_string -max_paths 1 -delay_type max
