#-----------------------------------------------------------
# Vivado v2025.1 (64-bit)
# SW Build 6140274 on Wed May 21 22:58:25 MDT 2025
# IP Build 6138677 on Thu May 22 03:10:11 MDT 2025
# SharedData Build 6139179 on Tue May 20 17:58:58 MDT 2025
# Start of session at: Mon Jul 13 01:09:10 2026
# Process ID         : 62879
# Current directory  : /home/fpl2026/dcp_optimizer_run-20260713_010908
# Command line       : vivado -mode tcl -log /home/fpl2026/dcp_optimizer_run-20260713_010908/vivado.log -journal /home/fpl2026/dcp_optimizer_run-20260713_010908/vivado.jou
# Log file           : /home/fpl2026/dcp_optimizer_run-20260713_010908/vivado.log
# Journal file       : /home/fpl2026/dcp_optimizer_run-20260713_010908/vivado.jou
# Running On         : 35ns7cfvpwajp9e9nht0kyrsvp
# Platform           : Ubuntu
# Operating System   : Ubuntu 24.04.4 LTS
# Processor Detail   : AMD EPYC 9V45 96-Core Processor
# CPU Frequency      : 4520.549 MHz
# CPU Physical cores : 4
# CPU Logical cores  : 8
# Host memory        : 33652 MB
# Swap memory        : 0 MB
# Total Virtual      : 33652 MB
# Available Virtual  : 30340 MB
#-----------------------------------------------------------
open_checkpoint {/home/fpl2026/fpl26_contest_benchmarks/logicnets_jscl_2025.1.dcp}
puts {__timing_summary_638ff78f__}; report_timing_summary -return_string
set contest_clk [get_clocks -quiet clk_fpl26contest]; if {$contest_clk ne {}} {   puts "CLOCK:clk_fpl26contest";   puts [get_property PERIOD $contest_clk]; } else {   set tp [get_timing_paths -max_paths 1 -setup];   if {$tp ne {}} {     set clk [get_property ENDPOINT_CLOCK $tp];     if {$clk ne {}} {       puts "CLOCK:$clk";       puts [get_property PERIOD [get_clocks $clk]];     }   } }
set clk_obj [get_clocks -quiet {clk_fpl26contest}]; if {$clk_obj ne {}} {   set tp [get_timing_paths -max_paths 1 -setup -to $clk_obj];   if {[llength $tp] > 0} {set wns_value [get_property SLACK $tp]} else {set wns_value 0.0}; } else {   set tp [get_timing_paths -max_paths 1 -slack_lesser_than 999];   if {[llength $tp] > 0} {set wns_value [get_property SLACK $tp]} else {set wns_value 0.0} }; puts {WNS_VALUE_BEGIN}; puts $wns_value; puts {WNS_VALUE_END}
set paths [get_timing_paths -max_paths 20 -setup -slack_lesser_than 0]; if {[llength $paths] == 0} {set paths [get_timing_paths -max_paths 20 -setup]}; foreach p $paths {   set slack [get_property SLACK $p];   set start [get_property STARTPOINT_PIN $p];   set end [get_property ENDPOINT_PIN $p];   if {$start eq {}} {set start [get_property STARTPOINT_CELL $p]};   if {$end eq {}} {set end [get_property ENDPOINT_CELL $p]};   puts "PATH|$slack|$start|$end"; }
report_timing -return_string -max_paths 1 -delay_type max
puts {__fanout_analysis_b6190b7b__}; report_timing -return_string -max_paths 50 -delay_type max -sort_by slack
get_nets {layer1_inst/layer1_N28_inst/data_out[86]_i_2_0}
get_property PARENT [get_nets {layer1_inst/layer1_N28_inst/data_out[86]_i_2_0}]
get_nets {layer0_inst/layer0_N25_inst/M0w[5]}
get_property PARENT [get_nets {layer0_inst/layer0_N25_inst/M0w[5]}]
get_nets {layer1_inst/layer1_N37_inst/M1w[2]}
get_property PARENT [get_nets {layer1_inst/layer1_N37_inst/M1w[2]}]
get_nets {layer2_reg/M2w[166]}
get_property PARENT [get_nets {layer2_reg/M2w[166]}]
get_nets {layer0_inst/layer0_N3_inst/M0w[3]}
get_property PARENT [get_nets {layer0_inst/layer0_N3_inst/M0w[3]}]
get_nets {layer1_inst/layer1_N42_inst/data_out[127]_i_15_4}
get_property PARENT [get_nets {layer1_inst/layer1_N42_inst/data_out[127]_i_15_4}]
get_nets {layer0_inst/layer0_N29_inst/M0w[4]}
get_property PARENT [get_nets {layer0_inst/layer0_N29_inst/M0w[4]}]
get_nets {layer2_reg/M2w[30]}
get_property PARENT [get_nets {layer2_reg/M2w[30]}]
get_nets {layer1_inst/layer1_N0_inst/data_out[2]_i_12_1}
get_property PARENT [get_nets {layer1_inst/layer1_N0_inst/data_out[2]_i_12_1}]
get_nets {layer2_reg/M2w[108]}
get_property PARENT [get_nets {layer2_reg/M2w[108]}]
get_nets {layer1_inst/layer1_N44_inst/M1w[2]}
get_property PARENT [get_nets {layer1_inst/layer1_N44_inst/M1w[2]}]
get_nets {layer0_inst/layer0_N30_inst/M0w[1]}
get_property PARENT [get_nets {layer0_inst/layer0_N30_inst/M0w[1]}]
get_nets {layer0_inst/layer0_N31_inst/M0w[2]}
get_property PARENT [get_nets {layer0_inst/layer0_N31_inst/M0w[2]}]
get_nets {layer1_inst/layer1_N48_inst/M1w[5]}
get_property PARENT [get_nets {layer1_inst/layer1_N48_inst/M1w[5]}]
get_nets {layer2_inst/layer2_N171_inst/M2w[1]}
get_property PARENT [get_nets {layer2_inst/layer2_N171_inst/M2w[1]}]
get_nets {layer1_inst/layer1_N45_inst/M1w[0]}
get_property PARENT [get_nets {layer1_inst/layer1_N45_inst/M1w[0]}]
get_nets {layer2_reg/M2w[142]}
get_property PARENT [get_nets {layer2_reg/M2w[142]}]
get_nets {layer1_inst/layer1_N22_inst/data_out[67]_i_9_0}
get_property PARENT [get_nets {layer1_inst/layer1_N22_inst/data_out[67]_i_9_0}]
get_nets {layer1_inst/layer1_N9_inst/data_out_reg[28]_i_21_0}
get_property PARENT [get_nets {layer1_inst/layer1_N9_inst/data_out_reg[28]_i_21_0}]
get_nets {layer0_inst/layer0_N19_inst/M0w[8]}
get_property PARENT [get_nets {layer0_inst/layer0_N19_inst/M0w[8]}]
get_nets {layer0_inst/layer0_N20_inst/M0w[0]}
get_property PARENT [get_nets {layer0_inst/layer0_N20_inst/M0w[0]}]
get_nets {layer1_inst/layer1_N44_inst/data_out_reg[133]_i_21_1}
get_property PARENT [get_nets {layer1_inst/layer1_N44_inst/data_out_reg[133]_i_21_1}]
get_nets {layer2_reg/data_out_reg[191]_0[83]}
get_property PARENT [get_nets {layer2_reg/data_out_reg[191]_0[83]}]
get_nets {layer2_reg/data_out_reg[91]_rep_n_0}
get_property PARENT [get_nets {layer2_reg/data_out_reg[91]_rep_n_0}]
get_nets {layer1_inst/layer1_N33_inst/data_out[100]_i_7_0}
get_property PARENT [get_nets {layer1_inst/layer1_N33_inst/data_out[100]_i_7_0}]
report_timing -return_string -max_paths 50 -delay_type max -sort_by slack -nworst 1
set _unplaced [llength [get_cells -quiet -hierarchical -filter {IS_PRIMITIVE && STATUS == UNPLACED}]]; puts "STATE_UNPLACED:$_unplaced"
set_delay_model -interconnect none
set _p [lindex [get_timing_paths -max_paths 1 -setup] 0]; if {$_p ne {}} {puts "LOGIC_FLOOR_WNS:[get_property SLACK $_p]"}
set_delay_model -interconnect actual
report_qor_suggestions -return_string
report_timing -return_string -max_paths 1 -delay_type max
place_design -unplace
place_design -directive Default
route_design -directive Default
puts {__timing_summary_d2dc6b7b__}; report_timing_summary -return_string
set clk_obj [get_clocks -quiet {clk_fpl26contest}]; if {$clk_obj ne {}} {   set tp [get_timing_paths -max_paths 1 -setup -to $clk_obj];   if {[llength $tp] > 0} {set wns_value [get_property SLACK $tp]} else {set wns_value 0.0}; } else {   set tp [get_timing_paths -max_paths 1 -slack_lesser_than 999];   if {[llength $tp] > 0} {set wns_value [get_property SLACK $tp]} else {set wns_value 0.0} }; puts {WNS_VALUE_BEGIN}; puts $wns_value; puts {WNS_VALUE_END}
set _unplaced [llength [get_cells -quiet -hierarchical -filter {IS_PRIMITIVE && STATUS == UNPLACED}]]; puts "STATE_UNPLACED:$_unplaced"
puts {__route_status_1d5a557b__}; report_route_status -return_string
write_checkpoint -force {/home/fpl2026/dcp_optimizer_run-20260713_010908/checkpoints/iter_001.dcp}
puts {__get_wns_4343021c__}; set clk_obj [get_clocks -quiet {clk_fpl26contest}]; if {$clk_obj ne {}} {   set wns_path [get_timing_paths -max_paths 1 -setup -to $clk_obj];   if {[llength $wns_path] > 0} {get_property SLACK $wns_path} else {puts 0.0} } else {puts {ERROR: clock not found}}
set paths [get_timing_paths -max_paths 20 -setup -slack_lesser_than 0]; if {[llength $paths] == 0} {set paths [get_timing_paths -max_paths 20 -setup]}; foreach p $paths {   set slack [get_property SLACK $p];   set start [get_property STARTPOINT_PIN $p];   set end [get_property ENDPOINT_PIN $p];   if {$start eq {}} {set start [get_property STARTPOINT_CELL $p]};   if {$end eq {}} {set end [get_property ENDPOINT_CELL $p]};   puts "PATH|$slack|$start|$end"; }
report_timing -return_string -max_paths 1 -delay_type max
report_design_analysis -congestion -return_string
set _s [lindex [get_sites -quiet -of_objects [get_cells -quiet {layer0_reg/data_out_reg[10]}]] 0]; if {$_s ne {}} {puts "CLOCKREGION|layer0_reg/data_out_reg[10]|[get_property CLOCK_REGION $_s]"} ; set _s [lindex [get_sites -quiet -of_objects [get_cells -quiet {layer1_reg/data_out_reg[44]_rep}]] 0]; if {$_s ne {}} {puts "CLOCKREGION|layer1_reg/data_out_reg[44]_rep|[get_property CLOCK_REGION $_s]"} ; set _s [lindex [get_sites -quiet -of_objects [get_cells -quiet {layer1_reg/data_out_reg[44]_rep__0}]] 0]; if {$_s ne {}} {puts "CLOCKREGION|layer1_reg/data_out_reg[44]_rep__0|[get_property CLOCK_REGION $_s]"}
place_design -unplace
place_design -directive Explore
route_design -directive Explore
puts {__timing_summary_8cc2aeda__}; report_timing_summary -return_string
set clk_obj [get_clocks -quiet {clk_fpl26contest}]; if {$clk_obj ne {}} {   set tp [get_timing_paths -max_paths 1 -setup -to $clk_obj];   if {[llength $tp] > 0} {set wns_value [get_property SLACK $tp]} else {set wns_value 0.0}; } else {   set tp [get_timing_paths -max_paths 1 -slack_lesser_than 999];   if {[llength $tp] > 0} {set wns_value [get_property SLACK $tp]} else {set wns_value 0.0} }; puts {WNS_VALUE_BEGIN}; puts $wns_value; puts {WNS_VALUE_END}
set _unplaced [llength [get_cells -quiet -hierarchical -filter {IS_PRIMITIVE && STATUS == UNPLACED}]]; puts "STATE_UNPLACED:$_unplaced"
puts {__route_status_86140cd9__}; report_route_status -return_string
write_checkpoint -force {/home/fpl2026/dcp_optimizer_run-20260713_010908/checkpoints/iter_002.dcp}
close_design
open_checkpoint {/home/fpl2026/dcp_optimizer_run-20260713_010908/checkpoints/iter_001.dcp}
puts {__get_wns_b0205b3a__}; set clk_obj [get_clocks -quiet {clk_fpl26contest}]; if {$clk_obj ne {}} {   set wns_path [get_timing_paths -max_paths 1 -setup -to $clk_obj];   if {[llength $wns_path] > 0} {get_property SLACK $wns_path} else {puts 0.0} } else {puts {ERROR: clock not found}}
puts {__get_wns_1b06acb8__}; set clk_obj [get_clocks -quiet {clk_fpl26contest}]; if {$clk_obj ne {}} {   set wns_path [get_timing_paths -max_paths 1 -setup -to $clk_obj];   if {[llength $wns_path] > 0} {get_property SLACK $wns_path} else {puts 0.0} } else {puts {ERROR: clock not found}}
set paths [get_timing_paths -max_paths 20 -setup -slack_lesser_than 0]; if {[llength $paths] == 0} {set paths [get_timing_paths -max_paths 20 -setup]}; foreach p $paths {   set slack [get_property SLACK $p];   set start [get_property STARTPOINT_PIN $p];   set end [get_property ENDPOINT_PIN $p];   if {$start eq {}} {set start [get_property STARTPOINT_CELL $p]};   if {$end eq {}} {set end [get_property ENDPOINT_CELL $p]};   puts "PATH|$slack|$start|$end"; }
report_timing -return_string -max_paths 1 -delay_type max
report_design_analysis -congestion -return_string
set _s [lindex [get_sites -quiet -of_objects [get_cells -quiet {layer0_reg/data_out_reg[10]}]] 0]; if {$_s ne {}} {puts "CLOCKREGION|layer0_reg/data_out_reg[10]|[get_property CLOCK_REGION $_s]"} ; set _s [lindex [get_sites -quiet -of_objects [get_cells -quiet {layer1_reg/data_out_reg[44]_rep}]] 0]; if {$_s ne {}} {puts "CLOCKREGION|layer1_reg/data_out_reg[44]_rep|[get_property CLOCK_REGION $_s]"} ; set _s [lindex [get_sites -quiet -of_objects [get_cells -quiet {layer1_reg/data_out_reg[44]_rep__0}]] 0]; if {$_s ne {}} {puts "CLOCKREGION|layer1_reg/data_out_reg[44]_rep__0|[get_property CLOCK_REGION $_s]"}
report_utilization -return_string
if {[llength [get_pblocks -quiet]] > 0} {delete_pblocks [get_pblocks]}
place_design -unplace
create_pblock pblock_full_replace_003
resize_pblock pblock_full_replace_003 -add {SLICE_X81Y162:SLICE_X89Y214 DSP48E2_X9Y66:DSP48E2_X10Y85 RAMB18_X5Y66:RAMB18_X6Y85 RAMB36_X5Y33:RAMB36_X6Y42}
set_property IS_SOFT 0 [get_pblocks pblock_full_replace_003]
add_cells_to_pblock pblock_full_replace_003 [get_cells -hierarchical]
llength [get_cells -of_objects [get_pblocks pblock_full_replace_003]]
report_property [get_pblocks pblock_full_replace_003]
report_drc -checks {UTLZ-1 UTLZ-2} -file {/home/fpl2026/VivadoMCP/drc_check_pblock_full_replace_003.rpt}
file size {/home/fpl2026/VivadoMCP/drc_check_pblock_full_replace_003.rpt}
delete_pblocks [get_pblocks pblock_full_replace_003]
create_pblock pblock_full_replace_003
resize_pblock pblock_full_replace_003 -add {SLICE_X52Y0:SLICE_X118Y403 DSP48E2_X5Y0:DSP48E2_X13Y154 RAMB18_X1Y0:RAMB18_X9Y154 RAMB36_X1Y0:RAMB36_X9Y74}
set_property IS_SOFT 0 [get_pblocks pblock_full_replace_003]
add_cells_to_pblock pblock_full_replace_003 [get_cells -hierarchical]
llength [get_cells -of_objects [get_pblocks pblock_full_replace_003]]
report_property [get_pblocks pblock_full_replace_003]
report_drc -checks {UTLZ-1 UTLZ-2} -file {/home/fpl2026/VivadoMCP/drc_check_pblock_full_replace_003.rpt}
file size {/home/fpl2026/VivadoMCP/drc_check_pblock_full_replace_003.rpt}
report_property [get_pblocks pblock_full_replace_003]
place_design -directive Default
route_design -directive Default
puts {__timing_summary_9b5840bb__}; report_timing_summary -return_string
set clk_obj [get_clocks -quiet {clk_fpl26contest}]; if {$clk_obj ne {}} {   set tp [get_timing_paths -max_paths 1 -setup -to $clk_obj];   if {[llength $tp] > 0} {set wns_value [get_property SLACK $tp]} else {set wns_value 0.0}; } else {   set tp [get_timing_paths -max_paths 1 -slack_lesser_than 999];   if {[llength $tp] > 0} {set wns_value [get_property SLACK $tp]} else {set wns_value 0.0} }; puts {WNS_VALUE_BEGIN}; puts $wns_value; puts {WNS_VALUE_END}
set _unplaced [llength [get_cells -quiet -hierarchical -filter {IS_PRIMITIVE && STATUS == UNPLACED}]]; puts "STATE_UNPLACED:$_unplaced"
puts {__route_status_6687f3ad__}; report_route_status -return_string
write_checkpoint -force {/home/fpl2026/dcp_optimizer_run-20260713_010908/checkpoints/iter_003.dcp}
close_design
open_checkpoint {/home/fpl2026/dcp_optimizer_run-20260713_010908/checkpoints/iter_001.dcp}
puts {__get_wns_a936a659__}; set clk_obj [get_clocks -quiet {clk_fpl26contest}]; if {$clk_obj ne {}} {   set wns_path [get_timing_paths -max_paths 1 -setup -to $clk_obj];   if {[llength $wns_path] > 0} {get_property SLACK $wns_path} else {puts 0.0} } else {puts {ERROR: clock not found}}
puts {__get_wns_f91c0c53__}; set clk_obj [get_clocks -quiet {clk_fpl26contest}]; if {$clk_obj ne {}} {   set wns_path [get_timing_paths -max_paths 1 -setup -to $clk_obj];   if {[llength $wns_path] > 0} {get_property SLACK $wns_path} else {puts 0.0} } else {puts {ERROR: clock not found}}
set paths [get_timing_paths -max_paths 20 -setup -slack_lesser_than 0]; if {[llength $paths] == 0} {set paths [get_timing_paths -max_paths 20 -setup]}; foreach p $paths {   set slack [get_property SLACK $p];   set start [get_property STARTPOINT_PIN $p];   set end [get_property ENDPOINT_PIN $p];   if {$start eq {}} {set start [get_property STARTPOINT_CELL $p]};   if {$end eq {}} {set end [get_property ENDPOINT_CELL $p]};   puts "PATH|$slack|$start|$end"; }
report_timing -return_string -max_paths 1 -delay_type max
report_design_analysis -congestion -return_string
set _s [lindex [get_sites -quiet -of_objects [get_cells -quiet {layer0_reg/data_out_reg[10]}]] 0]; if {$_s ne {}} {puts "CLOCKREGION|layer0_reg/data_out_reg[10]|[get_property CLOCK_REGION $_s]"} ; set _s [lindex [get_sites -quiet -of_objects [get_cells -quiet {layer1_reg/data_out_reg[44]_rep}]] 0]; if {$_s ne {}} {puts "CLOCKREGION|layer1_reg/data_out_reg[44]_rep|[get_property CLOCK_REGION $_s]"} ; set _s [lindex [get_sites -quiet -of_objects [get_cells -quiet {layer1_reg/data_out_reg[44]_rep__0}]] 0]; if {$_s ne {}} {puts "CLOCKREGION|layer1_reg/data_out_reg[44]_rep__0|[get_property CLOCK_REGION $_s]"}
report_timing -return_string -max_paths 20 -delay_type max -sort_by slack -nworst 1
close_design
open_checkpoint {/home/fpl2026/dcp_optimizer_run-20260713_010908/checkpoints/iter_001.dcp}
puts {__get_wns_763d6de3__}; set clk_obj [get_clocks -quiet {clk_fpl26contest}]; if {$clk_obj ne {}} {   set wns_path [get_timing_paths -max_paths 1 -setup -to $clk_obj];   if {[llength $wns_path] > 0} {get_property SLACK $wns_path} else {puts 0.0} } else {puts {ERROR: clock not found}}
set paths [get_timing_paths -max_paths 20 -setup -slack_lesser_than 0]; if {[llength $paths] == 0} {set paths [get_timing_paths -max_paths 20 -setup]}; foreach p $paths {   set slack [get_property SLACK $p];   set start [get_property STARTPOINT_PIN $p];   set end [get_property ENDPOINT_PIN $p];   if {$start eq {}} {set start [get_property STARTPOINT_CELL $p]};   if {$end eq {}} {set end [get_property ENDPOINT_CELL $p]};   puts "PATH|$slack|$start|$end"; }
report_timing -return_string -max_paths 1 -delay_type max
report_design_analysis -congestion -return_string
set _s [lindex [get_sites -quiet -of_objects [get_cells -quiet {layer0_reg/data_out_reg[10]}]] 0]; if {$_s ne {}} {puts "CLOCKREGION|layer0_reg/data_out_reg[10]|[get_property CLOCK_REGION $_s]"} ; set _s [lindex [get_sites -quiet -of_objects [get_cells -quiet {layer1_reg/data_out_reg[44]_rep}]] 0]; if {$_s ne {}} {puts "CLOCKREGION|layer1_reg/data_out_reg[44]_rep|[get_property CLOCK_REGION $_s]"} ; set _s [lindex [get_sites -quiet -of_objects [get_cells -quiet {layer1_reg/data_out_reg[44]_rep__0}]] 0]; if {$_s ne {}} {puts "CLOCKREGION|layer1_reg/data_out_reg[44]_rep__0|[get_property CLOCK_REGION $_s]"}
if {[llength [get_pblocks -quiet pblock_full_replace_003]] > 0} {delete_pblocks [get_pblocks pblock_full_replace_003]}
create_pblock pblock_net_delay_005
resize_pblock pblock_net_delay_005 -add {SLICE_X82Y162:SLICE_X87Y214 DSP48E2_X10Y66:DSP48E2_X10Y85 RAMB18_X5Y66:RAMB18_X6Y85 RAMB36_X5Y33:RAMB36_X6Y42}
set_property IS_SOFT 0 [get_pblocks pblock_net_delay_005]
add_cells_to_pblock pblock_net_delay_005 [get_cells -hierarchical]
llength [get_cells -of_objects [get_pblocks pblock_net_delay_005]]
report_property [get_pblocks pblock_net_delay_005]
report_drc -checks {UTLZ-1 UTLZ-2} -file {/home/fpl2026/VivadoMCP/drc_check_pblock_net_delay_005.rpt}
file size {/home/fpl2026/VivadoMCP/drc_check_pblock_net_delay_005.rpt}
delete_pblocks [get_pblocks pblock_net_delay_005]
create_pblock pblock_net_delay_005
resize_pblock pblock_net_delay_005 -add {SLICE_X28Y0:SLICE_X141Y776 DSP48E2_X10Y0:DSP48E2_X10Y290 RAMB18_X0Y0:RAMB18_X16Y290 RAMB36_X0Y0:RAMB36_X16Y139}
set_property IS_SOFT 0 [get_pblocks pblock_net_delay_005]
add_cells_to_pblock pblock_net_delay_005 [get_cells -hierarchical]
llength [get_cells -of_objects [get_pblocks pblock_net_delay_005]]
report_property [get_pblocks pblock_net_delay_005]
report_drc -checks {UTLZ-1 UTLZ-2} -file {/home/fpl2026/VivadoMCP/drc_check_pblock_net_delay_005.rpt}
file size {/home/fpl2026/VivadoMCP/drc_check_pblock_net_delay_005.rpt}
report_property [get_pblocks pblock_net_delay_005]
place_design -directive Explore
route_design -directive Explore
puts {__timing_summary_6a2eed58__}; report_timing_summary -return_string
set clk_obj [get_clocks -quiet {clk_fpl26contest}]; if {$clk_obj ne {}} {   set tp [get_timing_paths -max_paths 1 -setup -to $clk_obj];   if {[llength $tp] > 0} {set wns_value [get_property SLACK $tp]} else {set wns_value 0.0}; } else {   set tp [get_timing_paths -max_paths 1 -slack_lesser_than 999];   if {[llength $tp] > 0} {set wns_value [get_property SLACK $tp]} else {set wns_value 0.0} }; puts {WNS_VALUE_BEGIN}; puts $wns_value; puts {WNS_VALUE_END}
set _unplaced [llength [get_cells -quiet -hierarchical -filter {IS_PRIMITIVE && STATUS == UNPLACED}]]; puts "STATE_UNPLACED:$_unplaced"
puts {__route_status_94775bde__}; report_route_status -return_string
write_checkpoint -force {/home/fpl2026/dcp_optimizer_run-20260713_010908/checkpoints/iter_005.dcp}
puts {__get_wns_8a76e035__}; set clk_obj [get_clocks -quiet {clk_fpl26contest}]; if {$clk_obj ne {}} {   set wns_path [get_timing_paths -max_paths 1 -setup -to $clk_obj];   if {[llength $wns_path] > 0} {get_property SLACK $wns_path} else {puts 0.0} } else {puts {ERROR: clock not found}}
puts {__get_wns_82ce72dd__}; set clk_obj [get_clocks -quiet {clk_fpl26contest}]; if {$clk_obj ne {}} {   set wns_path [get_timing_paths -max_paths 1 -setup -to $clk_obj];   if {[llength $wns_path] > 0} {get_property SLACK $wns_path} else {puts 0.0} } else {puts {ERROR: clock not found}}
set paths [get_timing_paths -max_paths 20 -setup -slack_lesser_than 0]; if {[llength $paths] == 0} {set paths [get_timing_paths -max_paths 20 -setup]}; foreach p $paths {   set slack [get_property SLACK $p];   set start [get_property STARTPOINT_PIN $p];   set end [get_property ENDPOINT_PIN $p];   if {$start eq {}} {set start [get_property STARTPOINT_CELL $p]};   if {$end eq {}} {set end [get_property ENDPOINT_CELL $p]};   puts "PATH|$slack|$start|$end"; }
report_timing -return_string -max_paths 1 -delay_type max
report_design_analysis -congestion -return_string
set _s [lindex [get_sites -quiet -of_objects [get_cells -quiet {layer0_reg/data_out_reg[9]}]] 0]; if {$_s ne {}} {puts "CLOCKREGION|layer0_reg/data_out_reg[9]|[get_property CLOCK_REGION $_s]"} ; set _s [lindex [get_sites -quiet -of_objects [get_cells -quiet {layer1_reg/data_out_reg[44]_rep}]] 0]; if {$_s ne {}} {puts "CLOCKREGION|layer1_reg/data_out_reg[44]_rep|[get_property CLOCK_REGION $_s]"} ; set _s [lindex [get_sites -quiet -of_objects [get_cells -quiet {layer1_reg/data_out_reg[44]_rep__0}]] 0]; if {$_s ne {}} {puts "CLOCKREGION|layer1_reg/data_out_reg[44]_rep__0|[get_property CLOCK_REGION $_s]"} ; set _s [lindex [get_sites -quiet -of_objects [get_cells -quiet {layer2_reg/data_out_reg[151]_rep__0}]] 0]; if {$_s ne {}} {puts "CLOCKREGION|layer2_reg/data_out_reg[151]_rep__0|[get_property CLOCK_REGION $_s]"}
route_design -directive Explore
puts {__timing_summary_c08af42e__}; report_timing_summary -return_string
set clk_obj [get_clocks -quiet {clk_fpl26contest}]; if {$clk_obj ne {}} {   set tp [get_timing_paths -max_paths 1 -setup -to $clk_obj];   if {[llength $tp] > 0} {set wns_value [get_property SLACK $tp]} else {set wns_value 0.0}; } else {   set tp [get_timing_paths -max_paths 1 -slack_lesser_than 999];   if {[llength $tp] > 0} {set wns_value [get_property SLACK $tp]} else {set wns_value 0.0} }; puts {WNS_VALUE_BEGIN}; puts $wns_value; puts {WNS_VALUE_END}
set _unplaced [llength [get_cells -quiet -hierarchical -filter {IS_PRIMITIVE && STATUS == UNPLACED}]]; puts "STATE_UNPLACED:$_unplaced"
puts {__route_status_fb29ac2f__}; report_route_status -return_string
write_checkpoint -force {/home/fpl2026/dcp_optimizer_run-20260713_010908/checkpoints/iter_006.dcp}
puts {__get_wns_0041d45e__}; set clk_obj [get_clocks -quiet {clk_fpl26contest}]; if {$clk_obj ne {}} {   set wns_path [get_timing_paths -max_paths 1 -setup -to $clk_obj];   if {[llength $wns_path] > 0} {get_property SLACK $wns_path} else {puts 0.0} } else {puts {ERROR: clock not found}}
puts {__get_wns_cb9c2921__}; set clk_obj [get_clocks -quiet {clk_fpl26contest}]; if {$clk_obj ne {}} {   set wns_path [get_timing_paths -max_paths 1 -setup -to $clk_obj];   if {[llength $wns_path] > 0} {get_property SLACK $wns_path} else {puts 0.0} } else {puts {ERROR: clock not found}}
set paths [get_timing_paths -max_paths 20 -setup -slack_lesser_than 0]; if {[llength $paths] == 0} {set paths [get_timing_paths -max_paths 20 -setup]}; foreach p $paths {   set slack [get_property SLACK $p];   set start [get_property STARTPOINT_PIN $p];   set end [get_property ENDPOINT_PIN $p];   if {$start eq {}} {set start [get_property STARTPOINT_CELL $p]};   if {$end eq {}} {set end [get_property ENDPOINT_CELL $p]};   puts "PATH|$slack|$start|$end"; }
report_timing -return_string -max_paths 1 -delay_type max
report_design_analysis -congestion -return_string
set _s [lindex [get_sites -quiet -of_objects [get_cells -quiet {layer0_reg/data_out_reg[9]}]] 0]; if {$_s ne {}} {puts "CLOCKREGION|layer0_reg/data_out_reg[9]|[get_property CLOCK_REGION $_s]"} ; set _s [lindex [get_sites -quiet -of_objects [get_cells -quiet {layer1_reg/data_out_reg[44]_rep}]] 0]; if {$_s ne {}} {puts "CLOCKREGION|layer1_reg/data_out_reg[44]_rep|[get_property CLOCK_REGION $_s]"} ; set _s [lindex [get_sites -quiet -of_objects [get_cells -quiet {layer1_reg/data_out_reg[44]_rep__0}]] 0]; if {$_s ne {}} {puts "CLOCKREGION|layer1_reg/data_out_reg[44]_rep__0|[get_property CLOCK_REGION $_s]"}
puts {__get_wns_753fc190__}; set clk_obj [get_clocks -quiet {clk_fpl26contest}]; if {$clk_obj ne {}} {   set wns_path [get_timing_paths -max_paths 1 -setup -to $clk_obj];   if {[llength $wns_path] > 0} {get_property SLACK $wns_path} else {puts 0.0} } else {puts {ERROR: clock not found}}
phys_opt_design -directive Explore -retime
phys_opt_design -directive Explore
puts {__get_wns_7a5fe93e__}; set clk_obj [get_clocks -quiet {clk_fpl26contest}]; if {$clk_obj ne {}} {   set wns_path [get_timing_paths -max_paths 1 -setup -to $clk_obj];   if {[llength $wns_path] > 0} {get_property SLACK $wns_path} else {puts 0.0} } else {puts {ERROR: clock not found}}
puts {__timing_summary_1cbc0e62__}; report_timing_summary -return_string
set clk_obj [get_clocks -quiet {clk_fpl26contest}]; if {$clk_obj ne {}} {   set tp [get_timing_paths -max_paths 1 -setup -to $clk_obj];   if {[llength $tp] > 0} {set wns_value [get_property SLACK $tp]} else {set wns_value 0.0}; } else {   set tp [get_timing_paths -max_paths 1 -slack_lesser_than 999];   if {[llength $tp] > 0} {set wns_value [get_property SLACK $tp]} else {set wns_value 0.0} }; puts {WNS_VALUE_BEGIN}; puts $wns_value; puts {WNS_VALUE_END}
set _unplaced [llength [get_cells -quiet -hierarchical -filter {IS_PRIMITIVE && STATUS == UNPLACED}]]; puts "STATE_UNPLACED:$_unplaced"
puts {__route_status_7ec3b094__}; report_route_status -return_string
write_checkpoint -force {/home/fpl2026/dcp_optimizer_run-20260713_010908/checkpoints/iter_007.dcp}
puts {__get_wns_c5779530__}; set clk_obj [get_clocks -quiet {clk_fpl26contest}]; if {$clk_obj ne {}} {   set wns_path [get_timing_paths -max_paths 1 -setup -to $clk_obj];   if {[llength $wns_path] > 0} {get_property SLACK $wns_path} else {puts 0.0} } else {puts {ERROR: clock not found}}
puts {__get_wns_2a8a9c67__}; set clk_obj [get_clocks -quiet {clk_fpl26contest}]; if {$clk_obj ne {}} {   set wns_path [get_timing_paths -max_paths 1 -setup -to $clk_obj];   if {[llength $wns_path] > 0} {get_property SLACK $wns_path} else {puts 0.0} } else {puts {ERROR: clock not found}}
set paths [get_timing_paths -max_paths 20 -setup -slack_lesser_than 0]; if {[llength $paths] == 0} {set paths [get_timing_paths -max_paths 20 -setup]}; foreach p $paths {   set slack [get_property SLACK $p];   set start [get_property STARTPOINT_PIN $p];   set end [get_property ENDPOINT_PIN $p];   if {$start eq {}} {set start [get_property STARTPOINT_CELL $p]};   if {$end eq {}} {set end [get_property ENDPOINT_CELL $p]};   puts "PATH|$slack|$start|$end"; }
report_timing -return_string -max_paths 1 -delay_type max
report_design_analysis -congestion -return_string
set _s [lindex [get_sites -quiet -of_objects [get_cells -quiet {layer0_reg/data_out_reg[9]}]] 0]; if {$_s ne {}} {puts "CLOCKREGION|layer0_reg/data_out_reg[9]|[get_property CLOCK_REGION $_s]"} ; set _s [lindex [get_sites -quiet -of_objects [get_cells -quiet {layer1_reg/data_out_reg[44]_rep}]] 0]; if {$_s ne {}} {puts "CLOCKREGION|layer1_reg/data_out_reg[44]_rep|[get_property CLOCK_REGION $_s]"} ; set _s [lindex [get_sites -quiet -of_objects [get_cells -quiet {layer1_reg/data_out_reg[44]_rep__0}]] 0]; if {$_s ne {}} {puts "CLOCKREGION|layer1_reg/data_out_reg[44]_rep__0|[get_property CLOCK_REGION $_s]"}
route_design -directive AggressiveExplore
puts {__timing_summary_aaf977db__}; report_timing_summary -return_string
set clk_obj [get_clocks -quiet {clk_fpl26contest}]; if {$clk_obj ne {}} {   set tp [get_timing_paths -max_paths 1 -setup -to $clk_obj];   if {[llength $tp] > 0} {set wns_value [get_property SLACK $tp]} else {set wns_value 0.0}; } else {   set tp [get_timing_paths -max_paths 1 -slack_lesser_than 999];   if {[llength $tp] > 0} {set wns_value [get_property SLACK $tp]} else {set wns_value 0.0} }; puts {WNS_VALUE_BEGIN}; puts $wns_value; puts {WNS_VALUE_END}
set _unplaced [llength [get_cells -quiet -hierarchical -filter {IS_PRIMITIVE && STATUS == UNPLACED}]]; puts "STATE_UNPLACED:$_unplaced"
puts {__route_status_28b4475e__}; report_route_status -return_string
write_checkpoint -force {/home/fpl2026/dcp_optimizer_run-20260713_010908/checkpoints/iter_008.dcp}
puts {__get_wns_642bb165__}; set clk_obj [get_clocks -quiet {clk_fpl26contest}]; if {$clk_obj ne {}} {   set wns_path [get_timing_paths -max_paths 1 -setup -to $clk_obj];   if {[llength $wns_path] > 0} {get_property SLACK $wns_path} else {puts 0.0} } else {puts {ERROR: clock not found}}
puts {__get_wns_3c6c9468__}; set clk_obj [get_clocks -quiet {clk_fpl26contest}]; if {$clk_obj ne {}} {   set wns_path [get_timing_paths -max_paths 1 -setup -to $clk_obj];   if {[llength $wns_path] > 0} {get_property SLACK $wns_path} else {puts 0.0} } else {puts {ERROR: clock not found}}
set paths [get_timing_paths -max_paths 20 -setup -slack_lesser_than 0]; if {[llength $paths] == 0} {set paths [get_timing_paths -max_paths 20 -setup]}; foreach p $paths {   set slack [get_property SLACK $p];   set start [get_property STARTPOINT_PIN $p];   set end [get_property ENDPOINT_PIN $p];   if {$start eq {}} {set start [get_property STARTPOINT_CELL $p]};   if {$end eq {}} {set end [get_property ENDPOINT_CELL $p]};   puts "PATH|$slack|$start|$end"; }
report_timing -return_string -max_paths 1 -delay_type max
report_design_analysis -congestion -return_string
route_design -directive HigherDelayCost
puts {__timing_summary_f49b1852__}; report_timing_summary -return_string
set clk_obj [get_clocks -quiet {clk_fpl26contest}]; if {$clk_obj ne {}} {   set tp [get_timing_paths -max_paths 1 -setup -to $clk_obj];   if {[llength $tp] > 0} {set wns_value [get_property SLACK $tp]} else {set wns_value 0.0}; } else {   set tp [get_timing_paths -max_paths 1 -slack_lesser_than 999];   if {[llength $tp] > 0} {set wns_value [get_property SLACK $tp]} else {set wns_value 0.0} }; puts {WNS_VALUE_BEGIN}; puts $wns_value; puts {WNS_VALUE_END}
set _unplaced [llength [get_cells -quiet -hierarchical -filter {IS_PRIMITIVE && STATUS == UNPLACED}]]; puts "STATE_UNPLACED:$_unplaced"
puts {__route_status_fc023e77__}; report_route_status -return_string
write_checkpoint -force {/home/fpl2026/dcp_optimizer_run-20260713_010908/checkpoints/iter_009.dcp}
puts {__get_wns_d6c0f48c__}; set clk_obj [get_clocks -quiet {clk_fpl26contest}]; if {$clk_obj ne {}} {   set wns_path [get_timing_paths -max_paths 1 -setup -to $clk_obj];   if {[llength $wns_path] > 0} {get_property SLACK $wns_path} else {puts 0.0} } else {puts {ERROR: clock not found}}
puts {__get_wns_1d227129__}; set clk_obj [get_clocks -quiet {clk_fpl26contest}]; if {$clk_obj ne {}} {   set wns_path [get_timing_paths -max_paths 1 -setup -to $clk_obj];   if {[llength $wns_path] > 0} {get_property SLACK $wns_path} else {puts 0.0} } else {puts {ERROR: clock not found}}
set paths [get_timing_paths -max_paths 20 -setup -slack_lesser_than 0]; if {[llength $paths] == 0} {set paths [get_timing_paths -max_paths 20 -setup]}; foreach p $paths {   set slack [get_property SLACK $p];   set start [get_property STARTPOINT_PIN $p];   set end [get_property ENDPOINT_PIN $p];   if {$start eq {}} {set start [get_property STARTPOINT_CELL $p]};   if {$end eq {}} {set end [get_property ENDPOINT_CELL $p]};   puts "PATH|$slack|$start|$end"; }
report_timing -return_string -max_paths 1 -delay_type max
report_design_analysis -congestion -return_string
if {[llength [get_pblocks -quiet pblock_net_delay_005]] > 0} {delete_pblocks [get_pblocks pblock_net_delay_005]}
create_pblock pblock_net_delay_010
resize_pblock pblock_net_delay_010 -add {SLICE_X82Y162:SLICE_X87Y214 DSP48E2_X10Y66:DSP48E2_X10Y85 RAMB18_X5Y66:RAMB18_X6Y85 RAMB36_X5Y33:RAMB36_X6Y42}
set_property IS_SOFT 0 [get_pblocks pblock_net_delay_010]
add_cells_to_pblock pblock_net_delay_010 [get_cells -hierarchical]
llength [get_cells -of_objects [get_pblocks pblock_net_delay_010]]
report_property [get_pblocks pblock_net_delay_010]
report_drc -checks {UTLZ-1 UTLZ-2} -file {/home/fpl2026/VivadoMCP/drc_check_pblock_net_delay_010.rpt}
file size {/home/fpl2026/VivadoMCP/drc_check_pblock_net_delay_010.rpt}
delete_pblocks [get_pblocks pblock_net_delay_010]
create_pblock pblock_net_delay_010
resize_pblock pblock_net_delay_010 -add {SLICE_X28Y0:SLICE_X141Y776 DSP48E2_X10Y0:DSP48E2_X10Y290 RAMB18_X0Y0:RAMB18_X16Y290 RAMB36_X0Y0:RAMB36_X16Y139}
set_property IS_SOFT 0 [get_pblocks pblock_net_delay_010]
add_cells_to_pblock pblock_net_delay_010 [get_cells -hierarchical]
llength [get_cells -of_objects [get_pblocks pblock_net_delay_010]]
report_property [get_pblocks pblock_net_delay_010]
report_drc -checks {UTLZ-1 UTLZ-2} -file {/home/fpl2026/VivadoMCP/drc_check_pblock_net_delay_010.rpt}
file size {/home/fpl2026/VivadoMCP/drc_check_pblock_net_delay_010.rpt}
report_property [get_pblocks pblock_net_delay_010]
place_design -directive Explore
route_design -directive Explore
puts {__timing_summary_d67028b5__}; report_timing_summary -return_string
set clk_obj [get_clocks -quiet {clk_fpl26contest}]; if {$clk_obj ne {}} {   set tp [get_timing_paths -max_paths 1 -setup -to $clk_obj];   if {[llength $tp] > 0} {set wns_value [get_property SLACK $tp]} else {set wns_value 0.0}; } else {   set tp [get_timing_paths -max_paths 1 -slack_lesser_than 999];   if {[llength $tp] > 0} {set wns_value [get_property SLACK $tp]} else {set wns_value 0.0} }; puts {WNS_VALUE_BEGIN}; puts $wns_value; puts {WNS_VALUE_END}
set _unplaced [llength [get_cells -quiet -hierarchical -filter {IS_PRIMITIVE && STATUS == UNPLACED}]]; puts "STATE_UNPLACED:$_unplaced"
puts {__route_status_2cfaa2ac__}; report_route_status -return_string
write_checkpoint -force {/home/fpl2026/dcp_optimizer_run-20260713_010908/checkpoints/iter_010.dcp}
close_design
open_checkpoint {/home/fpl2026/dcp_optimizer_run-20260713_010908/checkpoints/iter_008.dcp}
puts {__get_wns_b7131f6e__}; set clk_obj [get_clocks -quiet {clk_fpl26contest}]; if {$clk_obj ne {}} {   set wns_path [get_timing_paths -max_paths 1 -setup -to $clk_obj];   if {[llength $wns_path] > 0} {get_property SLACK $wns_path} else {puts 0.0} } else {puts {ERROR: clock not found}}
puts {__get_wns_7c22ed09__}; set clk_obj [get_clocks -quiet {clk_fpl26contest}]; if {$clk_obj ne {}} {   set wns_path [get_timing_paths -max_paths 1 -setup -to $clk_obj];   if {[llength $wns_path] > 0} {get_property SLACK $wns_path} else {puts 0.0} } else {puts {ERROR: clock not found}}
set paths [get_timing_paths -max_paths 20 -setup -slack_lesser_than 0]; if {[llength $paths] == 0} {set paths [get_timing_paths -max_paths 20 -setup]}; foreach p $paths {   set slack [get_property SLACK $p];   set start [get_property STARTPOINT_PIN $p];   set end [get_property ENDPOINT_PIN $p];   if {$start eq {}} {set start [get_property STARTPOINT_CELL $p]};   if {$end eq {}} {set end [get_property ENDPOINT_CELL $p]};   puts "PATH|$slack|$start|$end"; }
report_timing -return_string -max_paths 1 -delay_type max
report_design_analysis -congestion -return_string
report_utilization -return_string
if {[llength [get_pblocks -quiet]] > 0} {delete_pblocks [get_pblocks]}
place_design -unplace
create_pblock pblock_full_replace_011
resize_pblock pblock_full_replace_011 -add {SLICE_X81Y162:SLICE_X89Y214 DSP48E2_X9Y66:DSP48E2_X10Y85 RAMB18_X5Y66:RAMB18_X6Y85 RAMB36_X5Y33:RAMB36_X6Y42}
set_property IS_SOFT 0 [get_pblocks pblock_full_replace_011]
add_cells_to_pblock pblock_full_replace_011 [get_cells -hierarchical]
llength [get_cells -of_objects [get_pblocks pblock_full_replace_011]]
report_property [get_pblocks pblock_full_replace_011]
report_drc -checks {UTLZ-1 UTLZ-2} -file {/home/fpl2026/VivadoMCP/drc_check_pblock_full_replace_011.rpt}
file size {/home/fpl2026/VivadoMCP/drc_check_pblock_full_replace_011.rpt}
delete_pblocks [get_pblocks pblock_full_replace_011]
create_pblock pblock_full_replace_011
resize_pblock pblock_full_replace_011 -add {SLICE_X52Y0:SLICE_X118Y403 DSP48E2_X5Y0:DSP48E2_X13Y154 RAMB18_X1Y0:RAMB18_X9Y154 RAMB36_X1Y0:RAMB36_X9Y74}
set_property IS_SOFT 0 [get_pblocks pblock_full_replace_011]
add_cells_to_pblock pblock_full_replace_011 [get_cells -hierarchical]
llength [get_cells -of_objects [get_pblocks pblock_full_replace_011]]
report_property [get_pblocks pblock_full_replace_011]
report_drc -checks {UTLZ-1 UTLZ-2} -file {/home/fpl2026/VivadoMCP/drc_check_pblock_full_replace_011.rpt}
file size {/home/fpl2026/VivadoMCP/drc_check_pblock_full_replace_011.rpt}
report_property [get_pblocks pblock_full_replace_011]
place_design -directive ExtraTimingOpt
route_design -directive Explore
puts {__timing_summary_bdb4685c__}; report_timing_summary -return_string
set clk_obj [get_clocks -quiet {clk_fpl26contest}]; if {$clk_obj ne {}} {   set tp [get_timing_paths -max_paths 1 -setup -to $clk_obj];   if {[llength $tp] > 0} {set wns_value [get_property SLACK $tp]} else {set wns_value 0.0}; } else {   set tp [get_timing_paths -max_paths 1 -slack_lesser_than 999];   if {[llength $tp] > 0} {set wns_value [get_property SLACK $tp]} else {set wns_value 0.0} }; puts {WNS_VALUE_BEGIN}; puts $wns_value; puts {WNS_VALUE_END}
set _unplaced [llength [get_cells -quiet -hierarchical -filter {IS_PRIMITIVE && STATUS == UNPLACED}]]; puts "STATE_UNPLACED:$_unplaced"
puts {__route_status_bdfc0a79__}; report_route_status -return_string
write_checkpoint -force {/home/fpl2026/dcp_optimizer_run-20260713_010908/checkpoints/iter_011.dcp}
close_design
open_checkpoint {/home/fpl2026/dcp_optimizer_run-20260713_010908/checkpoints/iter_008.dcp}
puts {__get_wns_66f8a65b__}; set clk_obj [get_clocks -quiet {clk_fpl26contest}]; if {$clk_obj ne {}} {   set wns_path [get_timing_paths -max_paths 1 -setup -to $clk_obj];   if {[llength $wns_path] > 0} {get_property SLACK $wns_path} else {puts 0.0} } else {puts {ERROR: clock not found}}
puts {__get_wns_b516e7c9__}; set clk_obj [get_clocks -quiet {clk_fpl26contest}]; if {$clk_obj ne {}} {   set wns_path [get_timing_paths -max_paths 1 -setup -to $clk_obj];   if {[llength $wns_path] > 0} {get_property SLACK $wns_path} else {puts 0.0} } else {puts {ERROR: clock not found}}
set paths [get_timing_paths -max_paths 20 -setup -slack_lesser_than 0]; if {[llength $paths] == 0} {set paths [get_timing_paths -max_paths 20 -setup]}; foreach p $paths {   set slack [get_property SLACK $p];   set start [get_property STARTPOINT_PIN $p];   set end [get_property ENDPOINT_PIN $p];   if {$start eq {}} {set start [get_property STARTPOINT_CELL $p]};   if {$end eq {}} {set end [get_property ENDPOINT_CELL $p]};   puts "PATH|$slack|$start|$end"; }
report_timing -return_string -max_paths 1 -delay_type max
report_design_analysis -congestion -return_string
place_design -unplace
place_design -directive AggressiveExplore
close_design
open_checkpoint {/home/fpl2026/dcp_optimizer_run-20260713_010908/checkpoints/iter_008.dcp}
puts {__get_wns_86f0d263__}; set clk_obj [get_clocks -quiet {clk_fpl26contest}]; if {$clk_obj ne {}} {   set wns_path [get_timing_paths -max_paths 1 -setup -to $clk_obj];   if {[llength $wns_path] > 0} {get_property SLACK $wns_path} else {puts 0.0} } else {puts {ERROR: clock not found}}
set paths [get_timing_paths -max_paths 20 -setup -slack_lesser_than 0]; if {[llength $paths] == 0} {set paths [get_timing_paths -max_paths 20 -setup]}; foreach p $paths {   set slack [get_property SLACK $p];   set start [get_property STARTPOINT_PIN $p];   set end [get_property ENDPOINT_PIN $p];   if {$start eq {}} {set start [get_property STARTPOINT_CELL $p]};   if {$end eq {}} {set end [get_property ENDPOINT_CELL $p]};   puts "PATH|$slack|$start|$end"; }
report_timing -return_string -max_paths 1 -delay_type max
report_design_analysis -congestion -return_string
place_design -unplace
place_design -directive ExtraTimingOpt
route_design -directive Explore
puts {__timing_summary_ad1e308c__}; report_timing_summary -return_string
set clk_obj [get_clocks -quiet {clk_fpl26contest}]; if {$clk_obj ne {}} {   set tp [get_timing_paths -max_paths 1 -setup -to $clk_obj];   if {[llength $tp] > 0} {set wns_value [get_property SLACK $tp]} else {set wns_value 0.0}; } else {   set tp [get_timing_paths -max_paths 1 -slack_lesser_than 999];   if {[llength $tp] > 0} {set wns_value [get_property SLACK $tp]} else {set wns_value 0.0} }; puts {WNS_VALUE_BEGIN}; puts $wns_value; puts {WNS_VALUE_END}
set _unplaced [llength [get_cells -quiet -hierarchical -filter {IS_PRIMITIVE && STATUS == UNPLACED}]]; puts "STATE_UNPLACED:$_unplaced"
puts {__route_status_8b6969e4__}; report_route_status -return_string
write_checkpoint -force {/home/fpl2026/dcp_optimizer_run-20260713_010908/checkpoints/iter_013.dcp}
close_design
open_checkpoint {/home/fpl2026/dcp_optimizer_run-20260713_010908/checkpoints/iter_008.dcp}
puts {__get_wns_171a2884__}; set clk_obj [get_clocks -quiet {clk_fpl26contest}]; if {$clk_obj ne {}} {   set wns_path [get_timing_paths -max_paths 1 -setup -to $clk_obj];   if {[llength $wns_path] > 0} {get_property SLACK $wns_path} else {puts 0.0} } else {puts {ERROR: clock not found}}
close_design
open_checkpoint {/home/fpl2026/dcp_optimizer_run-20260713_010908/checkpoints/iter_008.dcp}
puts {__get_wns_044aa06d__}; set clk_obj [get_clocks -quiet {clk_fpl26contest}]; if {$clk_obj ne {}} {   set wns_path [get_timing_paths -max_paths 1 -setup -to $clk_obj];   if {[llength $wns_path] > 0} {get_property SLACK $wns_path} else {puts 0.0} } else {puts {ERROR: clock not found}}
phys_opt_design -directive Explore
puts {__get_wns_59f9ed09__}; set clk_obj [get_clocks -quiet {clk_fpl26contest}]; if {$clk_obj ne {}} {   set wns_path [get_timing_paths -max_paths 1 -setup -to $clk_obj];   if {[llength $wns_path] > 0} {get_property SLACK $wns_path} else {puts 0.0} } else {puts {ERROR: clock not found}}
puts {__timing_summary_cf57a80a__}; report_timing_summary -return_string
set clk_obj [get_clocks -quiet {clk_fpl26contest}]; if {$clk_obj ne {}} {   set tp [get_timing_paths -max_paths 1 -setup -to $clk_obj];   if {[llength $tp] > 0} {set wns_value [get_property SLACK $tp]} else {set wns_value 0.0}; } else {   set tp [get_timing_paths -max_paths 1 -slack_lesser_than 999];   if {[llength $tp] > 0} {set wns_value [get_property SLACK $tp]} else {set wns_value 0.0} }; puts {WNS_VALUE_BEGIN}; puts $wns_value; puts {WNS_VALUE_END}
set _unplaced [llength [get_cells -quiet -hierarchical -filter {IS_PRIMITIVE && STATUS == UNPLACED}]]; puts "STATE_UNPLACED:$_unplaced"
puts {__route_status_18700bfe__}; report_route_status -return_string
write_checkpoint -force {/home/fpl2026/dcp_optimizer_run-20260713_010908/checkpoints/iter_014.dcp}
route_design -directive Explore
puts {__timing_summary_497cce82__}; report_timing_summary -return_string
set clk_obj [get_clocks -quiet {clk_fpl26contest}]; if {$clk_obj ne {}} {   set tp [get_timing_paths -max_paths 1 -setup -to $clk_obj];   if {[llength $tp] > 0} {set wns_value [get_property SLACK $tp]} else {set wns_value 0.0}; } else {   set tp [get_timing_paths -max_paths 1 -slack_lesser_than 999];   if {[llength $tp] > 0} {set wns_value [get_property SLACK $tp]} else {set wns_value 0.0} }; puts {WNS_VALUE_BEGIN}; puts $wns_value; puts {WNS_VALUE_END}
set _unplaced [llength [get_cells -quiet -hierarchical -filter {IS_PRIMITIVE && STATUS == UNPLACED}]]; puts "STATE_UNPLACED:$_unplaced"
puts {__route_status_e5011824__}; report_route_status -return_string
write_checkpoint -force {/home/fpl2026/dcp_optimizer_run-20260713_010908/checkpoints/iter_015.dcp}
close_design
open_checkpoint {/home/fpl2026/dcp_optimizer_run-20260713_010908/checkpoints/iter_014.dcp}
puts {__get_wns_2ab1ef25__}; set clk_obj [get_clocks -quiet {clk_fpl26contest}]; if {$clk_obj ne {}} {   set wns_path [get_timing_paths -max_paths 1 -setup -to $clk_obj];   if {[llength $wns_path] > 0} {get_property SLACK $wns_path} else {puts 0.0} } else {puts {ERROR: clock not found}}
phys_opt_design -directive AggressiveExplore
puts {__get_wns_ef1c1d8b__}; set clk_obj [get_clocks -quiet {clk_fpl26contest}]; if {$clk_obj ne {}} {   set wns_path [get_timing_paths -max_paths 1 -setup -to $clk_obj];   if {[llength $wns_path] > 0} {get_property SLACK $wns_path} else {puts 0.0} } else {puts {ERROR: clock not found}}
puts {__timing_summary_b8c552c7__}; report_timing_summary -return_string
set clk_obj [get_clocks -quiet {clk_fpl26contest}]; if {$clk_obj ne {}} {   set tp [get_timing_paths -max_paths 1 -setup -to $clk_obj];   if {[llength $tp] > 0} {set wns_value [get_property SLACK $tp]} else {set wns_value 0.0}; } else {   set tp [get_timing_paths -max_paths 1 -slack_lesser_than 999];   if {[llength $tp] > 0} {set wns_value [get_property SLACK $tp]} else {set wns_value 0.0} }; puts {WNS_VALUE_BEGIN}; puts $wns_value; puts {WNS_VALUE_END}
set _unplaced [llength [get_cells -quiet -hierarchical -filter {IS_PRIMITIVE && STATUS == UNPLACED}]]; puts "STATE_UNPLACED:$_unplaced"
puts {__route_status_a8be4965__}; report_route_status -return_string
write_checkpoint -force {/home/fpl2026/dcp_optimizer_run-20260713_010908/checkpoints/iter_016.dcp}
route_design -directive NoTimingRelaxation
puts {__timing_summary_d6078936__}; report_timing_summary -return_string
set clk_obj [get_clocks -quiet {clk_fpl26contest}]; if {$clk_obj ne {}} {   set tp [get_timing_paths -max_paths 1 -setup -to $clk_obj];   if {[llength $tp] > 0} {set wns_value [get_property SLACK $tp]} else {set wns_value 0.0}; } else {   set tp [get_timing_paths -max_paths 1 -slack_lesser_than 999];   if {[llength $tp] > 0} {set wns_value [get_property SLACK $tp]} else {set wns_value 0.0} }; puts {WNS_VALUE_BEGIN}; puts $wns_value; puts {WNS_VALUE_END}
set _unplaced [llength [get_cells -quiet -hierarchical -filter {IS_PRIMITIVE && STATUS == UNPLACED}]]; puts "STATE_UNPLACED:$_unplaced"
puts {__route_status_6b8e0658__}; report_route_status -return_string
write_checkpoint -force {/home/fpl2026/dcp_optimizer_run-20260713_010908/checkpoints/iter_017.dcp}
puts {__get_wns_2beaf091__}; set clk_obj [get_clocks -quiet {clk_fpl26contest}]; if {$clk_obj ne {}} {   set wns_path [get_timing_paths -max_paths 1 -setup -to $clk_obj];   if {[llength $wns_path] > 0} {get_property SLACK $wns_path} else {puts 0.0} } else {puts {ERROR: clock not found}}
phys_opt_design -directive Default
puts {__get_wns_f531fa07__}; set clk_obj [get_clocks -quiet {clk_fpl26contest}]; if {$clk_obj ne {}} {   set wns_path [get_timing_paths -max_paths 1 -setup -to $clk_obj];   if {[llength $wns_path] > 0} {get_property SLACK $wns_path} else {puts 0.0} } else {puts {ERROR: clock not found}}
phys_opt_design -directive ExploreWithRemap
phys_opt_design -directive Default
puts {__timing_summary_b84249aa__}; report_timing_summary -return_string
set clk_obj [get_clocks -quiet {clk_fpl26contest}]; if {$clk_obj ne {}} {   set tp [get_timing_paths -max_paths 1 -setup -to $clk_obj];   if {[llength $tp] > 0} {set wns_value [get_property SLACK $tp]} else {set wns_value 0.0}; } else {   set tp [get_timing_paths -max_paths 1 -slack_lesser_than 999];   if {[llength $tp] > 0} {set wns_value [get_property SLACK $tp]} else {set wns_value 0.0} }; puts {WNS_VALUE_BEGIN}; puts $wns_value; puts {WNS_VALUE_END}
set _unplaced [llength [get_cells -quiet -hierarchical -filter {IS_PRIMITIVE && STATUS == UNPLACED}]]; puts "STATE_UNPLACED:$_unplaced"
puts {__route_status_bc3c43a3__}; report_route_status -return_string
write_checkpoint -force {/home/fpl2026/dcp_optimizer_run-20260713_010908/checkpoints/iter_018.dcp}
close_design
open_checkpoint {/home/fpl2026/dcp_optimizer_run-20260713_010908/checkpoints/iter_016.dcp}
