#-----------------------------------------------------------
# Vivado v2025.1 (64-bit)
# SW Build 6140274 on Wed May 21 22:58:25 MDT 2025
# IP Build 6138677 on Thu May 22 03:10:11 MDT 2025
# SharedData Build 6139179 on Tue May 20 17:58:58 MDT 2025
# Start of session at: Sun Jul 12 02:18:40 2026
# Process ID         : 11729
# Current directory  : /home/fpl2026/dcp_optimizer_run-20260712_021838
# Command line       : vivado -mode tcl -log /home/fpl2026/dcp_optimizer_run-20260712_021838/vivado.log -journal /home/fpl2026/dcp_optimizer_run-20260712_021838/vivado.jou
# Log file           : /home/fpl2026/dcp_optimizer_run-20260712_021838/vivado.log
# Journal file       : /home/fpl2026/dcp_optimizer_run-20260712_021838/vivado.jou
# Running On         : 35ns7cfvpwajp9e9nht0kyrsvp
# Platform           : Ubuntu
# Operating System   : Ubuntu 24.04.4 LTS
# Processor Detail   : AMD EPYC 9V45 96-Core Processor
# CPU Frequency      : 2596.121 MHz
# CPU Physical cores : 4
# CPU Logical cores  : 8
# Host memory        : 33652 MB
# Swap memory        : 0 MB
# Total Virtual      : 33652 MB
# Available Virtual  : 30333 MB
#-----------------------------------------------------------
open_checkpoint {/home/fpl2026/fpl26_contest_benchmarks/logicnets_jscl_2025.1.dcp}
puts {__timing_summary_8056b22a__}; report_timing_summary -return_string
set contest_clk [get_clocks -quiet clk_fpl26contest]; if {$contest_clk ne {}} {   puts "CLOCK:clk_fpl26contest";   puts [get_property PERIOD $contest_clk]; } else {   set tp [get_timing_paths -max_paths 1 -setup];   if {$tp ne {}} {     set clk [get_property ENDPOINT_CLOCK $tp];     if {$clk ne {}} {       puts "CLOCK:$clk";       puts [get_property PERIOD [get_clocks $clk]];     }   } }
set clk_obj [get_clocks -quiet {clk_fpl26contest}]; if {$clk_obj ne {}} {   set tp [get_timing_paths -max_paths 1 -setup -to $clk_obj];   if {[llength $tp] > 0} {set wns_value [get_property SLACK $tp]} else {set wns_value 0.0}; } else {   set tp [get_timing_paths -max_paths 1 -slack_lesser_than 999];   if {[llength $tp] > 0} {set wns_value [get_property SLACK $tp]} else {set wns_value 0.0} }; puts {WNS_VALUE_BEGIN}; puts $wns_value; puts {WNS_VALUE_END}
set paths [get_timing_paths -max_paths 20 -setup -slack_lesser_than 0]; if {[llength $paths] == 0} {set paths [get_timing_paths -max_paths 20 -setup]}; foreach p $paths {   set slack [get_property SLACK $p];   set start [get_property STARTPOINT_PIN $p];   set end [get_property ENDPOINT_PIN $p];   if {$start eq {}} {set start [get_property STARTPOINT_CELL $p]};   if {$end eq {}} {set end [get_property ENDPOINT_CELL $p]};   puts "PATH|$slack|$start|$end"; }
report_timing -return_string -max_paths 1 -delay_type max
puts {__fanout_analysis_dc8e7f63__}; report_timing -return_string -max_paths 50 -delay_type max -sort_by slack
get_nets {layer1_inst/layer1_N28_inst/data_out[86]_i_2_0}
get_property PARENT [get_nets {layer1_inst/layer1_N28_inst/data_out[86]_i_2_0}]
get_nets {layer0_inst/layer0_N25_inst/M0w[5]}
get_property PARENT [get_nets {layer0_inst/layer0_N25_inst/M0w[5]}]
get_nets {layer1_inst/layer1_N37_inst/M1w[2]}
get_property PARENT [get_nets {layer1_inst/layer1_N37_inst/M1w[2]}]
get_nets {layer2_reg/M2w[166]}
get_property PARENT [get_nets {layer2_reg/M2w[166]}]
get_nets {layer0_inst/layer0_N3_inst/M0w[3]}
get_property PARENT [get_nets {layer0_inst/layer0_N3_inst/M0w[3]}]
get_nets {layer1_inst/layer1_N42_inst/data_out[127]_i_15_4}
get_property PARENT [get_nets {layer1_inst/layer1_N42_inst/data_out[127]_i_15_4}]
get_nets {layer0_inst/layer0_N29_inst/M0w[4]}
get_property PARENT [get_nets {layer0_inst/layer0_N29_inst/M0w[4]}]
get_nets {layer2_reg/M2w[30]}
get_property PARENT [get_nets {layer2_reg/M2w[30]}]
get_nets {layer1_inst/layer1_N0_inst/data_out[2]_i_12_1}
get_property PARENT [get_nets {layer1_inst/layer1_N0_inst/data_out[2]_i_12_1}]
get_nets {layer2_reg/M2w[108]}
get_property PARENT [get_nets {layer2_reg/M2w[108]}]
get_nets {layer1_inst/layer1_N44_inst/M1w[2]}
get_property PARENT [get_nets {layer1_inst/layer1_N44_inst/M1w[2]}]
get_nets {layer0_inst/layer0_N30_inst/M0w[1]}
get_property PARENT [get_nets {layer0_inst/layer0_N30_inst/M0w[1]}]
get_nets {layer0_inst/layer0_N31_inst/M0w[2]}
get_property PARENT [get_nets {layer0_inst/layer0_N31_inst/M0w[2]}]
get_nets {layer1_inst/layer1_N48_inst/M1w[5]}
get_property PARENT [get_nets {layer1_inst/layer1_N48_inst/M1w[5]}]
get_nets {layer2_inst/layer2_N171_inst/M2w[1]}
get_property PARENT [get_nets {layer2_inst/layer2_N171_inst/M2w[1]}]
get_nets {layer1_inst/layer1_N45_inst/M1w[0]}
get_property PARENT [get_nets {layer1_inst/layer1_N45_inst/M1w[0]}]
get_nets {layer2_reg/M2w[142]}
get_property PARENT [get_nets {layer2_reg/M2w[142]}]
get_nets {layer1_inst/layer1_N22_inst/data_out[67]_i_9_0}
get_property PARENT [get_nets {layer1_inst/layer1_N22_inst/data_out[67]_i_9_0}]
get_nets {layer1_inst/layer1_N9_inst/data_out_reg[28]_i_21_0}
get_property PARENT [get_nets {layer1_inst/layer1_N9_inst/data_out_reg[28]_i_21_0}]
get_nets {layer0_inst/layer0_N19_inst/M0w[8]}
get_property PARENT [get_nets {layer0_inst/layer0_N19_inst/M0w[8]}]
get_nets {layer0_inst/layer0_N20_inst/M0w[0]}
get_property PARENT [get_nets {layer0_inst/layer0_N20_inst/M0w[0]}]
get_nets {layer1_inst/layer1_N44_inst/data_out_reg[133]_i_21_1}
get_property PARENT [get_nets {layer1_inst/layer1_N44_inst/data_out_reg[133]_i_21_1}]
get_nets {layer2_reg/data_out_reg[191]_0[83]}
get_property PARENT [get_nets {layer2_reg/data_out_reg[191]_0[83]}]
get_nets {layer2_reg/data_out_reg[91]_rep_n_0}
get_property PARENT [get_nets {layer2_reg/data_out_reg[91]_rep_n_0}]
get_nets {layer1_inst/layer1_N33_inst/data_out[100]_i_7_0}
get_property PARENT [get_nets {layer1_inst/layer1_N33_inst/data_out[100]_i_7_0}]
report_timing -return_string -max_paths 50 -delay_type max -sort_by slack -nworst 1
puts {__get_wns_40702f6e__}; set clk_obj [get_clocks -quiet {clk_fpl26contest}]; if {$clk_obj ne {}} {   set wns_path [get_timing_paths -max_paths 1 -setup -to $clk_obj];   if {[llength $wns_path] > 0} {get_property SLACK $wns_path} else {puts 0.0} } else {puts {ERROR: clock not found}}
set paths [get_timing_paths -max_paths 20 -setup -slack_lesser_than 0]; if {[llength $paths] == 0} {set paths [get_timing_paths -max_paths 20 -setup]}; foreach p $paths {   set slack [get_property SLACK $p];   set start [get_property STARTPOINT_PIN $p];   set end [get_property ENDPOINT_PIN $p];   if {$start eq {}} {set start [get_property STARTPOINT_CELL $p]};   if {$end eq {}} {set end [get_property ENDPOINT_CELL $p]};   puts "PATH|$slack|$start|$end"; }
report_timing -return_string -max_paths 1 -delay_type max
report_design_analysis -congestion -return_string
set _s [lindex [get_sites -quiet -of_objects [get_cells -quiet {layer0_reg/data_out_reg[41]}]] 0]; if {$_s ne {}} {puts "CLOCKREGION|layer0_reg/data_out_reg[41]|[get_property CLOCK_REGION $_s]"} ; set _s [lindex [get_sites -quiet -of_objects [get_cells -quiet {layer1_reg/data_out_reg[76]_rep__0}]] 0]; if {$_s ne {}} {puts "CLOCKREGION|layer1_reg/data_out_reg[76]_rep__0|[get_property CLOCK_REGION $_s]"} ; set _s [lindex [get_sites -quiet -of_objects [get_cells -quiet {layer1_reg/data_out_reg[76]_rep__2}]] 0]; if {$_s ne {}} {puts "CLOCKREGION|layer1_reg/data_out_reg[76]_rep__2|[get_property CLOCK_REGION $_s]"}
puts {__get_wns_2d33fb9a__}; set clk_obj [get_clocks -quiet {clk_fpl26contest}]; if {$clk_obj ne {}} {   set wns_path [get_timing_paths -max_paths 1 -setup -to $clk_obj];   if {[llength $wns_path] > 0} {get_property SLACK $wns_path} else {puts 0.0} } else {puts {ERROR: clock not found}}
set paths [get_timing_paths -max_paths 20 -setup -slack_lesser_than 0]; if {[llength $paths] == 0} {set paths [get_timing_paths -max_paths 20 -setup]}; foreach p $paths {   set slack [get_property SLACK $p];   set start [get_property STARTPOINT_PIN $p];   set end [get_property ENDPOINT_PIN $p];   if {$start eq {}} {set start [get_property STARTPOINT_CELL $p]};   if {$end eq {}} {set end [get_property ENDPOINT_CELL $p]};   puts "PATH|$slack|$start|$end"; }
report_timing -return_string -max_paths 1 -delay_type max
report_design_analysis -congestion -return_string
set _s [lindex [get_sites -quiet -of_objects [get_cells -quiet {layer0_reg/data_out_reg[41]}]] 0]; if {$_s ne {}} {puts "CLOCKREGION|layer0_reg/data_out_reg[41]|[get_property CLOCK_REGION $_s]"} ; set _s [lindex [get_sites -quiet -of_objects [get_cells -quiet {layer1_reg/data_out_reg[76]_rep__0}]] 0]; if {$_s ne {}} {puts "CLOCKREGION|layer1_reg/data_out_reg[76]_rep__0|[get_property CLOCK_REGION $_s]"} ; set _s [lindex [get_sites -quiet -of_objects [get_cells -quiet {layer1_reg/data_out_reg[76]_rep__2}]] 0]; if {$_s ne {}} {puts "CLOCKREGION|layer1_reg/data_out_reg[76]_rep__2|[get_property CLOCK_REGION $_s]"}
report_timing -return_string -max_paths 20 -delay_type max -sort_by slack -nworst 1
close_design
open_checkpoint {/home/fpl2026/dcp_optimizer_run-20260712_021838/cell_placement_iter_002.dcp}
set _unplaced [llength [get_cells -quiet -hierarchical -filter {IS_PRIMITIVE && STATUS == UNPLACED}]]; puts "STATE_UNPLACED:$_unplaced"
close_design
open_checkpoint {/home/fpl2026/fpl26_contest_benchmarks/logicnets_jscl_2025.1.dcp}
puts {__get_wns_868f8454__}; set clk_obj [get_clocks -quiet {clk_fpl26contest}]; if {$clk_obj ne {}} {   set wns_path [get_timing_paths -max_paths 1 -setup -to $clk_obj];   if {[llength $wns_path] > 0} {get_property SLACK $wns_path} else {puts 0.0} } else {puts {ERROR: clock not found}}
set paths [get_timing_paths -max_paths 20 -setup -slack_lesser_than 0]; if {[llength $paths] == 0} {set paths [get_timing_paths -max_paths 20 -setup]}; foreach p $paths {   set slack [get_property SLACK $p];   set start [get_property STARTPOINT_PIN $p];   set end [get_property ENDPOINT_PIN $p];   if {$start eq {}} {set start [get_property STARTPOINT_CELL $p]};   if {$end eq {}} {set end [get_property ENDPOINT_CELL $p]};   puts "PATH|$slack|$start|$end"; }
report_timing -return_string -max_paths 1 -delay_type max
report_design_analysis -congestion -return_string
set _s [lindex [get_sites -quiet -of_objects [get_cells -quiet {layer0_reg/data_out_reg[41]}]] 0]; if {$_s ne {}} {puts "CLOCKREGION|layer0_reg/data_out_reg[41]|[get_property CLOCK_REGION $_s]"} ; set _s [lindex [get_sites -quiet -of_objects [get_cells -quiet {layer1_reg/data_out_reg[76]_rep__0}]] 0]; if {$_s ne {}} {puts "CLOCKREGION|layer1_reg/data_out_reg[76]_rep__0|[get_property CLOCK_REGION $_s]"} ; set _s [lindex [get_sites -quiet -of_objects [get_cells -quiet {layer1_reg/data_out_reg[76]_rep__2}]] 0]; if {$_s ne {}} {puts "CLOCKREGION|layer1_reg/data_out_reg[76]_rep__2|[get_property CLOCK_REGION $_s]"}
place_design -directive AltSpreadLogic_high
set locked_cells [get_cells -filter {IS_LOC_FIXED == 1}]; if {[llength $locked_cells] > 0} {; set_property IS_LOC_FIXED 0 $locked_cells; set_property IS_BEL_FIXED 0 $locked_cells; }; set locked_nets [get_nets -filter {DONT_TOUCH == 1}]; if {[llength $locked_nets] > 0} {; set_property DONT_TOUCH 0 $locked_nets; }
puts {__route_status_15f0e293__}; report_route_status -return_string
route_design -directive {Default} -preserve_fixed_routes
report_route_status -return_string
puts {__timing_summary_be1be6f6__}; report_timing_summary -return_string
set clk_obj [get_clocks -quiet {clk_fpl26contest}]; if {$clk_obj ne {}} {   set tp [get_timing_paths -max_paths 1 -setup -to $clk_obj];   if {[llength $tp] > 0} {set wns_value [get_property SLACK $tp]} else {set wns_value 0.0}; } else {   set tp [get_timing_paths -max_paths 1 -slack_lesser_than 999];   if {[llength $tp] > 0} {set wns_value [get_property SLACK $tp]} else {set wns_value 0.0} }; puts {WNS_VALUE_BEGIN}; puts $wns_value; puts {WNS_VALUE_END}
set _unplaced [llength [get_cells -quiet -hierarchical -filter {IS_PRIMITIVE && STATUS == UNPLACED}]]; puts "STATE_UNPLACED:$_unplaced"
close_design
open_checkpoint {/home/fpl2026/fpl26_contest_benchmarks/logicnets_jscl_2025.1.dcp}
puts {__get_wns_60f26613__}; set clk_obj [get_clocks -quiet {clk_fpl26contest}]; if {$clk_obj ne {}} {   set wns_path [get_timing_paths -max_paths 1 -setup -to $clk_obj];   if {[llength $wns_path] > 0} {get_property SLACK $wns_path} else {puts 0.0} } else {puts {ERROR: clock not found}}
puts {__get_wns_8b266d87__}; set clk_obj [get_clocks -quiet {clk_fpl26contest}]; if {$clk_obj ne {}} {   set wns_path [get_timing_paths -max_paths 1 -setup -to $clk_obj];   if {[llength $wns_path] > 0} {get_property SLACK $wns_path} else {puts 0.0} } else {puts {ERROR: clock not found}}
set paths [get_timing_paths -max_paths 20 -setup -slack_lesser_than 0]; if {[llength $paths] == 0} {set paths [get_timing_paths -max_paths 20 -setup]}; foreach p $paths {   set slack [get_property SLACK $p];   set start [get_property STARTPOINT_PIN $p];   set end [get_property ENDPOINT_PIN $p];   if {$start eq {}} {set start [get_property STARTPOINT_CELL $p]};   if {$end eq {}} {set end [get_property ENDPOINT_CELL $p]};   puts "PATH|$slack|$start|$end"; }
report_timing -return_string -max_paths 1 -delay_type max
report_design_analysis -congestion -return_string
set _s [lindex [get_sites -quiet -of_objects [get_cells -quiet {layer0_reg/data_out_reg[41]}]] 0]; if {$_s ne {}} {puts "CLOCKREGION|layer0_reg/data_out_reg[41]|[get_property CLOCK_REGION $_s]"} ; set _s [lindex [get_sites -quiet -of_objects [get_cells -quiet {layer1_reg/data_out_reg[76]_rep__0}]] 0]; if {$_s ne {}} {puts "CLOCKREGION|layer1_reg/data_out_reg[76]_rep__0|[get_property CLOCK_REGION $_s]"} ; set _s [lindex [get_sites -quiet -of_objects [get_cells -quiet {layer1_reg/data_out_reg[76]_rep__2}]] 0]; if {$_s ne {}} {puts "CLOCKREGION|layer1_reg/data_out_reg[76]_rep__2|[get_property CLOCK_REGION $_s]"}
if {[llength [get_pblocks -quiet]] > 0} {delete_pblocks [get_pblocks]}
place_design -unplace
create_pblock pblock_full_replace_004
resize_pblock pblock_full_replace_004 -add {SLICE_X0Y240:SLICE_X59Y299}
set_property IS_SOFT 0 [get_pblocks pblock_full_replace_004]
add_cells_to_pblock pblock_full_replace_004 [get_cells -hierarchical]
llength [get_cells -of_objects [get_pblocks pblock_full_replace_004]]
report_property [get_pblocks pblock_full_replace_004]
report_drc -checks {UTLZ-1 UTLZ-2} -file {/home/fpl2026/VivadoMCP/drc_check_pblock_full_replace_004.rpt}
file size {/home/fpl2026/VivadoMCP/drc_check_pblock_full_replace_004.rpt}
report_property [get_pblocks pblock_full_replace_004]
place_design -directive Default
close_design
open_checkpoint {/home/fpl2026/fpl26_contest_benchmarks/logicnets_jscl_2025.1.dcp}
close_design
open_checkpoint {/home/fpl2026/fpl26_contest_benchmarks/logicnets_jscl_2025.1.dcp}
puts {__get_wns_70b94f0c__}; set clk_obj [get_clocks -quiet {clk_fpl26contest}]; if {$clk_obj ne {}} {   set wns_path [get_timing_paths -max_paths 1 -setup -to $clk_obj];   if {[llength $wns_path] > 0} {get_property SLACK $wns_path} else {puts 0.0} } else {puts {ERROR: clock not found}}
set paths [get_timing_paths -max_paths 20 -setup -slack_lesser_than 0]; if {[llength $paths] == 0} {set paths [get_timing_paths -max_paths 20 -setup]}; foreach p $paths {   set slack [get_property SLACK $p];   set start [get_property STARTPOINT_PIN $p];   set end [get_property ENDPOINT_PIN $p];   if {$start eq {}} {set start [get_property STARTPOINT_CELL $p]};   if {$end eq {}} {set end [get_property ENDPOINT_CELL $p]};   puts "PATH|$slack|$start|$end"; }
report_timing -return_string -max_paths 1 -delay_type max
report_design_analysis -congestion -return_string
set _s [lindex [get_sites -quiet -of_objects [get_cells -quiet {layer0_reg/data_out_reg[41]}]] 0]; if {$_s ne {}} {puts "CLOCKREGION|layer0_reg/data_out_reg[41]|[get_property CLOCK_REGION $_s]"} ; set _s [lindex [get_sites -quiet -of_objects [get_cells -quiet {layer1_reg/data_out_reg[76]_rep__0}]] 0]; if {$_s ne {}} {puts "CLOCKREGION|layer1_reg/data_out_reg[76]_rep__0|[get_property CLOCK_REGION $_s]"} ; set _s [lindex [get_sites -quiet -of_objects [get_cells -quiet {layer1_reg/data_out_reg[76]_rep__2}]] 0]; if {$_s ne {}} {puts "CLOCKREGION|layer1_reg/data_out_reg[76]_rep__2|[get_property CLOCK_REGION $_s]"}
report_timing -return_string -max_paths 3 -delay_type max -sort_by slack -nworst 1
close_design
open_checkpoint {/home/fpl2026/dcp_optimizer_run-20260712_021838/cell_placement_iter_005.dcp}
set _unplaced [llength [get_cells -quiet -hierarchical -filter {IS_PRIMITIVE && STATUS == UNPLACED}]]; puts "STATE_UNPLACED:$_unplaced"
close_design
open_checkpoint {/home/fpl2026/fpl26_contest_benchmarks/logicnets_jscl_2025.1.dcp}
close_design
open_checkpoint {/home/fpl2026/fpl26_contest_benchmarks/logicnets_jscl_2025.1.dcp}
