#-----------------------------------------------------------
# Vivado v2025.1 (64-bit)
# SW Build 6140274 on Wed May 21 22:58:25 MDT 2025
# IP Build 6138677 on Thu May 22 03:10:11 MDT 2025
# SharedData Build 6139179 on Tue May 20 17:58:58 MDT 2025
# Start of session at: Tue Jun 23 14:25:42 2026
# Process ID         : 181662
# Current directory  : /home/kn33/fpl26/fpl2026/dcp_optimizer_run-20260623_142534
# Command line       : vivado -mode tcl -log /home/kn33/fpl26/fpl2026/dcp_optimizer_run-20260623_142534/vivado.log -journal /home/kn33/fpl26/fpl2026/dcp_optimizer_run-20260623_142534/vivado.jou
# Log file           : /home/kn33/fpl26/fpl2026/dcp_optimizer_run-20260623_142534/vivado.log
# Journal file       : /home/kn33/fpl26/fpl2026/dcp_optimizer_run-20260623_142534/vivado.jou
# Running On         : linux-ssh-05.ews.illinois.edu
# Platform           : RedHatEnterprise
# Operating System   : Red Hat Enterprise Linux 9.8 (Plow)
# Processor Detail   : Intel(R) Xeon(R) Silver 4216 CPU @ 2.10GHz
# CPU Frequency      : 2095.077 MHz
# CPU Physical cores : 12
# CPU Logical cores  : 12
# Host memory        : 24893 MB
# Swap memory        : 4294 MB
# Total Virtual      : 29188 MB
# Available Virtual  : 16905 MB
#-----------------------------------------------------------
open_checkpoint {/home/kn33/fpl26/fpl2026/fpl26_contest_benchmarks/logicnets_jscl_2025.1.dcp}
puts {timing_summary_start}
report_timing_summary -return_string
set contest_clk [get_clocks -quiet clk_fpl26contest]; if {$contest_clk ne {}} {   puts "CLOCK:clk_fpl26contest";   puts [get_property PERIOD $contest_clk]; } else {   set tp [get_timing_paths -max_paths 1 -setup];   if {$tp ne {}} {     set clk [get_property ENDPOINT_CLOCK $tp];     if {$clk ne {}} {       puts "CLOCK:$clk";       puts [get_property PERIOD [get_clocks $clk]];     }   } }
set clk_obj [get_clocks -quiet {clk_fpl26contest}]; if {$clk_obj ne {}} {   set tp [get_timing_paths -max_paths 1 -setup -to $clk_obj];   if {[llength $tp] > 0} {get_property SLACK $tp} else {puts 0.0} } else {   set tp [get_timing_paths -max_paths 1 -slack_lesser_than 999];   if {[llength $tp] > 0} {get_property SLACK $tp} else {puts 0.0} }
puts {fanout_analysis_start}
report_timing -return_string -max_paths 50 -delay_type max -sort_by slack
get_nets {layer1_inst/layer1_N28_inst/data_out[86]_i_2_0}
get_property PARENT [get_nets {layer1_inst/layer1_N28_inst/data_out[86]_i_2_0}]
get_nets {layer0_inst/layer0_N25_inst/M0w[5]}
get_property PARENT [get_nets {layer0_inst/layer0_N25_inst/M0w[5]}]
get_nets {layer1_inst/layer1_N37_inst/M1w[2]}
get_property PARENT [get_nets {layer1_inst/layer1_N37_inst/M1w[2]}]
get_nets {layer2_reg/M2w[166]}
get_property PARENT [get_nets {layer2_reg/M2w[166]}]
get_nets {layer0_inst/layer0_N3_inst/M0w[3]}
get_property PARENT [get_nets {layer0_inst/layer0_N3_inst/M0w[3]}]
get_nets {layer1_inst/layer1_N42_inst/data_out[127]_i_15_4}
get_property PARENT [get_nets {layer1_inst/layer1_N42_inst/data_out[127]_i_15_4}]
get_nets {layer0_inst/layer0_N29_inst/M0w[4]}
get_property PARENT [get_nets {layer0_inst/layer0_N29_inst/M0w[4]}]
get_nets {layer2_reg/M2w[30]}
get_property PARENT [get_nets {layer2_reg/M2w[30]}]
get_nets {layer1_inst/layer1_N0_inst/data_out[2]_i_12_1}
get_property PARENT [get_nets {layer1_inst/layer1_N0_inst/data_out[2]_i_12_1}]
get_nets {layer2_reg/M2w[108]}
get_property PARENT [get_nets {layer2_reg/M2w[108]}]
get_nets {layer1_inst/layer1_N44_inst/M1w[2]}
get_property PARENT [get_nets {layer1_inst/layer1_N44_inst/M1w[2]}]
get_nets {layer0_inst/layer0_N30_inst/M0w[1]}
get_property PARENT [get_nets {layer0_inst/layer0_N30_inst/M0w[1]}]
get_nets {layer0_inst/layer0_N31_inst/M0w[2]}
get_property PARENT [get_nets {layer0_inst/layer0_N31_inst/M0w[2]}]
get_nets {layer1_inst/layer1_N48_inst/M1w[5]}
get_property PARENT [get_nets {layer1_inst/layer1_N48_inst/M1w[5]}]
get_nets {layer2_inst/layer2_N171_inst/M2w[1]}
get_property PARENT [get_nets {layer2_inst/layer2_N171_inst/M2w[1]}]
get_nets {layer1_inst/layer1_N45_inst/M1w[0]}
get_property PARENT [get_nets {layer1_inst/layer1_N45_inst/M1w[0]}]
get_nets {layer2_reg/M2w[142]}
get_property PARENT [get_nets {layer2_reg/M2w[142]}]
get_nets {layer1_inst/layer1_N22_inst/data_out[67]_i_9_0}
get_property PARENT [get_nets {layer1_inst/layer1_N22_inst/data_out[67]_i_9_0}]
get_nets {layer1_inst/layer1_N9_inst/data_out_reg[28]_i_21_0}
get_property PARENT [get_nets {layer1_inst/layer1_N9_inst/data_out_reg[28]_i_21_0}]
get_nets {layer0_inst/layer0_N19_inst/M0w[8]}
get_property PARENT [get_nets {layer0_inst/layer0_N19_inst/M0w[8]}]
get_nets {layer0_inst/layer0_N20_inst/M0w[0]}
get_property PARENT [get_nets {layer0_inst/layer0_N20_inst/M0w[0]}]
get_nets {layer1_inst/layer1_N44_inst/data_out_reg[133]_i_21_1}
get_property PARENT [get_nets {layer1_inst/layer1_N44_inst/data_out_reg[133]_i_21_1}]
get_nets {layer2_reg/data_out_reg[191]_0[83]}
get_property PARENT [get_nets {layer2_reg/data_out_reg[191]_0[83]}]
get_nets {layer2_reg/data_out_reg[91]_rep_n_0}
get_property PARENT [get_nets {layer2_reg/data_out_reg[91]_rep_n_0}]
get_nets {layer1_inst/layer1_N33_inst/data_out[100]_i_7_0}
get_property PARENT [get_nets {layer1_inst/layer1_N33_inst/data_out[100]_i_7_0}]
report_timing -return_string -max_paths 50 -delay_type max -sort_by slack -nworst 1
